03-01 18:22:02.291  2171  2171 I NetworkSpeedView: /update(), speed=31.1K/s parent class:class com.android.systemui.statusbar.HwSystemIcons
03-01 18:22:02.318  2171  2171 I NetworkSpeedManagerEx: mIsStop = false
03-01 18:22:02.322  2171  2171 I NetworkSpeedManagerEx: value=28765.0speed = 28.1K/s
03-01 18:22:02.322  2171  2171 I NetworkSpeedView: /update(), speed=28.1K/s parent class:class com.android.systemui.statusbar.HwSystemIcons
03-01 18:22:02.415  2768  2768 W ChimeraUtils: Non Chimera context
03-01 18:22:03.053  2768  2768 W ChimeraUtils: Non Chimera context
03-01 18:22:03.259   690   690 E         : [E/capacity_limit_control] not demo version, not set power control prop!
03-01 18:22:03.484  1796  1852 I EventHub: EventHub monitor: no motion events in the past 193s
03-01 18:22:03.615  1796  1949 I qti_sensors_hal: [LightSensor]processReportInd: the skip  luxValue  ItemData[0]:120000,ItemData[1]:120000, lux:18.000000,cct:18.000000
03-01 18:22:03.692  2768  2768 W ChimeraUtils: Non Chimera context
03-01 18:22:03.950  1796  1949 I qti_sensors_hal: [LightSensor]processReportInd: the skip  luxValue  ItemData[0]:170000,ItemData[1]:170000, lux:23.000000,cct:23.000000
03-01 18:22:04.062  2768  2768 W ChimeraUtils: Non Chimera context
03-01 18:22:04.082  1796  2132 I qti_sensors_hal: batch,376,handle 1, timeout:0 ,period_ns:300000000
03-01 18:22:04.082  1796  2132 I qti_sensors_hal: batch:sensor(android.sensor.light) handle:1 flags:0x0 period_ns 300000000
03-01 18:22:04.083  1796  2132 I qti_sensors_hal: batch:sensor(android.sensor.light) sample_rate=3.333333Hz report_rate_f=0.000000Hz curr sample rate:3.333333 cur rpt rate:0 max:25.000000 min:0.015259
03-01 18:22:04.083  1796  2132 I qti_sensors_hal: batch: current sample rate, report rate & buffering are equal to requested (3.333333,0.000000,0)
03-01 18:22:04.655  2768  2768 W ChimeraUtils: Non Chimera context
03-01 18:22:05.295  2171  2171 I NetworkSpeedManagerEx: mIsStop = false
03-01 18:22:05.300  2171  2171 I NetworkSpeedManagerEx: value=9852.333speed = 9.6K/s
03-01 18:22:05.300  2171  2171 I NetworkSpeedView: /update(), speed=9.6K/s parent class:class com.android.systemui.statusbar.HwSystemIcons
03-01 18:22:05.323  2171  2171 I NetworkSpeedManagerEx: mIsStop = false
03-01 18:22:05.329  2171  2171 I NetworkSpeedManagerEx: value=10593.667speed = 10.3K/s
03-01 18:22:05.329  2171  2171 I NetworkSpeedView: /update(), speed=10.3K/s parent class:class com.android.systemui.statusbar.HwSystemIcons
03-01 18:22:05.358  2768  2768 W ChimeraUtils: Non Chimera context
03-01 18:22:05.697  2768  2768 W ChimeraUtils: Non Chimera context
03-01 18:22:06.258  2768  2768 W ChimeraUtils: Non Chimera context
03-01 18:22:06.762  1796  3407 I SendBroadcastPermission: action:android.intent.action.SIG_STR, mPermissionType:0
03-01 18:22:06.762  1796  1796 I MQoS    : onSignal: mSubId=1,currDataSubID=0
03-01 18:22:06.763  1796  1796 I MQoS    : received cell-signal:5
03-01 18:22:06.768  2171  2254 I HwMobileSignalController: subId:1 phoneType:1 networktype:3 targetClass:2 masterLevel:4 slaveLevel:-1
03-01 18:22:06.802  2768  2783 I art     : Background partial concurrent mark sweep GC freed 80603(5MB) AllocSpace objects, 0(0B) LOS objects, 48% free, 12MB/24MB, paused 1.470ms total 140.848ms
03-01 18:22:06.921  2768  2768 W ChimeraUtils: Non Chimera context
03-01 18:22:07.692  2768  2768 W ChimeraUtils: Non Chimera context
03-01 18:22:07.739   656   656 E Thermal-daemon: [ap] temp_new :45  temp_old :44
03-01 18:22:07.739  2422  4191 I ThermalService: Receive temperature change, type: 0, temp: 45 from thermald
03-01 18:22:07.740   656   656 E Thermal-daemon: Report temperature: [ap] temp :45  report_threshold:1
03-01 18:22:07.740  2422  4163 I LowBatteryManager: Only handle msg event!
03-01 18:22:08.199  1796  1796 I MQoS    : onSignal: mSubId=1,currDataSubID=0
03-01 18:22:08.199  1796  1796 I MQoS    : received cell-signal:5
03-01 18:22:08.200  1796  2605 I SendBroadcastPermission: action:android.intent.action.SIG_STR, mPermissionType:0
03-01 18:22:08.208  2171  2254 I HwMobileSignalController: subId:1 phoneType:1 networktype:3 targetClass:2 masterLevel:4 slaveLevel:-1
03-01 18:22:08.267   690   690 E         : [E/capacity_limit_control] not demo version, not set power control prop!
03-01 18:22:08.305  2171  2171 I NetworkSpeedManagerEx: mIsStop = false
03-01 18:22:08.309  2171  2171 I NetworkSpeedManagerEx: value=12724.333speed = 12.4K/s
03-01 18:22:08.309  2171  2171 I NetworkSpeedView: /update(), speed=12.4K/s parent class:class com.android.systemui.statusbar.HwSystemIcons
03-01 18:22:08.329  2171  2171 I NetworkSpeedManagerEx: mIsStop = false
03-01 18:22:08.334  2171  2171 I NetworkSpeedManagerEx: value=11983.0speed = 11.7K/s
03-01 18:22:08.334  2171  2171 I NetworkSpeedView: /update(), speed=11.7K/s parent class:class com.android.systemui.statusbar.HwSystemIcons
03-01 18:22:08.420  2768  2768 W ChimeraUtils: Non Chimera context
03-01 18:22:08.781  2768  2768 W ChimeraUtils: Non Chimera context
03-01 18:22:09.143  2768  2768 W ChimeraUtils: Non Chimera context
03-01 18:22:09.232  1796  1993 W AlarmManager: mIsScreenOn is: true, WAKEUP alarm trigger action = com.android.intent.action.HEARTBEAT_FIXER package name is: android
03-01 18:22:09.232  1796  1993 W AlarmManager: mIsScreenOn is: true, WAKEUP alarm talarm.operation == null,package name is: android listenerTag is: *job.delay* creator uid is: 1000
03-01 18:22:09.234  1796  1796 I SendBroadcastPermission: action:com.google.android.intent.action.GTALK_HEARTBEAT, mPermissionType:0
03-01 18:22:09.236  1796  1796 I SendBroadcastPermission: action:com.google.android.intent.action.MCS_HEARTBEAT, mPermissionType:0
03-01 18:22:09.270 11970 12002 I Appboy v3.2.1 .bo.app.r: Adding request to dispatcher with parameters: 
03-01 18:22:09.270 11970 12002 I Appboy v3.2.1 .bo.app.r: {}
03-01 18:22:09.278 11970 12037 I Appboy v3.2.1 .bo.app.dg: Short circuiting execution of network request and immediately marking it as succeeded.
03-01 18:22:09.278 11970 12037 I Appboy v3.2.1 .bo.app.ab: Event was published, but no subscribers were found. Saving event for later publishing to a matching subscriber. Event class: class bo.app.al
03-01 18:22:09.278 11970 12037 I Appboy v3.2.1 .bo.app.ab: Event was published, but no subscribers were found. Saving event for later publishing to a matching subscriber. Event class: class bo.app.ah
03-01 18:22:09.279 11970 12037 I Appboy v3.2.1 .bo.app.dm: Notifying confirmAndUnlock listeners
03-01 18:22:09.279 11970 12037 I Appboy v3.2.1 .bo.app.dm: Notifying confirmAndUnlock listeners
03-01 18:22:09.311  2768  4727 E ExecutionCriteria: Package unavailable for task: com.google.android.apps.plus/com.firebase.jobdispatcher.GooglePlayReceiver{u=0 tag="SyncTask1_" trigger=window{start=900s,end=2539s,earliest=-21376475s,latest=-21374836s} requirements=[NET_ANY,CHARGING] attributes=[PERSISTED] scheduled=-21377375s last_run=N/A jid=N/A status=PENDING retries=0 client_lib=FIREBASE_JOB_DISPATCHER-1}
03-01 18:22:09.313  2768  4727 E ExecutionCriteria: Package unavailable for task: com.google.android.apps.plus/com.firebase.jobdispatcher.GooglePlayReceiver{u=0 tag="SyncTask" trigger=window{start=155181s,end=156697s,earliest=-21222194s,latest=-21220678s} requirements=[NET_ANY] attributes=[PERSISTED] scheduled=-21377375s last_run=N/A jid=N/A status=PENDING retries=0 client_lib=FIREBASE_JOB_DISPATCHER-1}
03-01 18:22:09.319 11626 11626 I HiWiServiceBD: onStartJob
03-01 18:22:09.319  2768  4727 E ExecutionCriteria: Package unavailable for task: com.google.android.apps.magazines/com.google.apps.dots.android.newsstand.pushmessage.PushMessageRegistrationService{u=0 tag="PushMessageRegistrationService.GCMSync1" trigger=window{start=814499s,end=814529s,earliest=-14149102s,latest=-14149072s} requirements=[NET_CONNECTED] attributes=[PERSISTED] scheduled=-14963601s last_run=N/A jid=N/A status=PENDING retries=0 client_lib=MANCHEGO_GCM-12525000}
03-01 18:22:09.321  2768  4727 E ExecutionCriteria: Package unavailable for task: com.google.android.apps.magazines/com.google.apps.dots.android.newsstand.pushmessage.PushMessageRegistrationService{u=0 tag="PushMessageRegistrationService.GCMSync2" trigger=window{start=1628998s,end=1629028s,earliest=-13334603s,latest=-13334573s} requirements=[NET_CONNECTED] attributes=[PERSISTED] scheduled=-14963601s last_run=N/A jid=N/A status=PENDING retries=0 client_lib=MANCHEGO_GCM-12525000}
03-01 18:22:09.323  2768  4727 E ExecutionCriteria: Package unavailable for task: com.google.android.apps.magazines/com.google.apps.dots.android.newsstand.pushmessage.PushMessageRegistrationService{u=0 tag="PushMessageRegistrationService.GCMSync3" trigger=window{start=2443497s,end=2443527s,earliest=-12520104s,latest=-12520074s} requirements=[NET_CONNECTED] attributes=[PERSISTED] scheduled=-14963601s last_run=N/A jid=N/A status=PENDING retries=0 client_lib=MANCHEGO_GCM-12525000}
03-01 18:22:09.329 11626 11626 I HiWiServiceBD: hour = 18
03-01 18:22:09.331 11626 11626 I HiWiServiceBD: simCountryIso=ma
03-01 18:22:09.336 11626 11626 I HiWiServiceBD: compareCountrycode not exist
03-01 18:22:09.336 11626 11626 I HiWiServiceBD: unSupported Country code
03-01 18:22:09.338 11626 11626 I HiWiServiceBD: compareCountrycode not exist
03-01 18:22:09.374  2768  4727 E ExecutionCriteria: Package unavailable for task: com.google.android.apps.plus/com.firebase.jobdispatcher.GooglePlayReceiver{u=0 tag="SyncTask1_" trigger=window{start=900s,end=2539s,earliest=-21376475s,latest=-21374836s} requirements=[NET_ANY,CHARGING] attributes=[PERSISTED] scheduled=-21377375s last_run=N/A jid=N/A status=PENDING retries=0 client_lib=FIREBASE_JOB_DISPATCHER-1}
03-01 18:22:09.375  2768  4727 E ExecutionCriteria: Package unavailable for task: com.google.android.apps.plus/com.firebase.jobdispatcher.GooglePlayReceiver{u=0 tag="SyncTask" trigger=window{start=155181s,end=156697s,earliest=-21222194s,latest=-21220678s} requirements=[NET_ANY] attributes=[PERSISTED] scheduled=-21377375s last_run=N/A jid=N/A status=PENDING retries=0 client_lib=FIREBASE_JOB_DISPATCHER-1}
03-01 18:22:09.379  2768  4727 E ExecutionCriteria: Package unavailable for task: com.google.android.apps.magazines/com.google.apps.dots.android.newsstand.pushmessage.PushMessageRegistrationService{u=0 tag="PushMessageRegistrationService.GCMSync1" trigger=window{start=814499s,end=814529s,earliest=-14149103s,latest=-14149073s} requirements=[NET_CONNECTED] attributes=[PERSISTED] scheduled=-14963602s last_run=N/A jid=N/A status=PENDING retries=0 client_lib=MANCHEGO_GCM-12525000}
03-01 18:22:09.380  2768  4727 E ExecutionCriteria: Package unavailable for task: com.google.android.apps.magazines/com.google.apps.dots.android.newsstand.pushmessage.PushMessageRegistrationService{u=0 tag="PushMessageRegistrationService.GCMSync2" trigger=window{start=1628998s,end=1629028s,earliest=-13334604s,latest=-13334574s} requirements=[NET_CONNECTED] attributes=[PERSISTED] scheduled=-14963602s last_run=N/A jid=N/A status=PENDING retries=0 client_lib=MANCHEGO_GCM-12525000}
03-01 18:22:09.382  2768  4727 E ExecutionCriteria: Package unavailable for task: com.google.android.apps.magazines/com.google.apps.dots.android.newsstand.pushmessage.PushMessageRegistrationService{u=0 tag="PushMessageRegistrationService.GCMSync3" trigger=window{start=2443497s,end=2443527s,earliest=-12520105s,latest=-12520075s} requirements=[NET_CONNECTED] attributes=[PERSISTED] scheduled=-14963602s last_run=N/A jid=N/A status=PENDING retries=0 client_lib=MANCHEGO_GCM-12525000}
03-01 18:22:09.542  1796  1807 I art     : Background partial concurrent mark sweep GC freed 31934(1783KB) AllocSpace objects, 0(0B) LOS objects, 22% free, 42MB/54MB, paused 4.171ms total 283.809ms
03-01 18:22:10.087  2768  2768 W ChimeraUtils: Non Chimera context
03-01 18:22:10.250  2768  2768 I BeaconBle: 'L' hardware scan: scan stopped, no clients
03-01 18:22:10.440  1796  1796 I MQoS    : onSignal: mSubId=1,currDataSubID=0
03-01 18:22:10.440  1796  1796 I MQoS    : received cell-signal:5
03-01 18:22:10.441  1796  2414 I SendBroadcastPermission: action:android.intent.action.SIG_STR, mPermissionType:0
03-01 18:22:10.448  2768  2768 W ChimeraUtils: Non Chimera context
03-01 18:22:10.449  2171  2254 I HwMobileSignalController: subId:1 phoneType:1 networktype:3 targetClass:2 masterLevel:4 slaveLevel:-1
03-01 18:22:10.666  1796  1949 I qti_sensors_hal: [LightSensor]processReportInd: the skip  luxValue  ItemData[0]:120000,ItemData[1]:120000, lux:18.000000,cct:18.000000
03-01 18:22:10.878  1796  6566 I MQoS    : MSG_QUERY_TCP_INFO called,count:48
03-01 18:22:10.878  1796  1796 I WifiProJNI: ######### CMD_QUERY_PKTS ########
03-01 18:22:10.878  1796  2076 I QosMonitor: postEventFromNative: msg=100,arg1=0,arg2=9
03-01 18:22:10.878  1796  2076 W WifiProJNI: poll before: g_monitor_fd =327
03-01 18:22:10.879  1796  1796 I MQoS    : rtt=0,tcp_tx_pkts=0,tcp_rx_pkts=0
03-01 18:22:10.883  1796  6566 I TrafficMonitor: getStatic,count:0,work status:false
03-01 18:22:10.883  1796  6566 I MQoS    : QOS_level:5(5),use RAT:4G;signalLvl:5
03-01 18:22:10.891  2768  2768 W ChimeraUtils: Non Chimera context
03-01 18:22:11.000  1796  1949 I qti_sensors_hal: [LightSensor]processReportInd: the skip  luxValue  ItemData[0]:140000,ItemData[1]:140000, lux:20.000000,cct:20.000000
03-01 18:22:11.313  2171  2171 I NetworkSpeedManagerEx: mIsStop = false
03-01 18:22:11.319  2171  2171 I NetworkSpeedManagerEx: value=10998.0speed = 10.7K/s
03-01 18:22:11.320  2171  2171 I NetworkSpeedView: /update(), speed=10.7K/s parent class:class com.android.systemui.statusbar.HwSystemIcons
03-01 18:22:11.326   594   594 I rmt_storage: rmt_storage_connect_cb: clnt_h=0x9 conn_h=0xb4c9a0e8
03-01 18:22:11.326   594   594 I rmt_storage: rmt_storage_rw_iovec_cb: /boot/modem_fs2: req_h=0x9 msg_id=3: R/W request received
03-01 18:22:11.326   594   594 I rmt_storage: wakelock acquired: 1, error no: 42
03-01 18:22:11.326   594  1138 I rmt_storage: rmt_storage_client_thread: /boot/modem_fs2: Unblock worker thread (th_id: -1265104608)
03-01 18:22:11.334  2171  2171 I NetworkSpeedManagerEx: mIsStop = false
03-01 18:22:11.340  2171  2171 I NetworkSpeedManagerEx: value=11804.333speed = 11.5K/s
03-01 18:22:11.340  2171  2171 I NetworkSpeedView: /update(), speed=11.5K/s parent class:class com.android.systemui.statusbar.HwSystemIcons
03-01 18:22:11.374  2768  2768 W ChimeraUtils: Non Chimera context
03-01 18:22:11.427   594  1138 I rmt_storage: rmt_storage_client_thread: /boot/modem_fs2: req_h=0x9 msg_id=3: Bytes written = 1572864
03-01 18:22:11.427   594  1138 I rmt_storage: rmt_storage_client_thread: /boot/modem_fs2: req_h=0x9 msg_id=3: Send response: res=0 err=0
03-01 18:22:11.427   594  1138 I rmt_storage: rmt_storage_client_thread: /boot/modem_fs2: About to block rmt_storage client thread (th_id: -1265104608) wakelock released: 1, error no: 0
03-01 18:22:11.427   594  1138 I rmt_storage: 
03-01 18:22:11.428   594   594 I rmt_storage: rmt_storage_disconnect_cb: clnt_h=0x9 conn_h=0xb4c9a0e8
03-01 18:22:12.016  2768  2768 W ChimeraUtils: Non Chimera context
03-01 18:22:12.409  2768  2768 W ChimeraUtils: Non Chimera context
03-01 18:22:12.606  1796  1796 I MQoS    : onSignal: mSubId=0,currDataSubID=0
03-01 18:22:12.606  1796  1796 I MQoS    : received cell-signal:5
03-01 18:22:12.607  1796  2605 I SendBroadcastPermission: action:android.intent.action.SIG_STR, mPermissionType:0
03-01 18:22:12.612  2171  2254 I HwMobileSignalController: subId:0 phoneType:1 networktype:13 targetClass:3 masterLevel:4 slaveLevel:-1
03-01 18:22:12.974  2768  2768 W ChimeraUtils: Non Chimera context
03-01 18:22:13.278   690   690 E         : [E/capacity_limit_control] not demo version, not set power control prop!
03-01 18:22:13.313  2768  2768 W ChimeraUtils: Non Chimera context
03-01 18:22:13.741  2768  2768 W ChimeraUtils: Non Chimera context
03-01 18:22:14.096  2768  2768 W ChimeraUtils: Non Chimera context
03-01 18:22:14.202  1796  1993 W AlarmManager: mIsScreenOn is: true, WAKEUP alarm trigger action = com.android.internal.policy.impl.PhoneWindowManager.DELAYED_KEYGUARD package name is: com.android.systemui
03-01 18:22:14.325  2171  2171 I NetworkSpeedManagerEx: mIsStop = false
03-01 18:22:14.330  2171  2171 I NetworkSpeedManagerEx: value=17162.334speed = 16.8K/s
03-01 18:22:14.330  2171  2171 I NetworkSpeedView: /update(), speed=16.8K/s parent class:class com.android.systemui.statusbar.HwSystemIcons
03-01 18:22:14.342  2171  2171 I NetworkSpeedManagerEx: mIsStop = false
03-01 18:22:14.346  2171  2171 I NetworkSpeedManagerEx: value=18181.334speed = 17.8K/s
03-01 18:22:14.346  2171  2171 I NetworkSpeedView: /update(), speed=17.8K/s parent class:class com.android.systemui.statusbar.HwSystemIcons
03-01 18:22:14.389  3669  7394 E Volley  : [259] BasicNetwork.performRequest: Unexpected response code 403 for https://www.googleapis.com/drive/v2beta/files/1nIFbt_QbcSIzyWUnMoz4VK5eTKvt-cQKqoB7e0IYBU4VAx2fRNrEKd8gKYpeEaJNF6N3xsg?prettyPrint=false&fields=owners(isAuthenticatedUser,picture(url),displayName,permissionId,emailAddress),webContentLink,lastModifyingUser(isAuthenticatedUser,picture(url),displayName,permissionId,emailAddress),originalFilename,headRevisionId,fileExtension,id,folderColorRgb,version,webViewLink,indexableText(text),editable,quotaBytesUsed,properties(key,value,visibility),writersCanShare,sharedWithMeDate,shared,explicitlyTrashed,parents(isRoot,id),thumbnailLink,modifiedByMeDate,labels(restricted,trashed,starred,viewed),appDataContents,md5Checksum,thumbnail(mimeType,image),localId(value,space,version),ownerNames,sharingUser(isAuthenticatedUser,picture(url),displayName,permissionId,emailAddress),copyable,modifiedDate,userPermission(id,role,withLink,name,domain,additionalRoles,value,type,photoLink,emailAddress),etag,createdDate,mimeType,alternateLink,lastViewedByMeDate,title,description,fileSize,downloadUrl,embedLink&acknowledgeAbuse=false&allProperties=true&fileScopeAppIds=843889502734&updateViewedDate=false
03-01 18:22:14.394  3669 12199 W NetworkResponseErrorDec: StatusCode:403 Reason:[rateLimitExceeded] Location:[]
03-01 18:22:14.395  3669 12199 W ContentAndMetadataActio: Request to get file metadata failed. Cannot proceed with conflict-aware upload of 1nIFbt_QbcSIzyWUnMoz4VK5eTKvt-cQKqoB7e0IYBU4VAx2fRNrEKd8gKYpeEaJNF6N3xsg
03-01 18:22:14.497  3669 12201 W NetworkResponseErrorDec: StatusCode:403 Reason:[rateLimitExceeded] Location:[]
03-01 18:22:14.714  1796  1807 I art     : Background partial concurrent mark sweep GC freed 8389(457KB) AllocSpace objects, 239(6MB) LOS objects, 22% free, 42MB/54MB, paused 4.233ms total 280.472ms
03-01 18:22:14.855  3669 12202 W NetworkResponseErrorDec: StatusCode:403 Reason:[rateLimitExceeded] Location:[]
03-01 18:22:15.166  2768  2768 W ChimeraUtils: Non Chimera context
03-01 18:22:15.539  2768  2768 W ChimeraUtils: Non Chimera context
03-01 18:22:16.035  2658  2658 I SendBroadcastPermission: action:com.qualcomm.intent.action.ACTION_UNSOL_RESPONSE_OEM_HOOK_RAW, mPermissionType:0
03-01 18:22:16.038  2398  3053 I SarControl_Manager: processBandCallback, enter, type=4, sub=0, bundle_key1=1
03-01 18:22:16.038  2398  8172 I SarControl_Manager: handleBigPowerCallback, enter, sub=0, powerState=1, is_sub0_big_power=0, is_sub1_big_power=-1
03-01 18:22:16.038  2398  8172 I SarControl_Manager: handleBigPowerCallback, end, isChange=true
03-01 18:22:16.039  2398  8172 W SarControl_Manager: registerGSensor, g_sensor is not legal, not continue, mExistRuleCondition: value, is_sub0_voice=1, is_sub1_voice=1, is_wifi_ap_opened=0, is_sub0_big_power=1, is_sub1_big_power=1, is_wifi_connected=1, is_near_light=1, is_cell_sar_sensor=1, sub0_cell_band=47, sub1_cell_band=47, is_headset_insert=0, sar_cell_reduce=1, sar_wifi_reduce=12
03-01 18:22:16.039  2398  8172 I SarControl_Manager: registerSarSensor, enter
03-01 18:22:16.041  1796  2347 I qti_sensors_hal: batch,376,handle 14, timeout:0 ,period_ns:200000000
03-01 18:22:16.041  1796  2347 I qti_sensors_hal: batch:sensor(com.qti.sensor.sar) handle:14 flags:0x0 period_ns 200000000
03-01 18:22:16.041  1796  2347 I qti_sensors_hal: batch:sensor(com.qti.sensor.sar) sample_rate=5.000000Hz report_rate_f=0.000000Hz curr sample rate:5.000000 cur rpt rate:0 max:15.000000 min:0.015259
03-01 18:22:16.041  1796  2347 I qti_sensors_hal: batch: current sample rate, report rate & buffering are equal to requested (5.000000,0.000000,0)
03-01 18:22:16.041   674  1709 E bdatd   : [SensorStat.cpp] setState# sensor not found
03-01 18:22:16.041  1796  2347 I qti_sensors_hal: activate: handle is 14, en is 1
03-01 18:22:16.042  1796  2347 I qti_sensors_hal: activate: 295 activate sensors is 12020800004003
03-01 18:22:16.042  1796  2347 I qti_sensors_hal: enable,95:handle is 14, en is 1
03-01 18:22:16.044  2398  8172 I SarControl_Manager: registerSarSensor: end, mIsSarSensorRegistered=true
03-01 18:22:16.044  2398  8172 I SarControl_Manager: checkStateAndHandle, enter, mHandler=Handler (com.huawei.sarcontrolservice.SarControlManager$3) {1ceaf69}
03-01 18:22:16.044  2398  8172 I SarControl_Manager: handleControlSAR, enter, find=false, mRuleDataCur value, is_sub0_voice=0, is_sub1_voice=0, is_wifi_ap_opened=0, is_sub0_big_power=1, is_wifi_connected=0, is_near_light=0, is_headset_insert=0, sar_cell_reduce=1mLastSarCellReduce=-1, mLastSarWifi24GHzReduce=-1, mLastSarWifi5GHzReduce=-1, mLastSarWifiReduce=-1
03-01 18:22:16.044  2398  8172 I SarControl_Manager: restoreSarToNormal, enter, mHasDownSarAntenna=-1, mHasDownSarWifi=-1, mLastSarWifi24GHzReduce=-1, mLastSarWifi5GHzReduce=-1
03-01 18:22:16.044  2398  8172 I SarControl_Manager: handleControlSAR, end, rst=false, mSarHasDownAntenna=-1, mSarHasDownWifi=-1, mLastSarWifi24GHzReduce=-1, mLastSarWifi5GHzReduce=-1
03-01 18:22:16.238  2768  2768 W ChimeraUtils: Non Chimera context
03-01 18:22:16.254  1796  1949 I qti_sensors_hal: [sar-sensor]processReportInd: x: P: 1.000000, diff: 1939.000000, data[2]: 0.000000
03-01 18:22:16.254  2398  2398 I SarControl_Manager: checkStateAndHandle, enter, mHandler=Handler (com.huawei.sarcontrolservice.SarControlManager$3) {1ceaf69}
03-01 18:22:16.255  2398  8172 I SarControl_Manager: handleControlSAR, enter, find=true, mRuleDataCur value, is_sub0_voice=0, is_sub1_voice=0, is_wifi_ap_opened=0, is_sub0_big_power=1, is_wifi_connected=0, is_near_light=0, is_cell_sar_sensor=1, is_headset_insert=0, sar_cell_reduce=1mLastSarCellReduce=-1, mLastSarWifi24GHzReduce=-1, mLastSarWifi5GHzReduce=-1, mLastSarWifiReduce=-1
03-01 18:22:16.255  2398  8172 I SarControl_Manager: setMaxTxPower, will call setMaxTxPower, type=1, power=1
03-01 18:22:16.259  2398  8172 I SarControl_Manager: setMaxTxPower, rst = true, type=DSI, power=1
03-01 18:22:16.260  2398  8172 I SarControl_Manager: handleControlSAR, end, rst=true, mSarHasDownAntenna=1, mSarHasDownWifi=-1, mLastSarWifi24GHzReduce=-1, mLastSarWifi5GHzReduce=-1
03-01 18:22:16.341  2422  4150 I PGServer: getThermalInfo. calling pkg: com.huawei.iaware
03-01 18:22:16.805  2768  2768 W ChimeraUtils: Non Chimera context
03-01 18:22:17.220  2768  2768 W ChimeraUtils: Non Chimera context
03-01 18:22:17.339  2171  2171 I NetworkSpeedManagerEx: mIsStop = false
03-01 18:22:17.343  2171  2171 I NetworkSpeedManagerEx: value=23259.0speed = 22.7K/s
03-01 18:22:17.343  2171  2171 I NetworkSpeedView: /update(), speed=22.7K/s parent class:class com.android.systemui.statusbar.HwSystemIcons
03-01 18:22:17.361  2171  2171 I NetworkSpeedManagerEx: mIsStop = false
03-01 18:22:17.365  2171  2171 I NetworkSpeedManagerEx: value=21433.666speed = 20.9K/s
03-01 18:22:17.365  2171  2171 I NetworkSpeedView: /update(), speed=20.9K/s parent class:class com.android.systemui.statusbar.HwSystemIcons
03-01 18:22:17.746   656   656 E Thermal-daemon: [pa_0] temp_new :40  temp_old :39
03-01 18:22:17.746  2422  4201 I ThermalService: Receive temperature change, type: 1, temp: 40 from thermald
03-01 18:22:17.747  2422  4163 I LowBatteryManager: Only handle msg event!
03-01 18:22:17.747   656   656 E Thermal-daemon: Report temperature: [pa_0] temp :40  report_threshold:1
03-01 18:22:17.778  2768  2768 W ChimeraUtils: Non Chimera context
03-01 18:22:18.137  2768  2768 W ChimeraUtils: Non Chimera context
03-01 18:22:18.290   690   690 E         : [E/capacity_limit_control] not demo version, not set power control prop!
03-01 18:22:18.792  2768  2768 W ChimeraUtils: Non Chimera context
03-01 18:22:18.796  2171  2185 I KeyguardViewMediator: onStartedGoingToSleep(3) Lock : false reset: false
03-01 18:22:18.797  2171  2171 W MusicUtils: findCurrentMediaPlayPackage sessions size is 0
03-01 18:22:18.801  2171  2171 W KGWallpaper: Reload Magazine skiped for type 100
03-01 18:22:18.801  2171  2171 W KGWallpaper: onStartedGoingToSleep skip switch Magazine
03-01 18:22:18.803  2171  2171 W DisabledFeatureUtils: Dis-Feature : 0
03-01 18:22:18.803  2171  2171 E KeyguardUpdateMonitor: isSimPinSecure mSimDatas is null or empty 
03-01 18:22:18.804  2171  2171 W DisabledFeatureUtils: Dis-Feature : 0
03-01 18:22:18.804  2171  2171 E KeyguardUpdateMonitor: isSimPinSecure mSimDatas is null or empty 
03-01 18:22:18.806  2171  2171 I KeyguardUpdateMonitor: authenticate by 0 mode!
03-01 18:22:18.808  2171  2171 W KeyguardUpdateMonitor: Fingerprint RunningStateChanged. 1
03-01 18:22:18.809   692   692 I fingerprintd: FingerprintDaemonProxyEx::onTransact, code:1002
03-01 18:22:18.809   692   692 I fingerprintd: fingerprintd
03-01 18:22:18.809   692   692 I fingerprintd: FingerprintDaemonProxyEx::setLivenessSwitch
03-01 18:22:18.809   692   692 I fingerprintd: fingerprintdex--dev->need_liveness_authentication = false;
03-01 18:22:18.810   692   692 I fingerprintd: FingerprintDaemonProxyEx::onTransact, code:7
03-01 18:22:18.810   692  2024 E fpc_fingerprint_hal: irq count is 0
03-01 18:22:18.821 11970 12079 I         : counter >= 5, send pause/stop state to pg, counter: 0
03-01 18:22:18.822  2422  2564 I AudioState: stop from wilhelm, pid: 11970 sessionId: 65
03-01 18:22:18.823  2422  2564 I PGServer: report state:2 event type:2 pid:11970 uid:10233 pkg:null to pid: 1796
03-01 18:22:18.833   692   692 I fingerprintd: FingerprintDaemonProxyEx::onTransact, code:1
03-01 18:22:18.843   692  2024 I fpc_tac : fpc_tac_send_get_indices_cmd indices:0xafe03000, index_count:2
03-01 18:22:18.854   692  2024 I fpc_tac : fpc_tac_begin_identify---need_liveness_authentication: 0
03-01 18:22:18.858   692  2024 I fpc_tac : fpc_tac_send_set_arbitrary_data_cmd:ok, response:0
03-01 18:22:18.869  2171  2512 W AppHandler: sendMessage 13
03-01 18:22:18.870  2171  2171 W ChargingAnimController: Remove charging skip as not exist
03-01 18:22:18.870  2171  2171 W HwLockScreenPanel: Handle message: 13
03-01 18:22:18.871  1796  1857 W HwScreenOnProximityLock: releaseLock: return because sensor listener is held = false
03-01 18:22:18.876  1796  1857 I qti_sensors_hal: activate: handle is 1, en is 0
03-01 18:22:18.876  1796  1857 I qti_sensors_hal: activate: 295 activate sensors is 12020800004001
03-01 18:22:18.876  1796  1857 I qti_sensors_hal: enable,95:handle is 1, en is 0
03-01 18:22:18.884   606   606 I SDM     : HWCDisplay::SetPowerMode: display = 0, mode = 0
03-01 18:22:18.884   606   606 I SDM     : DisplayBase::SetDisplayState: Set state = 0, display 0
03-01 18:22:18.889   689  1866 E Parcel  : Reading a NULL string not supported here.
03-01 18:22:18.890   689  1866 E Parcel  : Reading a NULL string not supported here.
03-01 18:22:18.890   689   717 W AwareLog:defragd: delay_us exceeds max timeout: 599999917 us
03-01 18:22:18.890  2993  2993 I InCall  : CallList - no active call 
03-01 18:22:18.899 11970 12002 I Appboy v3.2.1 .bo.app.r: Adding request to dispatcher with parameters: 
03-01 18:22:18.899 11970 12002 I Appboy v3.2.1 .bo.app.r: {}
03-01 18:22:18.901  1796  2484 I qti_sensors_hal: batch,376,handle 0, timeout:0 ,period_ns:16666000
03-01 18:22:18.901  1796  2484 I qti_sensors_hal: batch:sensor(android.sensor.accelerometer) handle:0 flags:0x0 period_ns 16666000
03-01 18:22:18.902   399   399 I OEMINFO_NVM_CORE: compat_oeminfo_get_size: version v6
03-01 18:22:18.902   399   399 I OEMINFO_NVM_CORE: compat_oeminfo_read: version v6
03-01 18:22:18.902   399   399 I OEMINFO_NVM_CORE: find oeminfo device /dev/block/bootdevice/by-name/oeminfo
03-01 18:22:18.903  2422  2564 I SensorState: sensor:1 enable:false uid:10233
03-01 18:22:18.903  2422  2564 I SensorState: removeSensor,mHandles:{7=1, 8=1, 1=1}
03-01 18:22:18.903  2422  2564 I PGServer: report state:4 event type:2 pid:1 uid:10233 pkg:null to pid: 1796
03-01 18:22:18.907   399   399 E OEMINFO_NVM_CORE: oeminfo data not find !!!!
03-01 18:22:18.913   399   399 E OEMINFO_NVM_SERVER: oeminfo_read_data, fail to read oeminfo
03-01 18:22:18.913   399   399 E OEMINFO_NVM_SERVER: pid 1796, opration oeminfo_read FAIL
03-01 18:22:18.914  1796  2484 E         : rmt_oeminfo_read, get data from server fail
03-01 18:22:18.914  1796  2484 E qti_sensors_hal: load_acc_oeminf_data, 90: load data from oeminfo failed, ret_val=-1
03-01 18:22:18.914  1796  2484 E qti_sensors_hal: Final value: x_offset=0.000000, y_offset=0.000000, z_offset=1.000000
03-01 18:22:18.914  1796  2484 I qti_sensors_hal: batch:load_acc_oeminf_data x_offset:0.000000 y_offset:0.000000 z_offset:1.000000
03-01 18:22:18.914  1796  2484 I qti_sensors_hal: batch:sensor(android.sensor.accelerometer) sample_rate=60.002399Hz report_rate_f=0.000000Hz curr sample rate:60.002399 cur rpt rate:0 max:200.000000 min:1.000000
03-01 18:22:18.914  1796  2484 I qti_sensors_hal: batch: current sample rate, report rate & buffering are equal to requested (60.002399,0.000000,0)
03-01 18:22:18.914  2422  2564 I AppManager: no high cpu load
03-01 18:22:18.915 11970 11970 I OmniturePlugin: onPause
03-01 18:22:18.923  1796  1949 I qti_sensors_hal: [ACC]processReportInd: X: 0.100998 Y: 0.119110 Z: 9.901367  x_offset:0.000000 y_offset:0.000000 z_offset:1.000000
03-01 18:22:18.927  1796  1949 I qti_sensors_hal: [ACC]processReportInd: X: 0.111298 Y: 0.108200 Z: 9.919464  x_offset:0.000000 y_offset:0.000000 z_offset:1.000000
03-01 18:22:18.947  1796  1949 I qti_sensors_hal: [ACC]processReportInd: X: 0.126068 Y: 0.112534 Z: 9.913254  x_offset:0.000000 y_offset:0.000000 z_offset:1.000000
03-01 18:22:18.967  1796  1949 I qti_sensors_hal: [ACC]processReportInd: X: 0.136292 Y: 0.104233 Z: 9.919235  x_offset:0.000000 y_offset:0.000000 z_offset:1.000000
03-01 18:22:18.977  1796  1949 I qti_sensors_hal: [ACC]processReportInd: X: 0.151306 Y: 0.098358 Z: 9.931366  x_offset:0.000000 y_offset:0.000000 z_offset:1.000000
03-01 18:22:18.981   779  1070 I AudioMixer: Pid:779 deleteTrackName(1)
03-01 18:22:18.985  2422  2564 I DeviceMonitor: last release audio mix uid:10233 pid:-2
03-01 18:22:18.987 11970 12002 I Appboy v3.2.1 .com.appboy.Appboy: Closed session with ID: fab3dee8-003e-4379-b07f-bad3ea0434a0
03-01 18:22:18.994   779   844 I APM_AudioPolicyManager: stopOutput() output 13, stream 3, session 65
03-01 18:22:18.994   779   844 I APM_AudioPolicyManager: getNewOutputDevice() selected device 0
03-01 18:22:18.994   779   844 I APM_AudioPolicyManager: setOutputDevice() device 0x0000 delayMs 96 force 0
03-01 18:22:18.994   779   844 I APM_AudioPolicyManager: setOutputDevice() setting same device 0x0000 or null device
03-01 18:22:18.994   779   844 I APM_AudioPolicyManager: checkOutputForStrategy() getDeviceForStrategy strategy=3 newDevice=2 oldDevice=2
03-01 18:22:18.995  2422  2564 I PGServer: report state:2 event type:2 pid:11970 uid:10233 pkg:null to pid: 1796
03-01 18:22:18.997  1796  1949 I qti_sensors_hal: [ACC]processReportInd: X: 0.239548 Y: 0.100800 Z: 9.293976  x_offset:0.000000 y_offset:0.000000 z_offset:1.000000
03-01 18:22:19.017  1796  1949 I qti_sensors_hal: [ACC]processReportInd: X: 0.177414 Y: 0.094711 Z: 9.666229  x_offset:0.000000 y_offset:0.000000 z_offset:1.000000
03-01 18:22:19.027  1796  1949 I qti_sensors_hal: [ACC]processReportInd: X: -0.163116 Y: 0.094696 Z: 11.098404  x_offset:0.000000 y_offset:0.000000 z_offset:1.000000
03-01 18:22:19.047  1796  1949 I qti_sensors_hal: [ACC]processReportInd: X: -0.004288 Y: 0.096024 Z: 10.238815  x_offset:0.000000 y_offset:0.000000 z_offset:1.000000
03-01 18:22:19.067  1796  1949 I qti_sensors_hal: [ACC]processReportInd: X: 0.101547 Y: 0.107712 Z: 9.855560  x_offset:0.000000 y_offset:0.000000 z_offset:1.000000
03-01 18:22:19.106 11970 12038 I Appboy v3.2.1 .bo.app.ab: Event was published, but no subscribers were found. Saving event for later publishing to a matching subscriber. Event class: class bo.app.al
03-01 18:22:19.106 11970 12038 I Appboy v3.2.1 .bo.app.ab: Event was published, but no subscribers were found. Saving event for later publishing to a matching subscriber. Event class: class bo.app.ah
03-01 18:22:19.108 11970 12038 I Appboy v3.2.1 .bo.app.dm: Notifying confirmAndUnlock listeners
03-01 18:22:19.108 11970 12038 I Appboy v3.2.1 .bo.app.dm: Notifying confirmAndUnlock listeners
03-01 18:22:19.162  2768  2768 W ChimeraUtils: Non Chimera context
03-01 18:22:19.186  1796  2095 I QTI PowerHAL: Got set_interactive hint
03-01 18:22:19.186   635  1080 E libnav  : AbaSuspend skips CABL deactivate: state was 3
03-01 18:22:19.194  1796  1796 I SendBroadcastPermission: action:android.intent.action.SCREEN_OFF, mPermissionType:0
03-01 18:22:19.196  2171  2184 W AppHandler: sendMessage 15
03-01 18:22:19.199  2171  2171 W DisabledFeatureUtils: Dis-Feature : 0
03-01 18:22:19.199  2171  2171 E KeyguardUpdateMonitor: isSimPinSecure mSimDatas is null or empty 
03-01 18:22:19.199  2171  2171 I KeyguardUpdateMonitor: Ignore update FP: 1 true
03-01 18:22:19.199  2171  2171 W HwBackDropView: MSG_FINISHED_GOING_SLEEP isQsExpanded false
03-01 18:22:19.199  2171  2171 W HwLockScreenPanel: Handle message: 15
03-01 18:22:19.200  2171  2171 W CameraLayout: Cameralayout disabled. true false  4
03-01 18:22:19.213  2897  2897 I HourObserver: enter into handleScrnOnOffTimeStats, scrnOn = false, mIsPreScrnOn = true, mScrnSwitchTime = 1583083308818, occurTime = 1583083339209, delta = 30391, mScrnOffAccTime = 361433, mScrnOnAccTime = 168824
03-01 18:22:19.213  2897  2897 I HourObserver: left handleScrnOnOffTimeStats, mScrnOffAccTime = 361433, mScrnOffAccTime = 361433, mScrnOnAccTime = 199215
03-01 18:22:19.221  2897  2897 I iMonitor: create: 903001010
03-01 18:22:19.229   674  1146 I logserver: handle_exception_events enter
03-01 18:22:19.231  2897  2897 I iMonitor: send: 903001010
03-01 18:22:19.271  2897  3020 E LogCollectService: illegal eventid
03-01 18:22:19.280   779  1131 I Huawei_audio_cust: huawei_audio huawei_choose_HandsFree_device_incall_forHWtest: test Type =4
03-01 18:22:19.280   779  1131 I Huawei_audio_cust: huawei_audio huawei_choose_Handset_device_incall_forHWtest: test Type =4
03-01 18:22:19.280   779  1131 I Huawei_audio_cust: get_spk_pa_type: pa is none
03-01 18:22:19.280   779  1131 I Huawei_audio_cust: huawei_set_voice_lvm_mode: this device not support voice lvm
03-01 18:22:19.280   779  1131 I Huawei_audio_cust: huawei_common_set_parameters: exit with code(0)
03-01 18:22:19.280   779  1131 I Huawei_audio_cust: huawei_north_america_set_parameters: exit with code(0)
03-01 18:22:19.317  2122  2122 I DeviceStatusMonitor: onReceive() : Action = android.intent.action.SCREEN_OFF
03-01 18:22:19.358  1796  2420 I TetherStatsReporting: getTetherStats() called NetworkStats: elapsedRealtime=623385
03-01 18:22:19.358  1796  2420 I TetherStatsReporting:   [0] iface=rmnet_data0 uid=0 set=DEFAULT tag=0x0 roaming=NO rxBytes=79018 rxPackets=558 txBytes=19964 txPackets=360 operations=0
03-01 18:22:19.358  1796  2420 I TetherStatsReporting:  proc=
03-01 18:22:19.358  1796  2420 I TetherStatsReporting:  actuid=-1
03-01 18:22:19.358  1796  2420 I TetherStatsReporting:   [1] iface=rmnet_data0 uid=0 set=FOREGROUND tag=0x0 roaming=NO rxBytes=0 rxPackets=0 txBytes=0 txPackets=0 operations=0
03-01 18:22:19.358  1796  2420 I TetherStatsReporting:  proc=
03-01 18:22:19.358  1796  2420 I TetherStatsReporting:  actuid=-1
03-01 18:22:19.358  1796  2420 I TetherStatsReporting:   [2] iface=rmnet_data0 uid=1000 set=DEFAULT tag=0x0 roaming=NO rxBytes=64242 rxPackets=61 txBytes=5147 txPackets=65 operations=0
03-01 18:22:19.358  1796  2420 I TetherStatsReporting:  proc=
03-01 18:22:19.358  1796  2420 I TetherStatsReporting:  actuid=-1
03-01 18:22:19.358  1796  2420 I TetherStatsReporting:   [3] iface=rmnet_data0 uid=1000 set=FOREGROUND tag=0x0 roaming=NO rxBytes=0 rxPackets=0 txBytes=0 txPackets=0 operations=0
03-01 18:22:19.358  1796  2420 I TetherStatsReporting:  proc=
03-01 18:22:19.358  1796  2420 I TetherStatsReporting:  actuid=-1
03-01 18:22:19.358  1796  2420 I TetherStatsReporting:   [4] iface=rmnet_data0 uid=1001 set=DEFAULT tag=0x0 roaming=NO rxBytes=0 rxPackets=0 txBytes=0 txPackets=0 operations=0
03-01 18:22:19.358  1796  2420 I TetherStatsReporting:  proc=
03-01 18:22:19.358  1796  2420 I TetherStatsReporting:  actuid=-1
03-01 18:22:19.358  1796  2420 I TetherStatsReporting:   [5] iface=rmnet_data0 uid=1001 set=FOREGROUND tag=0x0 roaming=NO rxBytes=11889 rxPackets=28 txBytes=3470 txPackets=41 operations=0
03-01 18:22:19.358  1796  2420 I TetherStatsReporting:  proc=
03-01 18:22:19.358  1796  2420 I TetherStatsReporting:  actuid=-1
03-01 18:22:19.358  1796  2420 I TetherStatsReporting:   [6] iface=rmnet_data0 uid=10017 set=DEFAULT tag=0x0 roaming=NO rxBytes=605000 rxPackets=1410 txBytes=862295 txPackets=1210 operations=0
03-01 18:22:19.358  1796  2420 I TetherStatsReporting:  proc=
03-01 18:22:19.358  1796  2420 I TetherStatsReporting:  actuid=-1
03-01 18:22:19.358  1796  2420 I TetherStatsReporting:   [7] iface=rmnet_data0 uid=10017 set=FOREGROUND tag=0x0 roaming=NO rxBytes=238656 rxPackets=757 txBytes=487075 txPackets=637 operations=0
03-01 18:22:19.358  1796  2420 I TetherStatsReporting:  proc=
03-01 18:22:19.358  1796  2420 I TetherStatsReporting:  actuid=-1
03-01 18:22:19.358  1796  2420 I TetherStatsReporting:   [8] iface=rmnet_data0 uid=10034 set=DEFAULT tag=0x0 roaming=NO rxBytes=33099 rxPackets=61 txBytes=13300 txPackets=81 operations=0
03-01 18:22:19.358  1796  2420 I TetherStatsReporting:  proc=
03-01 18:22:19.358  1796  2420 I TetherStatsReporting:  actuid=-1
03-01 18:22:19.358  1796  2420 I TetherStatsReporting:   [9] iface=rmnet_data0 uid=10034 set=FOREGROUND tag=0x0 roaming=NO rxBytes=85881 rxPackets=99 txBytes=30784 txPackets=88 operations=0
03-01 18:22:19.358  1796  2420 I TetherStatsReporting:  proc=
03-01 18:22:19.358  1796  2420 I TetherStatsReporting:  actuid=-1
03-01 18:22:19.358  1796  2420 I TetherStatsReporting:   [10] iface=rmnet_data0 uid=10043 set=DEFAULT tag=0x0 roaming=NO rxBytes=30320 rxPackets=45 txBytes=13921 txPackets=44 operations=0
03-01 18:22:19.358  1796  2420 I TetherStatsReporting:  proc=
03-01 18:22:19.358  1796  2420 I TetherStatsReporting:  actuid=-1
03-01 18:22:19.358  1796  2420 I TetherStatsReporting:   [11] iface=rmnet_data0 uid=10043 set=FOREGROUND tag=0x0 roaming=NO rxBytes=0 rxPackets=0 txBytes=0 txPackets=0 operations=0
03-01 18:22:19.358  1796  2420 I TetherStatsReporting:  proc=
03-01 18:22:19.358  1796  2420 I TetherStatsReporting:  actuid=-1
03-01 18:22:19.358  1796  2420 I TetherStatsReporting:   [12] iface=rmnet_data0 uid=10061 set=DEFAULT tag=0x0 roaming=NO rxBytes=9657 rxPackets=14 txBytes=5881 txPackets=19 operations=0
03-01 18:22:19.358  1796  2420 I TetherStatsReporting:  proc=
03-01 18:22:19.358  1796  2420 I TetherStatsReporting:  actuid=-1
03-01 18:22:19.358  1796  2420 I TetherStatsReporting:   [13] iface=rmnet_data0 uid=10061 set=FOREGROUND tag=0x0 roaming=NO rxBytes=0 rxPackets=0 txBytes=0 txPackets=0 operations=0
03-01 18:22:19.358  1796  2420 I TetherStatsReporting:  proc=
03-01 18:22:19.358  1796  2420 I TetherStatsReporting:  actuid=-1
03-01 18:22:19.358  1796  2420 I TetherStatsReporting:   [14] iface=rmnet_data0 uid=10062 set=DEFAULT tag=0x0 roaming=NO rxBytes=20681 rxPackets=50 txBytes=8436 txPackets=63 operations=0
03-01 18:22:19.358  1796  2420 I TetherStatsReporting:  proc=
03-01 18:22:19.358  1796  2420 I TetherStatsReporting:  actuid=-1
03-01 18:22:19.358  1796  2420 I TetherStatsReporting:   [15] iface=rmnet_data0 uid=10062 set=FOREGROUND tag=0x0 roaming=NO rxBytes=0 rxPackets=0 txBytes=0 txPackets=0 operations=0
03-01 18:22:19.358  1796  2420 I TetherStatsReporting:  proc=
03-01 18:22:19.358  1796  2420 I TetherStatsReporting:  actuid=-1
03-01 18:22:19.358  1796  2420 I TetherStatsReporting:   [16] iface=rmnet_data0 uid=10077 set=DEFAULT tag=0x0 roaming=NO rxBytes=15483 rxPackets=18 txBytes=6105 txPackets=19 operations=0
03-01 18:22:19.358  1796  2420 I TetherStatsReporting:  proc=
03-01 18:22:19.358  1796  2420 I TetherStatsReporting:  actuid=-1
03-01 18:22:19.358  1796  2420 I TetherStatsReporting:   [17] iface=rmnet_data0 uid=10077 set=FOREGROUND tag=0x0 roaming=NO rxBytes=0 rxPackets=0 txBytes=0 txPackets=0 operations=0
03-01 18:22:19.358  1796  2420 I TetherStatsReporting:  proc=
03-01 18:22:19.358  1796  2420 I TetherStatsReporting:  actuid=-1
03-01 18:22:19.358  1796  2420 I TetherStatsReporting:   [18] iface=rmnet_data0 uid=10086 set=DEFAULT tag=0x0 roaming=NO rxBytes=65731 rxPackets=83 txBytes=32115 txPackets=99 operations=0
03-01 18:22:19.358  1796  2420 I TetherStatsReporting:  proc=
03-01 18:22:19.358  1796  2420 I TetherStatsReporting:  actuid=-1
03-01 18:22:19.358  1796  2420 I TetherStatsReporting:   [19] iface=rmnet_data0 uid=10086 set=FOREGROUND tag=0x0 roaming=NO rxBytes=0 rxPackets=0 txBytes=0 txPackets=0 operations=0
03-01 18:22:19.358  1796  2420 I TetherStatsReporting:  proc=
03-01 18:22:19.358  1796  2420 I TetherStatsReporting:  actuid=-1
03-01 18:22:19.358  1796  2420 I TetherStatsReporting:   [20] iface=rmnet_data0 uid=10100 set=DEFAULT tag=0x0 roaming=NO rxBytes=1035102 rxPackets=699 txBytes=35811 txPackets=485 operations=0
03-01 18:22:19.358  1796  2420 I TetherStatsReporting:  proc=
03-01 18:22:19.358  1796  2420 I TetherStatsReporting:  actuid=-1
03-01 18:22:19.358  1796  2420 I TetherStatsReporting:   [21] iface=rmnet_data0 uid=10100 set=FOREGROUND tag=0x0 roaming=NO rxBytes=0 rxPackets=0 txBytes=0 txPackets=0 operations=0
03-01 18:22:19.358  1796  2420 I TetherStatsReporting:  proc=
03-01 18:22:19.358  1796  2420 I TetherStatsReporting:  actuid=-1
03-01 18:22:19.358  1796  2420 I TetherStatsReporting:   [22] iface=rmnet_data0 uid=10101 set=DEFAULT tag=0x0 roaming=NO rxBytes=474927 rxPackets=389 txBytes=40595 txPackets=270 operations=0
03-01 18:22:19.358  1796  2420 I TetherStatsReporting:  proc=
03-01 18:22:19.358  1796  2420 I TetherStatsReporting:  actuid=-1
03-01 18:22:19.358  1796  2420 I TetherStatsReporting:   [23] iface=rmnet_data0 uid=10101 set=FOREGROUND tag=0x0 roaming=NO rxBytes=0 rxPackets=0 txBytes=0 txPackets=0 operations=0
03-01 18:22:19.358  1796  2420 I TetherStatsReporting:  proc=
03-01 18:22:19.358  1796  2420 I TetherStatsReporting:  actuid=-1
03-01 18:22:19.358  1796  2420 I TetherStatsReporting:   [24] iface=rmnet_data0 uid=10107 set=DEFAULT tag=0x0 roaming=NO rxBytes=251578 rxPackets=332 txBytes=85051 txPackets=455 operations=0
03-01 18:22:19.358  1796  2420 I TetherStatsReporting:  proc=
03-01 18:22:19.358  1796  2420 I TetherStatsReporting:  actuid=-1
03-01 18:22:19.358  1796  2420 I TetherStatsReporting:   [25] iface=rmnet_data0 uid=10107 set=FOREGROUND tag=0x0 roaming=NO rxBytes=0 rxPackets=0 txBytes=0 txPackets=0 operations=0
03-01 18:22:19.358  1796  2420 I TetherStatsReporting:  proc=
03-01 18:22:19.358  1796  2420 I TetherStatsReporting:  actuid=-1
03-01 18:22:19.358  1796  2420 I TetherStatsReporting:   [26] iface=rmnet_data0 uid=10113 set=DEFAULT tag=0x0 roaming=NO rxBytes=40386 rxPackets=125 txBytes=32617 txPackets=164 operations=0
03-01 18:22:19.358  1796  2420 I TetherStatsReporting: combining tether stats
03-01 18:22:19.366  1796  2379 I GnssLocationProvider: updateLowPowerMode,isPowerSaveMode:falseisInteractive:false
03-01 18:22:19.366  1796  2379 I GnssLocationProvider: disableGps:false  isEnabled()=true
03-01 18:22:19.402  1796  2420 I SendBroadcastPermission: action:com.android.server.action.NETWORK_STATS_UPDATED, mPermissionType:0
03-01 18:22:19.441  2422  2828 I PacketsControl: not 3G net type. do nothing.
03-01 18:22:19.442  2422  2564 I WakelockMonitor: charging state and not start wakelock monitor.
03-01 18:22:19.448  2422  2828 I ash     : ash->screen off
03-01 18:22:19.468  1796  3642 E IzatSvc_OSObserver: I/LocTech-Label :: OSOBSERVER :: Data Items In
03-01 18:22:19.468  1796  3642 E IzatSvc_OSObserver: I/LocTech-Value :: Data Item Value: IS_SCREEN_ON: false
03-01 18:22:19.474  1796  1807 I art     : Background sticky concurrent mark sweep GC freed 29923(1664KB) AllocSpace objects, 383(10MB) LOS objects, 8% free, 42MB/46MB, paused 5.017ms total 104.978ms
03-01 18:22:19.511  3295  3938 W WorkController: Loading failed for worker [trainingcache]: worker not found
03-01 18:22:19.513  3295  4064 W ServiceWorker: TrainingCache cache SCREEN_OFF failure
03-01 18:22:19.513  3295  4064 W ServiceWorker: com.google.android.apps.gsa.search.core.service.h.a.a: No worker found for Worker ID [trainingcache].
03-01 18:22:19.513  3295  4064 W ServiceWorker: 	at com.google.android.apps.gsa.search.core.service.g.a.c.a(SourceFile:3)
03-01 18:22:19.513  3295  4064 W ServiceWorker: 	at com.google.android.libraries.gsa.n.a.n.a(SourceFile:2)
03-01 18:22:19.513  3295  4064 W ServiceWorker: 	at com.google.common.u.a.dk.b(SourceFile:7)
03-01 18:22:19.513  3295  4064 W ServiceWorker: 	at com.google.common.u.a.cg.run(SourceFile:15)
03-01 18:22:19.513  3295  4064 W ServiceWorker: 	at com.google.common.u.a.dm.run(SourceFile:10)
03-01 18:22:19.513  3295  4064 W ServiceWorker: 	at com.google.apps.tiktok.concurrent.ar.run(SourceFile:2)
03-01 18:22:19.513  3295  4064 W ServiceWorker: 	at java.util.concurrent.ThreadPoolExecutor.runWorker(ThreadPoolExecutor.java:1133)
03-01 18:22:19.513  3295  4064 W ServiceWorker: 	at java.util.concurrent.ThreadPoolExecutor$Worker.run(ThreadPoolExecutor.java:607)
03-01 18:22:19.513  3295  4064 W ServiceWorker: 	at com.google.apps.tiktok.concurrent.b.run(SourceFile:4)
03-01 18:22:19.513  3295  4064 W ServiceWorker: 	at java.lang.Thread.run(Thread.java:776)
03-01 18:22:19.522  2259  2527 E HwSystemManager: LeisureTrafficSetting:result is empty
03-01 18:22:19.536  3361  3361 E HwDetectorWithState: a: 2
03-01 18:22:19.538  3361  4028 E AudioRecord-JNI: Error -4 during AudioRecord native read
03-01 18:22:19.541   779  1130 I APM_AudioPolicyManager: stopInput() input 78
03-01 18:22:19.564  2768  2768 W ChimeraUtils: Non Chimera context
03-01 18:22:19.602   779 12764 I soundtrigger: audio_extn_sound_trigger_update_device_status: device 0x6c of type 1 for Event 0, with Raise=1
03-01 18:22:19.604   779  1130 I APM_AudioPolicyManager: resetInputDevice() releaseAudioPatch returned 0, patchHandle 92
03-01 18:22:19.604   779  1130 W HuaweiAudioFlinger: soundtrigger is now disable or not support, pls enable it first from setting
03-01 18:22:19.604  2422  2564 I DeviceMonitor: Remove AudioIn uid:10043
03-01 18:22:19.604  2422  2564 I DeviceMonitor: last release audio in uid:10043 pid:-2
03-01 18:22:19.605  3361  3361 I HwAudioRecordImpl: sendStateChangedIntent, state=1
03-01 18:22:19.606  1796  1796 I AudioSystem-JNI: listAudioPorts AudioSystem::listAudioPorts numPorts 12 generation 29 generation1 29
03-01 18:22:19.607  3361  3361 I AudioProvider: Audio Stopped
03-01 18:22:19.607  3361  3361 I HotwordRecognitionRnr: Stopping hotword detection.
03-01 18:22:19.607  3361  3361 E HotwordState: FASE: true, ACR: false, HR: false, ACbSS: false, ACbHE: false, SO:false, ARS: false
03-01 18:22:19.608  2422  2564 I PGServer: report state:1 event type:2 pid:3361 uid:10043 pkg:null to pid: 1796
03-01 18:22:19.609  3361 11839 I GsaVoiceInteractionSrv: HotwordCallback#onError
03-01 18:22:19.610  3361  4028 I GsaVoiceInteractionSrv: #onClosed - audio is closed, hasRecordingStarted true
03-01 18:22:19.611  3361  4028 E HwDetectorWithState: a: 3
03-01 18:22:19.611  3361 11839 I HotwordRecognitionRnr: Catched InterruptedException
03-01 18:22:19.617  1796  1796 I AudioSystem-JNI: listAudioPorts AudioSystem::listAudioPorts numPorts 11 generation 30 generation1 30
03-01 18:22:19.619  1796  1796 I AudioSystem-JNI: listAudioPorts AudioSystem::listAudioPorts numPorts 11 generation 30 generation1 30
03-01 18:22:19.633  2422  2422 I MsgReceiver: intent action: android.intent.action.SCREEN_OFF
03-01 18:22:19.640  2422  2422 I SceneReceiver: state type: 20004 eventType:1 pid:0 uid:0 pkg:null
03-01 18:22:19.640  2422  4163 I HwThermalStateManager: current foreapp pkg : null
03-01 18:22:19.642  2422  4163 I ThermalAction: new ThermalAction
03-01 18:22:19.642  2422  4163 I HwThermalStateManager: sensor name: cpu temperature: 36 , thermal action: ucurrent policy:0
03-01 18:22:19.642  2422  4163 I HwPolicyDispatcher: dispatch thermal com.huawei.thermal.policy.ThermalAction@408ea7d sensor type=0 action name=cpu sensor temperature=36 action =ucurrent policy =0
03-01 18:22:19.642  2422  4163 I ThermalAction: new ThermalAction
03-01 18:22:19.642  2422  4163 I HwThermalStateManager: sensor name: cpu temperature: 36 , thermal action: app_action policy:0
03-01 18:22:19.642  2422  4163 I HwPolicyDispatcher: dispatch thermal com.huawei.thermal.policy.ThermalAction@8ec1d72 sensor type=0 action name=cpu sensor temperature=36 action =app_action policy =0
03-01 18:22:19.642  2422  4163 I LogPowerAdapter: do thermal temperature:36action:app_action value:0 sensorType:0 to PG
03-01 18:22:19.644  2422  2564 I ThermalStateService: thermal app_action step = 0 temperature = 36
03-01 18:22:19.646  2422  4163 I HwThermalStateManager: triggerLevel = 1, triggerAction :{app_ctrl=2, cpu_a15=902400, app_action=2, cpu=1094400}
03-01 18:22:19.646  2422  4163 I ThermalAction: new ThermalAction
03-01 18:22:19.646  2422  4163 I HwThermalStateManager: sensor name: cpu temperature: 45 , thermal action: app_ctrl policy:2
