03-01 18:21:06.853  1796  2595 I TetherStatsReporting:  actuid=-1
03-01 18:21:06.853  1796  2595 I TetherStatsReporting:   [23] iface=rmnet_data0 uid=10101 set=FOREGROUND tag=0x0 roaming=NO rxBytes=0 rxPackets=0 txBytes=0 txPackets=0 operations=0
03-01 18:21:06.853  1796  2595 I TetherStatsReporting:  proc=
03-01 18:21:06.853  1796  2595 I TetherStatsReporting:  actuid=-1
03-01 18:21:06.853  1796  2595 I TetherStatsReporting:   [24] iface=rmnet_data0 uid=10107 set=DEFAULT tag=0x0 roaming=NO rxBytes=251578 rxPackets=332 txBytes=85051 txPackets=455 operations=0
03-01 18:21:06.853  1796  2595 I TetherStatsReporting:  proc=
03-01 18:21:06.853  1796  2595 I TetherStatsReporting:  actuid=-1
03-01 18:21:06.853  1796  2595 I TetherStatsReporting:   [25] iface=rmnet_data0 uid=10107 set=FOREGROUND tag=0x0 roaming=NO rxBytes=0 rxPackets=0 txBytes=0 txPackets=0 operations=0
03-01 18:21:06.853  1796  2595 I TetherStatsReporting:  proc=
03-01 18:21:06.853  1796  2595 I TetherStatsReporting:  actuid=-1
03-01 18:21:06.853  1796  2595 I TetherStatsReporting:   [26] iface=rmnet_data0 uid=10113 set=DEFAULT tag=0x0 roaming=NO rxBytes=40386 rxPackets=125 txBytes=32617 txPackets=164 operations=0
03-01 18:21:06.853  1796  2595 I TetherStatsReporting:  pr
03-01 18:21:06.853  1796  2595 I TetherStatsReporting: combining tether stats
03-01 18:21:06.855  2422  2564 I ThermalStateService: thermal app_action step = 1 temperature = 39
03-01 18:21:06.864  2259  2527 E HwSystemManager: LeisureTrafficSetting:result is empty
03-01 18:21:06.866  3669 11293 W GamesServiceBroker: Client connected with SDK 12451000, Services 200414017, and Games 144500036
03-01 18:21:06.886  1796  1949 I qti_sensors_hal: [LightSensor]processReportInd: ItemData[0]:1b0000,ItemData[1]:1b0000,lux:27.000000,cct:27.000000
03-01 18:21:06.916  2171  2256 I EventCenter: ContentChange for slot: 1
03-01 18:21:06.933  2171  2256 I EventCenter: ContentChange for slot: 1
03-01 18:21:06.954  1796  2595 I SendBroadcastPermission: action:com.android.server.action.NETWORK_STATS_UPDATED, mPermissionType:0
03-01 18:21:06.960   689   689 E Parcel  : Reading a NULL string not supported here.
03-01 18:21:06.960   689   689 E Parcel  : Reading a NULL string not supported here.
03-01 18:21:06.962  2171  2256 I EventCenter: ContentChange for slot: 1
03-01 18:21:06.964  1796  2001 I InputReader: Reconfiguring input devices.  changes=0x00000004
03-01 18:21:06.964  1796  2001 I InputReader: Device reconfigured: id=3, name='huawei,ts_kit', size 720x1280, orientation 1, mode 1, display id 0
03-01 18:21:06.966  3669  4702 W GamesServiceBroker: Client connected with SDK 19998000, Services 200414017, and Games 144500036
03-01 18:21:07.056 11970 12039 W Appboy v3.2.1 .com.appboy.models.InAppMessageBase: Requested in-app message duration 0 is lower than the minimum of 999. Defaulting to 5000 milliseconds.
03-01 18:21:07.059 11970 12039 W Appboy v3.2.1 .com.appboy.models.InAppMessageBase: Requested in-app message duration 0 is lower than the minimum of 999. Defaulting to 5000 milliseconds.
03-01 18:21:07.060 11970 12039 W Appboy v3.2.1 .com.appboy.models.InAppMessageBase: Requested in-app message duration 0 is lower than the minimum of 999. Defaulting to 5000 milliseconds.
03-01 18:21:07.061 11970 12039 W Appboy v3.2.1 .com.appboy.models.InAppMessageBase: Requested in-app message duration 0 is lower than the minimum of 999. Defaulting to 5000 milliseconds.
03-01 18:21:07.065 11970 12039 I Appboy v3.2.1 .bo.app.ab: Event was published, but no subscribers were found. Saving event for later publishing to a matching subscriber. Event class: class bo.app.al
03-01 18:21:07.065 11970 12039 I Appboy v3.2.1 .bo.app.ab: Event was published, but no subscribers were found. Saving event for later publishing to a matching subscriber. Event class: class bo.app.ah
03-01 18:21:07.069 11970 12039 I Appboy v3.2.1 .bo.app.dm: Notifying confirmAndUnlock listeners
03-01 18:21:07.069 11970 12039 I Appboy v3.2.1 .bo.app.dm: Notifying confirmAndUnlock listeners
03-01 18:21:07.071  2171  2171 W HwKeyguardDragHelper: AnimationBlocked
03-01 18:21:07.074  2171  2733 I DeviceSettingsManager: getStateTypePolicyActiveStatus() raw policyName: settings_policy_forbidden_network_share
03-01 18:21:07.077  3608  8014 I SendBroadcastPermission: action:android.com.huawei.bone.NOTIFY_SPORT_DATA, mPermissionType:0
03-01 18:21:07.081  2259  2551 E HwSystemManager: TrafficNotifyAfterLocked:screen notification will not notify
03-01 18:21:07.083  2171  2171 W View    : requestLayout() improperly called by com.android.internal.widget.NotificationExpandButton{2253de2 V.ED..C.. ......ID 287,20-319,54 #10203ac android:id/expand_button} during layout: running second layout pass
03-01 18:21:07.084  2171  2171 W View    : requestLayout() improperly called by com.android.internal.widget.NotificationExpandButton{a137991 V.ED..C.. ......ID 287,20-319,54 #10203ac android:id/expand_button} during layout: running second layout pass
03-01 18:21:07.084  2171  2171 W View    : requestLayout() improperly called by com.android.internal.widget.NotificationExpandButton{6c5c3ef V.ED..C.. ......ID 287,20-319,54 #10203ac android:id/expand_button} during layout: running second layout pass
03-01 18:21:07.105  2171  2256 I EventCenter: ContentChange for slot: 1
03-01 18:21:07.115  3608  8014 I SendBroadcastPermission: action:android.com.huawei.bone.NOTIFY_SPORT_DATA, mPermissionType:0
03-01 18:21:07.118  3475  3475 I HwLauncher: Model  onReceive intent=Intent { act=android.intent.action.CONFIGURATION_CHANGED flg=0x70000010 }
03-01 18:21:07.118  3475  3475 I HwLauncher: Model  onReceive user=UserHandle{0}
03-01 18:21:07.120  2171  2171 W HwKeyguardDragHelper: AnimationBlocked
03-01 18:21:07.122  3475  3475 I HwLauncher: Launcher.Utilities updateOrientToPortrait original orientation = 2
03-01 18:21:07.131  2122  2122 W GoogleInputMethodServic: onConfigurationChanged() : NewConfig = {1.0 604mcc2mnc [en_US,fr_MA] ldltr sw360dp w592dp h336dp 320dpi nrml land finger -keyb/v/h -nav/h suim:4 s.10}
03-01 18:21:07.132  2122  2122 W KeyboardModeManager: reloadOrientationAwareData() : orientation = 2
03-01 18:21:07.134  3475  3475 I HwLauncher: Launcher.Settings  updateIconTitleSize fontSize = 0.0
03-01 18:21:07.134  3475  3475 I HwLauncher: Launcher.Settings  updateIconTitleSize app_icon_text_size fontSize = 24.0
03-01 18:21:07.141   692  2024 E fpc_fingerprint_hal: irq count is 1
03-01 18:21:07.141   692  2024 E fpc_fingerprint_hal: irq count is 1
03-01 18:21:07.165  2122  2122 W KeyboardModeManager: setInputView() : inputView = null
03-01 18:21:07.166 11728 11728 I HwEmailTag: EmailApplication->onConfigurationChanged
03-01 18:21:07.169  2122  2122 I GoogleInputMethodServic: Apply keyboard theme: theme_stylesheet_materialdark_assets:theme_package_metadata_material_dark.binarypb_land
03-01 18:21:07.183 11420 11420 I MSG_APP_Mms: Broadcast ACTION_CONFIGURATION_CHANGED received.
03-01 18:21:07.206  2171  2171 I HwPointEventFilter: do not support AFT because of no config
03-01 18:21:07.210  2171  2256 I EventCenter: ContentChange for slot: 1
03-01 18:21:07.219  1796  2499 I qti_sensors_hal: flush,395,handle 0
03-01 18:21:07.219  1796  2499 I qti_sensors_hal: flush,262 handle 0
03-01 18:21:07.220  1796  2484 I qti_sensors_hal: batch,376,handle 0, timeout:0 ,period_ns:16666000
03-01 18:21:07.220  1796  1949 I qti_sensors_hal: [LightSensor]processReportInd: ItemData[0]:1c0000,ItemData[1]:1c0000,lux:28.000000,cct:28.000000
03-01 18:21:07.220  1796  2484 I qti_sensors_hal: batch:sensor(android.sensor.accelerometer) handle:0 flags:0x0 period_ns 16666000
03-01 18:21:07.221  2422  2564 I SensorState: sensor:1 enable:true uid:10233
03-01 18:21:07.221  2422  2564 I PGServer: report state:4 event type:1 pid:1 uid:10233 pkg:null to pid: 1796
03-01 18:21:07.221  2422  2564 I SensorState: addSensor,mHandles:{7=1, 8=1, 1=2}
03-01 18:21:07.222   399   399 I OEMINFO_NVM_CORE: compat_oeminfo_get_size: version v6
03-01 18:21:07.223   399   399 I OEMINFO_NVM_CORE: compat_oeminfo_read: version v6
03-01 18:21:07.223   399   399 I OEMINFO_NVM_CORE: find oeminfo device /dev/block/bootdevice/by-name/oeminfo
03-01 18:21:07.224   692  2024 E fpc_fingerprint_hal: irq count is 1
03-01 18:21:07.224   692  2024 E fpc_fingerprint_hal: irq count is 1
03-01 18:21:07.227  1796  1949 I qti_sensors_hal: [ACC]processReportInd: X: 2.689865 Y: 2.410034 Z: 9.425888  x_offset:0.000000 y_offset:0.000000 z_offset:1.000000
03-01 18:21:07.228   399   399 E OEMINFO_NVM_CORE: oeminfo data not find !!!!
03-01 18:21:07.229  2122  2122 I KeyboardViewUtil: systemKeyboardHeightRatio:1.000000; userKeyboardHeightRatio:0.950000.
03-01 18:21:07.233  3669  3825 I PeopleChimeraService: onService. callbacks = aabc@6e3454f, request = com.google.android.gms.common.internal.GetServiceRequest@7fcc4dc
03-01 18:21:07.235   399   399 E OEMINFO_NVM_SERVER: oeminfo_read_data, fail to read oeminfo
03-01 18:21:07.235   399   399 E OEMINFO_NVM_SERVER: pid 1796, opration oeminfo_read FAIL
03-01 18:21:07.235  1796  2484 E         : rmt_oeminfo_read, get data from server fail
03-01 18:21:07.235  1796  2484 E qti_sensors_hal: load_acc_oeminf_data, 90: load data from oeminfo failed, ret_val=-1
03-01 18:21:07.235  1796  2484 E qti_sensors_hal: Final value: x_offset=0.000000, y_offset=0.000000, z_offset=1.000000
03-01 18:21:07.235  1796  2484 I qti_sensors_hal: batch:load_acc_oeminf_data x_offset:0.000000 y_offset:0.000000 z_offset:1.000000
03-01 18:21:07.235  1796  2484 I qti_sensors_hal: batch:sensor(android.sensor.accelerometer) sample_rate=60.002399Hz report_rate_f=0.000000Hz curr sample rate:60.002399 cur rpt rate:0 max:200.000000 min:1.000000
03-01 18:21:07.235  1796  2484 I qti_sensors_hal: batch: current sample rate, report rate & buffering are equal to requested (60.002399,0.000000,0)
03-01 18:21:07.252  1796  1949 I qti_sensors_hal: [ACC]processReportInd: X: 2.821777 Y: 2.506302 Z: 9.669998  x_offset:0.000000 y_offset:0.000000 z_offset:1.000000
03-01 18:21:07.253  2122  2122 I DeviceStatusMonitor: onReceive() : Action = android.intent.action.CONFIGURATION_CHANGED
03-01 18:21:07.253  2122  2122 I ConfigurationNotificati: Get device mode by ui mode:1 and smallestScreenWidthDp:360
03-01 18:21:07.253  2122  2122 I ConfigurationNotificati: Get device mode by ui mode:1 and smallestScreenWidthDp:360
03-01 18:21:07.253  2122  2122 I ConfigurationNotificati: Get device mode by ui mode:1 and smallestScreenWidthDp:360
03-01 18:21:07.254  2122  2122 I ConfigurationNotificati: Get device mode by ui mode:1 and smallestScreenWidthDp:360
03-01 18:21:07.254  2171  2256 I EventCenter: ContentChange for slot: 1
03-01 18:21:07.256   779   779 I APM_AudioPolicyManager: startOutput() output 13, stream 3, session 65
03-01 18:21:07.257   779   779 I APM_AudioPolicyManager: getNewOutputDevice() selected device 2
03-01 18:21:07.257   779   779 I APM_AudioPolicyManager: setOutputDevice() device 0x0002 delayMs 0 force 1
03-01 18:21:07.257   779   779 I APM_AudioPolicyManager: setOutputDevice() changing to device 0x0002 , muteWaitMs 0
03-01 18:21:07.258  1796  1949 I qti_sensors_hal: [ACC]processReportInd: X: 2.899887 Y: 2.574768 Z: 9.393539  x_offset:0.000000 y_offset:0.000000 z_offset:1.000000
03-01 18:21:07.260  2422  2564 I AudioState: discards start because playing zero data, pid: 11970 sessionId: 65
03-01 18:21:07.261   779  1071 I Huawei_audio_cust: huawei_audio huawei_choose_HandsFree_device_incall_forHWtest: test Type =4
03-01 18:21:07.261   779  1071 I Huawei_audio_cust: huawei_audio huawei_choose_Handset_device_incall_forHWtest: test Type =4
03-01 18:21:07.261   779  1071 I Huawei_audio_cust: get_spk_pa_type: pa is none
03-01 18:21:07.261   779  1071 I Huawei_audio_cust: huawei_set_voice_lvm_mode: this device not support voice lvm
03-01 18:21:07.261   779  1071 I Huawei_audio_cust: huawei_common_set_parameters: exit with code(0)
03-01 18:21:07.261   779  1071 I Huawei_audio_cust: huawei_north_america_set_parameters: exit with code(0)
03-01 18:21:07.261   779  1071 I Huawei_audio_cust: huawei_audio huawei_choose_HandsFree_device_incall_forHWtest: test Type =4
03-01 18:21:07.261   779  1071 I Huawei_audio_cust: huawei_audio huawei_choose_Handset_device_incall_forHWtest: test Type =4
03-01 18:21:07.261   779  1071 I Huawei_audio_cust: get_spk_pa_type: pa is none
03-01 18:21:07.262   779  1071 I Huawei_audio_cust: huawei_set_voice_lvm_mode: this device not support voice lvm
03-01 18:21:07.262   779  1071 I Huawei_audio_cust: huawei_common_set_parameters: exit with code(0)
03-01 18:21:07.262   779  1071 I Huawei_audio_cust: huawei_north_america_set_parameters: exit with code(0)
03-01 18:21:07.263   779   779 I APM_AudioPolicyManager: setOutputDevice() createAudioPatch returned 0 patchHandle 76 num_sources 1 num_sinks 1
03-01 18:21:07.274  2171  2171 I HwPointEventFilter: do not support AFT because of no config
03-01 18:21:07.278  1796  1949 I qti_sensors_hal: [ACC]processReportInd: X: 2.874451 Y: 2.686691 Z: 9.066925  x_offset:0.000000 y_offset:0.000000 z_offset:1.000000
03-01 18:21:07.280   779   779 I APM_AudioPolicyManager: checkOutputForStrategy() getDeviceForStrategy strategy=3 newDevice=2 oldDevice=2
03-01 18:21:07.281   779   779 I AudioTrackShared: server obtain null buf part1:0 rear:4193664 front:4193664 mFrameCount:1536
03-01 18:21:07.282   779  1071 I Huawei_audio_cust: huawei_common_get_output_device_FM: huawei_audio select fm(0) device(0x2)exit
03-01 18:21:07.282   779  1071 I Huawei_audio_cust: huawei_north_america_get_output_device: select North American device 0
03-01 18:21:07.283   779  1071 I msm8916_platform: platform_get_input_snd_device: enter: out_device(0) in_device(0x4)
03-01 18:21:07.283   779  1071 I msm8916_platform: platform_check_and_set_codec_backend_cfg:becf: afe: bitwidth 16, samplerate 48000 channels 2, backend_idx 0 usecase = 1 device (speaker)
03-01 18:21:07.283   779  1071 I msm8916_platform: platform_check_and_set_codec_backend_cfg: becf: new_snd_devices[0] is speaker
03-01 18:21:07.283   779  1071 I msm8916_platform: platform_check_codec_backend_cfg:becf: afe: Codec selected backend: 0 current bit width: 16 sample rate: 48000 channels: 2
03-01 18:21:07.283   779  1071 I msm8916_platform: platform_check_codec_backend_cfg:becf: afe: Codec selected backend: 0 updated bit width: 16 and sample rate: 48000
03-01 18:21:07.283   779  1071 E msm8916_platform: platform_check_backends_match: Invalid snd_device = 
03-01 18:21:07.284   779  1071 E msm8916_platform: platform_check_backends_match: Invalid snd_device = 
03-01 18:21:07.284   779  1071 I soundtrigger: audio_extn_sound_trigger_update_device_status: device 0x2 of type 0 for Event 1, with Raise=0
03-01 18:21:07.287  1796  1796 I AudioSystem-JNI: listAudioPorts AudioSystem::listAudioPorts numPorts 12 generation 23 generation1 23
03-01 18:21:07.292   779  1071 I audio_hw_primary: select_devices Selected apptype: 69937
03-01 18:21:07.293   779  1071 I audio_hw_utils: audio_extn_utils_send_app_type_cfg PLAYBACK app_type 69937, acdb_dev_id 14, sample_rate 48000
03-01 18:21:07.293   779  1071 I audio_hw_utils: audio_extn_utils_send_app_type_cfg:becf: adm: app_type 69936, acdb_dev_id 14, sample_rate 48000
03-01 18:21:07.295   779  1071 E ACDB-LOADER: Error: ACDB AFE returned = -19
03-01 18:21:07.295   779  1071 I ACDB-LOADER: ACDB -> SmartPA get speaker number 0
03-01 18:21:07.295   779  1071 I ACDB-LOADER: ACDB -> SmartPA get topology failed
03-01 18:21:07.298  1796  1949 I qti_sensors_hal: [ACC]processReportInd: X: 2.889450 Y: 2.745132 Z: 9.119110  x_offset:0.000000 y_offset:0.000000 z_offset:1.000000
03-01 18:21:07.307  1796  1949 I qti_sensors_hal: [ACC]processReportInd: X: 2.926544 Y: 2.684753 Z: 9.399826  x_offset:0.000000 y_offset:0.000000 z_offset:1.000000
03-01 18:21:07.336  1796  1949 I qti_sensors_hal: [ACC]processReportInd: X: 2.953949 Y: 2.683975 Z: 9.205582  x_offset:0.000000 y_offset:0.000000 z_offset:1.000000
03-01 18:21:07.337  3669  3683 I art     : Background sticky concurrent mark sweep GC freed 62607(2MB) AllocSpace objects, 1(20KB) LOS objects, 14% free, 18MB/21MB, paused 3.085ms total 155.693ms
03-01 18:21:07.347  1796  1949 I qti_sensors_hal: [ACC]processReportInd: X: 2.939865 Y: 2.601303 Z: 9.138580  x_offset:0.000000 y_offset:0.000000 z_offset:1.000000
03-01 18:21:07.357 11970 11975 I art     : Do partial code cache collection, code=53KB, data=62KB
03-01 18:21:07.365   779  1070 I AudioMixer: NumTracks(1)
03-01 18:21:07.365   779  1070 I AudioMixer: Pid:779 add track (1)
03-01 18:21:07.366  1796  1949 I qti_sensors_hal: [ACC]processReportInd: X: 2.928192 Y: 2.420609 Z: 9.301758  x_offset:0.000000 y_offset:0.000000 z_offset:1.000000
03-01 18:21:07.380  1796  3405 I HwPFWLogger: AppAutoStartupPolicy:ras app : com.facebook.katana
03-01 18:21:07.380  1796  3405 I HwPFWLogger: AppAutoStartupPolicy:prevent start provider of package com.facebook.katana, auth: com.facebook.katana.provider.AttributionIdProvider, name: com.facebook.katana.provider.AttributionIdProvider by callerPid 11970, callerUid 10233
03-01 18:21:07.381  1796  1949 I qti_sensors_hal: [ACC]processReportInd: X: 2.919220 Y: 2.322708 Z: 9.300781  x_offset:0.000000 y_offset:0.000000 z_offset:1.000000
03-01 18:21:07.385 11970 11975 I art     : After code cache collection, code=50KB, data=60KB
03-01 18:21:07.385 11970 11975 I art     : Increasing code cache capacity to 256KB
03-01 18:21:07.389  2171  2171 I Choreographer: Skipped 32 frames!  The application may be doing too much work on its main thread.
03-01 18:21:07.394 11970 12079 I         : send start state to pg
03-01 18:21:07.397  2422  2564 I AudioState: start from wilhelm, pid: 11970 sessionId: 65
03-01 18:21:07.397  2422  2564 I PGServer: report state:2 event type:1 pid:11970 uid:10233 pkg:null to pid: 1796
03-01 18:21:07.405 11970 12002 I Appboy v3.2.1 .bo.app.r: Adding request to dispatcher with parameters: 
03-01 18:21:07.405 11970 12002 I Appboy v3.2.1 .bo.app.r: {}
03-01 18:21:07.432   674   819 W JankService: virtual bool android::JankManualDumpLogAnalyser::processEntry(android::LogEntry *, int, bool), not beta version or commercial log off
03-01 18:21:07.462  2259  2527 E HwSystemManager: LeisureTrafficSetting:result is empty
03-01 18:21:07.520   692  2024 E fpc_fingerprint_hal: irq count is 1
03-01 18:21:07.521   692  2024 E fpc_fingerprint_hal: irq count is 1
03-01 18:21:07.553 11970 11980 I art     : Background sticky concurrent mark sweep GC freed 125852(7MB) AllocSpace objects, 83(3MB) LOS objects, 26% free, 10MB/14MB, paused 2.273ms total 115.728ms
03-01 18:21:07.555  1796  1949 I qti_sensors_hal: [LightSensor]processReportInd: ItemData[0]:1b0000,ItemData[1]:1b0000,lux:27.000000,cct:27.000000
03-01 18:21:07.631  1796  1796 I MQoS    : onSignal: mSubId=0,currDataSubID=0
03-01 18:21:07.631  1796  1796 I MQoS    : received cell-signal:5
03-01 18:21:07.631  1796  2607 I SendBroadcastPermission: action:android.intent.action.SIG_STR, mPermissionType:0
03-01 18:21:07.636  2658  2658 I SendBroadcastPermission: action:com.qualcomm.intent.action.ACTION_UNSOL_RESPONSE_OEM_HOOK_RAW, mPermissionType:0
03-01 18:21:07.636  2398  3053 I SarControl_Manager: processBandCallback, enter, type=4, sub=0, bundle_key1=0
03-01 18:21:07.637  2398  8172 I SarControl_Manager: handleBigPowerCallback, enter, sub=0, powerState=0, is_sub0_big_power=1, is_sub1_big_power=-1
03-01 18:21:07.637  2398  8172 I SarControl_Manager: handleBigPowerCallback, end, isChange=true
03-01 18:21:07.637  2398  8172 I SarControl_Manager: unregisterSarSensor, enter
03-01 18:21:07.639  1796  2493 I qti_sensors_hal: activate: handle is 14, en is 0
03-01 18:21:07.639  1796  2493 I qti_sensors_hal: activate: 295 activate sensors is 2020800000003
03-01 18:21:07.639  1796  2493 I qti_sensors_hal: enable,95:handle is 14, en is 0
03-01 18:21:07.641  1796  1841 I SendBroadcastPermission: action:android.intent.action.SIG_STR, mPermissionType:0
03-01 18:21:07.641  1796  1796 I MQoS    : onSignal: mSubId=1,currDataSubID=0
03-01 18:21:07.641  1796  1796 I MQoS    : received cell-signal:4
03-01 18:21:07.642  2398  8172 I SarControl_Manager: checkStateAndHandle, enter, mHandler=Handler (com.huawei.sarcontrolservice.SarControlManager$3) {1ceaf69}
03-01 18:21:07.642  2398  8172 I SarControl_Manager: handleControlSAR, enter, find=false, mRuleDataCur value, is_sub0_voice=0, is_sub1_voice=0, is_wifi_ap_opened=0, is_sub0_big_power=0, is_wifi_connected=0, is_near_light=0, is_headset_insert=0, sar_cell_reduce=1mLastSarCellReduce=-1, mLastSarWifi24GHzReduce=-1, mLastSarWifi5GHzReduce=-1, mLastSarWifiReduce=-1
03-01 18:21:07.642  2398  8172 I SarControl_Manager: restoreSarToNormal, enter, mHasDownSarAntenna=-1, mHasDownSarWifi=-1, mLastSarWifi24GHzReduce=-1, mLastSarWifi5GHzReduce=-1
03-01 18:21:07.642  2398  8172 I SarControl_Manager: handleControlSAR, end, rst=false, mSarHasDownAntenna=-1, mSarHasDownWifi=-1, mLastSarWifi24GHzReduce=-1, mLastSarWifi5GHzReduce=-1
03-01 18:21:07.644   674  1709 E bdatd   : [SensorStat.cpp] setState# sensor not found
03-01 18:21:07.657 11970 12038 I Appboy v3.2.1 .bo.app.ab: Event was published, but no subscribers were found. Saving event for later publishing to a matching subscriber. Event class: class bo.app.al
03-01 18:21:07.657 11970 12038 I Appboy v3.2.1 .bo.app.ab: Event was published, but no subscribers were found. Saving event for later publishing to a matching subscriber. Event class: class bo.app.ah
03-01 18:21:07.658 11970 12038 I Appboy v3.2.1 .bo.app.dm: Notifying confirmAndUnlock listeners
03-01 18:21:07.658 11970 12038 I Appboy v3.2.1 .bo.app.dm: Notifying confirmAndUnlock listeners
03-01 18:21:07.661  2171  2254 I HwMobileSignalController: subId:0 phoneType:1 networktype:13 targetClass:3 masterLevel:4 slaveLevel:-1
03-01 18:21:07.665  2171  2254 I HwMobileSignalController: subId:1 phoneType:1 networktype:3 targetClass:2 masterLevel:3 slaveLevel:-1
03-01 18:21:07.671   656   656 E Thermal-daemon: [ap] temp_new :40  temp_old :39
03-01 18:21:07.673  2422  3358 I ThermalService: Receive temperature change, type: 0, temp: 40 from thermald
03-01 18:21:07.673  2422  4163 I LowBatteryManager: Only handle msg event!
03-01 18:21:07.673   656   656 E Thermal-daemon: Report temperature: [ap] temp :40  report_threshold:1
03-01 18:21:07.706  2171  2183 I art     : Background sticky concurrent mark sweep GC freed 101136(6MB) AllocSpace objects, 31(972KB) LOS objects, 8% free, 41MB/45MB, paused 1.913ms total 143.829ms
03-01 18:21:07.708  2171  2171 W HwKeyguardDragHelper: AnimationBlocked
03-01 18:21:07.744  2171  2171 I HwBrightnessUtils: APS brightness=40.0,ConvertToPercentage=0.33998552
03-01 18:21:07.745  2171  2171 W HwLockScreenPanel: Handle message: 11
03-01 18:21:07.746  2171  2171 W HwLockScreenPanel: Handle message: 4
03-01 18:21:07.749  2171  2171 I HwBrightnessUtils: APS brightness=40.0,ConvertToPercentage=0.33998552
03-01 18:21:07.749  2171  2171 W HwLockScreenPanel: Handle message: 16
03-01 18:21:07.750  2171  2171 I HwBackDropView: restore param to 0
03-01 18:21:07.750  2171  2171 I HwBackDropView: checkVisibility : false; false
03-01 18:21:07.750  2171  2171 W HwLockScreenPanel: Handle message: 10
03-01 18:21:07.751  2171  2171 W CameraLayout: Cameralayout disabled. true false  4
03-01 18:21:07.751  2171  2171 I HwBrightnessUtils: APS brightness=40.0,ConvertToPercentage=0.33998552
03-01 18:21:07.752  2171  2171 I HwBrightnessUtils: APS brightness=40.0,ConvertToPercentage=0.33998552
03-01 18:21:07.764 11970 11970 I Appboy v3.2.1 .bo.app.r: Adding request to dispatcher with parameters: 
03-01 18:21:07.764 11970 11970 I Appboy v3.2.1 .bo.app.r: {}
03-01 18:21:07.768 11970 12326 E Unity   : ThreadAbortException
03-01 18:21:07.768 11970 12326 E Unity   :   at UdpChannel.UDPRead () [0x00000] in <00000000000000000000000000000000>:0 
03-01 18:21:07.768 11970 12326 E Unity   :   at System.Threading.ThreadStart.Invoke () [0x00000] in <00000000000000000000000000000000>:0 
03-01 18:21:07.768 11970 12326 E Unity   :   at System.Threading.ContextCallback.Invoke (System.Object state) [0x00000] in <00000000000000000000000000000000>:0 
03-01 18:21:07.768 11970 12326 E Unity   :   at System.Threading.ExecutionContext.RunInternal (System.Threading.ExecutionContext executionContext, System.Threading.ContextCallback callback, System.Object state, System.Boolean preserveSyncCtx) [0x00000] in <00000000000000000000000000000000>:0 
03-01 18:21:07.768 11970 12326 E Unity   :   at System.Threading.ExecutionContext.Run (System.Threading.ExecutionContext executionContext, System.Threading.ContextCallback callback, System.Object state, System.Boolean preserveSyncCtx) [0x00000] in <00000000000000000000000000000000>:0 
03-01 18:21:07.768 11970 12326 E Unity   :   at System.Threading.ExecutionContext.Run (System.Threading.ExecutionContext executionContext, System.Threading.ContextCallback callback, System.Object state) [0x00000] in <00000000000000000000000000000000>:0 
03-01 18:21:07.768 11970 12326 E Unity   :   at S
03-01 18:21:07.771   692  2024 E fpc_fingerprint_hal: irq count is 1
03-01 18:21:07.772   692  2024 E fpc_fingerprint_hal: irq count is 1
03-01 18:21:07.778 11970 12037 I Appboy v3.2.1 .bo.app.dg: Short circuiting execution of network request and immediately marking it as succeeded.
03-01 18:21:07.778 11970 12037 I Appboy v3.2.1 .bo.app.ab: Event was published, but no subscribers were found. Saving event for later publishing to a matching subscriber. Event class: class bo.app.al
03-01 18:21:07.778 11970 12037 I Appboy v3.2.1 .bo.app.ab: Event was published, but no subscribers were found. Saving event for later publishing to a matching subscriber. Event class: class bo.app.ah
03-01 18:21:07.779 11970 12037 I Appboy v3.2.1 .bo.app.dm: Notifying confirmAndUnlock listeners
03-01 18:21:07.779 11970 12037 I Appboy v3.2.1 .bo.app.dm: Notifying confirmAndUnlock listeners
03-01 18:21:07.780  2171  2171 I HwBrightnessUtils: APS brightness=40.0,ConvertToPercentage=0.33998552
03-01 18:21:07.810  2171  2171 I HwPointEventFilter: do not support AFT because of no config
03-01 18:21:07.824  2171  2171 I HwPointEventFilter: do not support AFT because of no config
03-01 18:21:07.825  1796  2001 E FingerprintNavigation: keycode is : 513
03-01 18:21:07.826  1796  2001 E FingerprintNavigation: keycode is : 513
03-01 18:21:07.826  1796  2001 E FingerprintNavigation: keycode is : 513
03-01 18:21:07.827  1796  2001 E FingerprintNavigation: keycode is : 513
03-01 18:21:07.828  1796  2001 E FingerprintNavigation: keycode is : 513
03-01 18:21:07.828  1796  2001 E FingerprintNavigation: keycode is : 513
03-01 18:21:07.847  2171  2171 I HwPointEventFilter: do not support AFT because of no config
03-01 18:21:07.890  1796  1949 I qti_sensors_hal: [LightSensor]processReportInd: ItemData[0]:1b0000,ItemData[1]:1b0000,lux:27.000000,cct:27.000000
03-01 18:21:07.917   635  1080 E libnav  : CablComputeBacklightLevel(): UpdateType = DifferentSceneUpdate
03-01 18:21:07.922  2171  2171 W HwKeyguardDragHelper: AnimationBlocked
03-01 18:21:07.971  2171  2171 E DateLunarView: mDateString is: Sun, Mar 1
03-01 18:21:07.982  2171  2171 I HwBrightnessUtils: APS brightness=40.0,ConvertToPercentage=0.33998552
03-01 18:21:07.983  2171  2171 I EventCenter: EventCenter Get :android.com.huawei.bone.NOTIFY_SPORT_DATA
03-01 18:21:08.009  2171  2171 W HwKeyguardDragHelper: AnimationBlocked
03-01 18:21:08.022  2171  2171 I HwBrightnessUtils: APS brightness=40.0,ConvertToPercentage=0.33998552
03-01 18:21:08.024  2171  2171 I HwBrightnessUtils: APS brightness=40.0,ConvertToPercentage=0.33998552
03-01 18:21:08.032  2171  2171 I NetworkSpeedManagerEx: mIsStop = false
03-01 18:21:08.032  2171  2171 I NetworkSpeedManagerEx: mIsStop = false
03-01 18:21:08.054  1796  2001 E FingerprintNavigation: sendDoubleTap
03-01 18:21:08.054  1796  2001 W HwPhoneWindowManager: supportActivityForbidSpecialKey keyCode=501
03-01 18:21:08.055  1796  2001 W HwPhoneWindowManager: supportActivityForbidSpecialKey keyCode=501
03-01 18:21:08.069  2171  2171 W HwKeyguardDragHelper: AnimationBlocked
03-01 18:21:08.089  1796  2000 I InputDispatcher: touch process [11970], send to pg
03-01 18:21:08.098  2171  2171 W HwKeyguardDragHelper: AnimationBlocked
03-01 18:21:08.100  2171  2171 I NetworkSpeedManagerEx: value=605902.0speed = 591.7K/s
03-01 18:21:08.100  2171  2171 I NetworkSpeedView: /update(), speed=591.7K/s parent class:class com.android.systemui.statusbar.HwSystemIcons
03-01 18:21:08.102   692  2024 E fpc_fingerprint_hal: irq count is 1
03-01 18:21:08.102   692  2024 E fpc_fingerprint_hal: irq count is 1
03-01 18:21:08.104  2171  2171 I NetworkSpeedManagerEx: value=605902.0speed = 591.7K/s
03-01 18:21:08.104  2171  2171 I NetworkSpeedView: /update(), speed=591.7K/s parent class:class com.android.systemui.statusbar.HwSystemIcons
03-01 18:21:08.108   690   690 E         : [E/capacity_limit_control] not demo version, not set power control prop!
03-01 18:21:08.125  2171  2171 W HwKeyguardDragHelper: AnimationBlocked
03-01 18:21:08.199 11970 11991 I Unity   : AppsFlyerTrackerCallbacks:: got conversion data = {"af_message":"organic install","af_status":"Organic","is_first_launch":"false"}
03-01 18:21:08.199 11970 11991 I Unity   : UnityEngine.Logger:Log(LogType, Object)
03-01 18:21:08.199 11970 11991 I Unity   :  
03-01 18:21:08.199 11970 11991 I Unity   : (Filename: ./Runtime/Export/Debug/Debug.bindings.h Line: 48)
03-01 18:21:08.199 11970 11991 I Unity   : 
03-01 18:21:08.226  1796  1949 I qti_sensors_hal: [LightSensor]processReportInd: the skip  luxValue  ItemData[0]:1b0000,ItemData[1]:1b0000, lux:27.000000,cct:27.000000
03-01 18:21:08.363   670   670 I MetadataRetrieverClient: MetadataRetrieverClient::setDataSource local file://?FileDescriptor=13&Offset=0&Length=2111758&Path=/storage/emulated/0/Android/data/com.turner.pocketmorties/cache/UnityAdsCache/UnityAdsCache-404ba46f64de0c05b6734e3c752c845879d6b3af5d38c71285022bb7d6323c62.mp4
03-01 18:21:08.364   670   670 W MediaExtractor: creating media extractor in calling process
03-01 18:21:08.388  1796  1842 I LocationManagerService: getProviders()=[]
03-01 18:21:08.399   670   670 I MediaExtractor: extractor created in uid: 1013 (media)
03-01 18:21:08.400   670   670 I SampleTable: There are reordered frames present.
03-01 18:21:08.409   670   670 I MediaExtractor: extractor created in uid: 1013 (media)
03-01 18:21:08.410   670   670 I SampleTable: There are reordered frames present.
03-01 18:21:08.447  1796  2499 I LocationManagerService: getProviders()=[]
03-01 18:21:08.460  2768  2768 W ChimeraUtils: Non Chimera context
03-01 18:21:08.469  3669  4700 W GamesServiceBroker: Client connected with SDK 19998000, Services 200414017, and Games 144500036
03-01 18:21:08.484 11970 12611 I GamesNativeSDK: Successfully connected to Google Play.
03-01 18:21:08.507  1796  3406 I LocationManagerService: getProviders()=[]
03-01 18:21:08.529 11970 12079 I         : counter >= 5, send pause/stop state to pg, counter: 0
03-01 18:21:08.531  2422  2564 I AudioState: stop from wilhelm, pid: 11970 sessionId: 65
03-01 18:21:08.531  2422  2564 I PGServer: report state:2 event type:2 pid:11970 uid:10233 pkg:null to pid: 1796
03-01 18:21:08.552  1796  3396 I LocationManagerService: getProviders()=[]
03-01 18:21:08.595  1796  2493 I LocationManagerService: getProviders()=[]
03-01 18:21:08.637  1796  2483 I LocationManagerService: getProviders()=[]
03-01 18:21:08.658  2768  4727 E ExecutionCriteria: Package unavailable for task: com.google.android.apps.plus/com.firebase.jobdispatcher.GooglePlayReceiver{u=0 tag="SyncTask1_" trigger=window{start=900s,end=2539s,earliest=-21376414s,latest=-21374775s} requirements=[NET_ANY,CHARGING] attributes=[PERSISTED] scheduled=-21377314s last_run=N/A jid=N/A status=PENDING retries=0 client_lib=FIREBASE_JOB_DISPATCHER-1}
03-01 18:21:08.661  2768  4727 E ExecutionCriteria: Package unavailable for task: com.google.android.apps.plus/com.firebase.jobdispatcher.GooglePlayReceiver{u=0 tag="SyncTask" trigger=window{start=155181s,end=156697s,earliest=-21222133s,latest=-21220617s} requirements=[NET_ANY] attributes=[PERSISTED] scheduled=-21377314s last_run=N/A jid=N/A status=PENDING retries=0 client_lib=FIREBASE_JOB_DISPATCHER-1}
03-01 18:21:08.666  2768  4727 E ExecutionCriteria: Package unavailable for task: com.google.android.apps.magazines/com.google.apps.dots.android.newsstand.pushmessage.PushMessageRegistrationService{u=0 tag="PushMessageRegistrationService.GCMSync1" trigger=window{start=814499s,end=814529s,earliest=-14149042s,latest=-14149012s} requirements=[NET_CONNECTED] attributes=[PERSISTED] scheduled=-14963541s last_run=N/A jid=N/A status=PENDING retries=0 client_lib=MANCHEGO_GCM-12525000}
03-01 18:21:08.668  2768  4727 E ExecutionCriteria: Package unavailable for task: com.google.android.apps.magazines/com.google.apps.dots.android.newsstand.pushmessage.PushMessageRegistrationService{u=0 tag="PushMessageRegistrationService.GCMSync2" trigger=window{start=1628998s,end=1629028s,earliest=-13334543s,latest=-13334513s} requirements=[NET_CONNECTED] attributes=[PERSISTED] scheduled=-14963541s last_run=N/A jid=N/A status=PENDING retries=0 client_lib=MANCHEGO_GCM-12525000}
03-01 18:21:08.670  2768  4727 E ExecutionCriteria: Package unavailable for task: com.google.android.apps.magazines/com.google.apps.dots.android.newsstand.pushmessage.PushMessageRegistrationService{u=0 tag="PushMessageRegistrationService.GCMSync3" trigger=window{start=2443497s,end=2443527s,earliest=-12520044s,latest=-12520014s} requirements=[NET_CONNECTED] attributes=[PERSISTED] scheduled=-14963541s last_run=N/A jid=N/A status=PENDING retries=0 client_lib=MANCHEGO_GCM-12525000}
03-01 18:21:08.682  1796  3405 I LocationManagerService: getProviders()=[]
03-01 18:21:08.765 11970 11991 W Appboy v3.2.1 .bo.app.ec: Could not add unsupported custom attribute type with key: multiplayer_dimension and value: null
03-01 18:21:08.897  1796  1949 I qti_sensors_hal: [LightSensor]processReportInd: the skip  luxValue  ItemData[0]:120000,ItemData[1]:120000, lux:18.000000,cct:18.000000
03-01 18:21:09.166  1796  2484 I LocationManagerService: getProviders()=[]
03-01 18:21:09.233  1796  1949 I qti_sensors_hal: [LightSensor]processReportInd: the skip  luxValue  ItemData[0]:180000,ItemData[1]:180000, lux:24.000000,cct:24.000000
03-01 18:21:09.570  1796  2347 I LocationManagerService: getProviders()=[]
03-01 18:21:09.635  1796  2597 I LocationManagerService: getProviders()=[]
03-01 18:21:09.688  1796  1842 I LocationManagerService: getProviders()=[]
03-01 18:21:09.732  1796  1854 I art     : Starting a blocking GC Explicit
03-01 18:21:09.743  1796  2606 I LocationManagerService: getProviders()=[]
03-01 18:21:09.790  1796  2607 I LocationManagerService: getProviders()=[]
03-01 18:21:09.833  1796  2420 I LocationManagerService: getProviders()=[]
03-01 18:21:09.882  1796  2493 I LocationManagerService: getProviders()=[]
03-01 18:21:09.928  1796  2484 I LocationManagerService: getProviders()=[]
03-01 18:21:09.977  1796  2595 I LocationManagerService: getProviders()=[]
03-01 18:21:10.027  1796  2132 I LocationManagerService: getProviders()=[]
03-01 18:21:10.071  1796  1854 I art     : Explicit concurrent mark sweep GC freed 37850(2MB) AllocSpace objects, 24(568KB) LOS objects, 22% free, 41MB/53MB, paused 3.546ms total 338.407ms
03-01 18:21:10.075  1796  1841 I LocationManagerService: getProviders()=[]
03-01 18:21:10.124  1796  3408 I LocationManagerService: getProviders()=[]
03-01 18:21:10.172  1796  4360 I LocationManagerService: getProviders()=[]
03-01 18:21:10.222  1796  3405 I LocationManagerService: getProviders()=[]
03-01 18:21:10.381 11970 11991 W Appboy v3.2.1 .bo.app.ec: Could not add unsupported custom attribute type with key: multiplayer_dimension and value: null
03-01 18:21:10.826  1796  6566 I MQoS    : MSG_QUERY_TCP_INFO called,count:42
03-01 18:21:10.827  1796  1796 I WifiProJNI: ######### CMD_QUERY_PKTS ########
03-01 18:21:10.827  1796  2076 I QosMonitor: postEventFromNative: msg=100,arg1=0,arg2=9
03-01 18:21:10.828  1796  2076 W WifiProJNI: poll before: g_monitor_fd =327
03-01 18:21:10.828  1796  1796 I MQoS    : rtt=0,tcp_tx_pkts=0,tcp_rx_pkts=0
03-01 18:21:10.831  1796  6566 I TrafficMonitor: getStatic,count:0,work status:false
03-01 18:21:10.831  1796  6566 I MQoS    : QOS_level:5(5),use RAT:4G;signalLvl:5
03-01 18:21:11.104  2171  2171 I NetworkSpeedManagerEx: mIsStop = false
03-01 18:21:11.104  2171  2171 I NetworkSpeedManagerEx: mIsStop = false
03-01 18:21:11.108  2171  2171 I NetworkSpeedManagerEx: value=4389.6665speed = 4.3K/s
03-01 18:21:11.109  2171  2171 I NetworkSpeedView: /update(), speed=4.3K/s parent class:class com.android.systemui.statusbar.HwSystemIcons
03-01 18:21:11.127  2171  2171 I NetworkSpeedManagerEx: value=4420.3335speed = 4.3K/s
03-01 18:21:11.127  2171  2171 I NetworkSpeedView: /update(), speed=4.3K/s parent class:class com.android.systemui.statusbar.HwSystemIcons
03-01 18:21:12.675   656   656 E Thermal-daemon: [pa_0] temp_new :38  temp_old :37
03-01 18:21:12.676  2422 11083 I ThermalService: Receive temperature change, type: 1, temp: 38 from thermald
03-01 18:21:12.677  2422  4163 I LowBatteryManager: Only handle msg event!
03-01 18:21:12.677   656   656 E Thermal-daemon: Report temperature: [pa_0] temp :38  report_threshold:1
03-01 18:21:12.680   656   656 E Thermal-daemon: [ap] temp_new :42  temp_old :40
03-01 18:21:12.680  2422  4201 I ThermalService: Receive temperature change, type: 0, temp: 42 from thermald
03-01 18:21:12.681   656   656 E Thermal-daemon: Report temperature: [ap] temp :42  report_threshold:1
03-01 18:21:12.681  2422  4163 I LowBatteryManager: Only handle msg event!
03-01 18:21:13.119   690   690 E         : [E/capacity_limit_control] not demo version, not set power control prop!
03-01 18:21:13.597  1796  1949 I qti_sensors_hal: [LightSensor]processReportInd: the skip  luxValue  ItemData[0]:110000,ItemData[1]:110000, lux:17.000000,cct:17.000000
03-01 18:21:13.630  1796  1796 I MQoS    : onSignal: mSubId=0,currDataSubID=0
03-01 18:21:13.630  1796  1796 I MQoS    : received cell-signal:5
03-01 18:21:13.630  1796  2420 I SendBroadcastPermission: action:android.intent.action.SIG_STR, mPermissionType:0
03-01 18:21:13.636  2171  2254 I HwMobileSignalController: subId:0 phoneType:1 networktype:13 targetClass:3 masterLevel:4 slaveLevel:-1
03-01 18:21:13.640  1796  2493 I SendBroadcastPermission: action:android.intent.action.SIG_STR, mPermissionType:0
03-01 18:21:13.641  1796  1796 I MQoS    : onSignal: mSubId=1,currDataSubID=0
03-01 18:21:13.641  1796  1796 I MQoS    : received cell-signal:5
03-01 18:21:13.646  2171  2254 I HwMobileSignalController: subId:1 phoneType:1 networktype:3 targetClass:2 masterLevel:4 slaveLevel:-1
03-01 18:21:13.933  1796  1949 I qti_sensors_hal: [LightSensor]processReportInd: the skip  luxValue  ItemData[0]:140000,ItemData[1]:140000, lux:20.000000,cct:20.000000
03-01 18:21:13.990  2768  2768 W ChimeraUtils: Non Chimera context
03-01 18:21:14.115  2171  2171 I NetworkSpeedManagerEx: mIsStop = false
03-01 18:21:14.119  2171  2171 I NetworkSpeedManagerEx: value=8732.667speed = 8.5K/s
03-01 18:21:14.119  2171  2171 I NetworkSpeedView: /update(), speed=8.5K/s parent class:class com.android.systemui.statusbar.HwSystemIcons
03-01 18:21:14.137  2171  2171 I NetworkSpeedManagerEx: mIsStop = false
03-01 18:21:14.142  2171  2171 I NetworkSpeedManagerEx: value=8842.333speed = 8.6K/s
03-01 18:21:14.142  2171  2171 I NetworkSpeedView: /update(), speed=8.6K/s parent class:class com.android.systemui.statusbar.HwSystemIcons
03-01 18:21:14.173 11970 11991 W com.amplitude.api.Identify: Attempting to perform operation $set with null value for property multiplayer_dimension, ignoring
03-01 18:21:14.202  1796  2606 I LocationManagerService: getProviders()=[]
03-01 18:21:14.228 11251 11263 I Finsky  : [766] fzo.d(19): com.turner.pocketmorties: Account determined from installer data - [7L00I2WO7M3V8rbOq__m_9ZRtN_frKLg40osb7BdNHo]
03-01 18:21:14.230 11251 11263 I Finsky  : [766] fzo.d(24): com.turner.pocketmorties: Account from preferred account - [7L00I2WO7M3V8rbOq__m_9ZRtN_frKLg40osb7BdNHo]
03-01 18:21:14.242 11251 11263 I Finsky  : [766] fzo.d(19): com.turner.pocketmorties: Account determined from installer data - [7L00I2WO7M3V8rbOq__m_9ZRtN_frKLg40osb7BdNHo]
03-01 18:21:14.243 11251 11263 I Finsky  : [766] fzo.d(24): com.turner.pocketmorties: Account from preferred account - [7L00I2WO7M3V8rbOq__m_9ZRtN_frKLg40osb7BdNHo]
03-01 18:21:14.284  1796  2347 I LocationManagerService: getProviders()=[]
03-01 18:21:14.303  3669 12199 W NetworkResponseErrorDec: StatusCode:403 Reason:[rateLimitExceeded] Location:[]
03-01 18:21:14.317  3669 12199 W ApplyOnServerRunnable: Too many retries for action. Undoing.
03-01 18:21:14.317  3669 12199 W ApplyOnServerRunnable: uea: Server execution failed
03-01 18:21:14.317  3669 12199 W ApplyOnServerRunnable: 	at ukj.a(:com.google.android.gms@200414017@20.04.14 (040306-294335909):6)
03-01 18:21:14.317  3669 12199 W ApplyOnServerRunnable: 	at uby.a(:com.google.android.gms@200414017@20.04.14 (040306-294335909):15)
03-01 18:21:14.317  3669 12199 W ApplyOnServerRunnable: 	at uby.a(:com.google.android.gms@200414017@20.04.14 (040306-294335909):70)
03-01 18:21:14.317  3669 12199 W ApplyOnServerRunnable: 	at ubf.a(:com.google.android.gms@200414017@20.04.14 (040306-294335909):11)
03-01 18:21:14.317  3669 12199 W ApplyOnServerRunnable: 	at uen.run(:com.google.android.gms@200414017@20.04.14 (040306-294335909):17)
03-01 18:21:14.317  3669 12199 W ApplyOnServerRunnable: 	at java.util.concurrent.ThreadPoolExecutor.runWorker(ThreadPoolExecutor.java:1133)
03-01 18:21:14.317  3669 12199 W ApplyOnServerRunnable: 	at java.util.concurrent.ThreadPoolExecutor$Worker.run(ThreadPoolExecutor.java:607)
03-01 18:21:14.317  3669 12199 W ApplyOnServerRunnable: 	at java.lang.Thread.run(Thread.java:776)
03-01 18:21:14.364  1796  3405 I LocationManagerService: getProviders()=[]
03-01 18:21:14.373 11251 11251 I Finsky  : [1] fkm.run(30): Skipping a request to /bulkAcquire since cache has all the records.
03-01 18:21:14.375 11251 12300 I Finsky  : [841] fzo.d(19): com.turner.pocketmorties: Account determined from installer data - [7L00I2WO7M3V8rbOq__m_9ZRtN_frKLg40osb7BdNHo]
03-01 18:21:14.376 11251 12300 I Finsky  : [841] fzo.d(24): com.turner.pocketmorties: Account from preferred account - [7L00I2WO7M3V8rbOq__m_9ZRtN_frKLg40osb7BdNHo]
03-01 18:21:14.428  1796  2607 I LocationManagerService: getProviders()=[]
03-01 18:21:14.449  3669  4702 W GamesServiceBroker: Client connected with SDK 19998000, Services 200414017, and Games 144500036
03-01 18:21:14.478 11251 11251 I Finsky  : [1] fkm.run(30): Skipping a request to /bulkAcquire since cache has all the records.
03-01 18:21:14.481 11251 11262 I Finsky  : [765] fzo.d(19): com.turner.pocketmorties: Account determined from installer data - [7L00I2WO7M3V8rbOq__m_9ZRtN_frKLg40osb7BdNHo]
03-01 18:21:14.492  1796  2605 I LocationManagerService: getProviders()=[]
03-01 18:21:14.495 11251 11262 I Finsky  : [765] fzo.d(24): com.turner.pocketmorties: Account from preferred account - [7L00I2WO7M3V8rbOq__m_9ZRtN_frKLg40osb7BdNHo]
03-01 18:21:14.501 11251 11263 I Finsky  : [766] fzo.d(19): com.turner.pocketmorties: Account determined from installer data - [7L00I2WO7M3V8rbOq__m_9ZRtN_frKLg40osb7BdNHo]
03-01 18:21:14.502 11251 11263 I Finsky  : [766] fzo.d(24): com.turner.pocketmorties: Account from preferred account - [7L00I2WO7M3V8rbOq__m_9ZRtN_frKLg40osb7BdNHo]
03-01 18:21:14.508  3669 11160 I ContentMaintenance: Internal cache bytes used: 158032; limit: 100000000; download size: 0
03-01 18:21:14.517 11251 12300 I Finsky  : [841] fzo.d(19): com.turner.pocketmorties: Account determined from installer data - [7L00I2WO7M3V8rbOq__m_9ZRtN_frKLg40osb7BdNHo]
03-01 18:21:14.521 11251 12300 I Finsky  : [841] fzo.d(24): com.turner.pocketmorties: Account from preferred account - [7L00I2WO7M3V8rbOq__m_9ZRtN_frKLg40osb7BdNHo]
03-01 18:21:14.582  3669 11160 I RealtimeCacheCleanup: Beginning Realtime garbage collection.
03-01 18:21:14.584  3669 11160 I RealtimeCacheCleanup: Finished Realtime garbage collection.
03-01 18:21:14.586  1796  3396 I LocationManagerService: getProviders()=[]
03-01 18:21:14.609 11251 11261 I art     : Background sticky concurrent mark sweep GC freed 109863(9MB) AllocSpace objects, 26(1192KB) LOS objects, 29% free, 9MB/13MB, paused 1.459ms total 134.329ms
03-01 18:21:14.652  1796  4360 I LocationManagerService: getProviders()=[]
03-01 18:21:14.846  3669  3683 I art     : Background partial concurrent mark sweep GC freed 117569(5MB) AllocSpace objects, 4(80KB) LOS objects, 43% free, 15MB/27MB, paused 1.685ms total 198.285ms
03-01 18:21:15.286 11970 11991 W Appboy v3.2.1 .bo.app.ec: Could not add unsupported custom attribute type with key: multiplayer_dimension and value: null
03-01 18:21:15.470   635  1080 E libnav  : CablComputeBacklightLevel(): UpdateType = DifferentSceneUpdate
03-01 18:21:15.601  3669  4194 I PinnedContentDownloader: Finished downloading pinned content.
03-01 18:21:16.332  3669  4700 W GamesServiceBroker: Client connected with SDK 19998000, Services 200414017, and Games 144500036
03-01 18:21:16.462  3669  4702 W GamesServiceBroker: Client connected with SDK 19998000, Services 200414017, and Games 144500036
03-01 18:21:16.778  3669  4702 I PendingContent: Deleted duplicate successfully: 29b51ac5-ad3f-490a-905a-2bbbc6ae3ab9
03-01 18:21:16.841  3669  4702 W GamesServiceBroker: Client connected with SDK 19998000, Services 200414017, and Games 144500036
03-01 18:21:16.974  3669  7692 W GamesServiceBroker: Client connected with SDK 19998000, Services 200414017, and Games 144500036
03-01 18:21:17.128  2171  2171 I NetworkSpeedManagerEx: mIsStop = false
03-01 18:21:17.132  2171  2171 I NetworkSpeedManagerEx: value=26313.334speed = 25.7K/s
03-01 18:21:17.132  2171  2171 I NetworkSpeedView: /update(), speed=25.7K/s parent class:class com.android.systemui.statusbar.HwSystemIcons
03-01 18:21:17.152  2171  2171 I NetworkSpeedManagerEx: mIsStop = false
03-01 18:21:17.159  2171  2171 I NetworkSpeedManagerEx: value=28487.334speed = 27.8K/s
03-01 18:21:17.159  2171  2171 I NetworkSpeedView: /update(), speed=27.8K/s parent class:class com.android.systemui.statusbar.HwSystemIcons
03-01 18:21:17.265  3669 12200 W NetworkResponseErrorDec: StatusCode:403 Reason:[rateLimitExceeded] Location:[]
03-01 18:21:17.302  3669  7692 I PendingContent: Deleted duplicate successfully: 39b40b76-f239-4a93-a4bd-6b090ebc05f5
03-01 18:21:17.361  3669  7692 W GamesServiceBroker: Client connected with SDK 19998000, Services 200414017, and Games 144500036
03-01 18:21:17.396  3669  3825 I PeopleChimeraService: onService. callbacks = aabc@d50000c, request = com.google.android.gms.common.internal.GetServiceRequest@5bdd55
03-01 18:21:17.684   656   656 E Thermal-daemon: [charger_ic] temp_new :37  temp_old :36
03-01 18:21:17.687  2422 11083 I ThermalService: Receive temperature change, type: 2, temp: 37 from thermald
03-01 18:21:17.687  2422  4163 I LowBatteryManager: Only handle msg event!
03-01 18:21:17.687   656   656 E Thermal-daemon: Report temperature: [charger_ic] temp :37  report_threshold:1
03-01 18:21:17.689   656   656 E Thermal-daemon: [ap] temp_new :43  temp_old :42
03-01 18:21:17.689  2422  2454 I ThermalService: Receive temperature change, type: 0, temp: 43 from thermald
03-01 18:21:17.690   656   656 E Thermal-daemon: Report temperature: [ap] temp :43  report_threshold:1
03-01 18:21:17.690  2422  4163 I LowBatteryManager: Only handle msg event!
03-01 18:21:17.844  3669 12200 W NetworkResponseErrorDec: StatusCode:403 Reason:[rateLimitExceeded] Location:[]
03-01 18:21:17.852 11970 11991 W com.amplitude.api.Identify: Attempting to perform operation $set with null value for property multiplayer_dimension, ignoring
03-01 18:21:17.879  1796  2347 I LocationManagerService: getProviders()=[]
03-01 18:21:17.891  3669  4702 I ContentDownloadManager: Up-to-date file is already available locally: EntrySpec[3138]
03-01 18:21:18.004  1796  2483 I LocationManagerService: getProviders()=[]
03-01 18:21:18.010  3669 12669 W SnapshotAgent: Found multiple files with title, taking the oldest one
03-01 18:21:18.011  3669 12669 W SnapshotAgent: Found conflict for snapshot CloudContainer.dat
03-01 18:21:18.059  1796  2606 I LocationManagerService: getProviders()=[]
03-01 18:21:18.106  1796  3407 I LocationManagerService: getProviders()=[]
03-01 18:21:18.128   690   690 E         : [E/capacity_limit_control] not demo version, not set power control prop!
03-01 18:21:18.161  1796  2607 I LocationManagerService: getProviders()=[]
03-01 18:21:18.221  1796  1842 I LocationManagerService: getProviders()=[]
03-01 18:21:18.298  1796  2607 I LocationManagerService: getProviders()=[]
03-01 18:21:18.351  3669  4702 I ContentDownloadManager: Up-to-date file is already available locally: EntrySpec[3138]
03-01 18:21:18.367  1796  3408 I LocationManagerService: getProviders()=[]
03-01 18:21:18.434  1796  2483 I LocationManagerService: getProviders()=[]
03-01 18:21:18.497  1796  3406 I LocationManagerService: getProviders()=[]
03-01 18:21:18.569  1796  2414 I LocationManagerService: getProviders()=[]
03-01 18:21:18.634  1796  3404 I LocationManagerService: getProviders()=[]
03-01 18:21:18.702  1796  2484 I LocationManagerService: getProviders()=[]
03-01 18:21:18.734  3669  4702 I ContentDownloadManager: Up-to-date file is already available locally: EntrySpec[3267]
03-01 18:21:18.768  1796  3406 I LocationManagerService: getProviders()=[]
03-01 18:21:18.837  1796  2347 I LocationManagerService: getProviders()=[]
03-01 18:21:18.895   635  1080 E libnav  : CablComputeBacklightLevel(): UpdateType = DifferentSceneUpdate
03-01 18:21:18.905  1796  2347 I LocationManagerService: getProviders()=[]
03-01 18:21:18.918  1796  3405 I SendBroadcastPermission: action:android.intent.action.SIG_STR, mPermissionType:0
