03-01 18:21:18.918  1796  1796 I MQoS    : onSignal: mSubId=1,currDataSubID=0
03-01 18:21:18.918  1796  1796 I MQoS    : received cell-signal:5
03-01 18:21:18.925  2171  2254 I HwMobileSignalController: subId:1 phoneType:1 networktype:3 targetClass:2 masterLevel:4 slaveLevel:-1
03-01 18:21:18.969  1796  2414 I LocationManagerService: getProviders()=[]
03-01 18:21:19.037  1796  1842 I LocationManagerService: getProviders()=[]
03-01 18:21:19.097  1796  4360 I LocationManagerService: getProviders()=[]
03-01 18:21:19.163  1796  2420 I LocationManagerService: getProviders()=[]
03-01 18:21:19.233  1796  2414 I LocationManagerService: getProviders()=[]
03-01 18:21:19.256  3669  4702 I ContentDownloadManager: Up-to-date file is already available locally: EntrySpec[3138]
03-01 18:21:19.311  1796  3407 I LocationManagerService: getProviders()=[]
03-01 18:21:19.359  1796  2499 I LocationManagerService: getProviders()=[]
03-01 18:21:19.417  1796  2420 I LocationManagerService: getProviders()=[]
03-01 18:21:19.468  1796  2484 I LocationManagerService: getProviders()=[]
03-01 18:21:19.520  1796  2595 I LocationManagerService: getProviders()=[]
03-01 18:21:19.574  1796  2132 I LocationManagerService: getProviders()=[]
03-01 18:21:19.626  1796  2483 I LocationManagerService: getProviders()=[]
03-01 18:21:19.631  1796  3406 I SendBroadcastPermission: action:android.intent.action.SIG_STR, mPermissionType:0
03-01 18:21:19.632  1796  1796 I MQoS    : onSignal: mSubId=0,currDataSubID=0
03-01 18:21:19.632  1796  1796 I MQoS    : received cell-signal:5
03-01 18:21:19.637  2171  2254 I HwMobileSignalController: subId:0 phoneType:1 networktype:13 targetClass:3 masterLevel:4 slaveLevel:-1
03-01 18:21:19.682  1796  1841 I LocationManagerService: getProviders()=[]
03-01 18:21:19.735  1796  2606 I LocationManagerService: getProviders()=[]
03-01 18:21:19.784  1796  2605 I LocationManagerService: getProviders()=[]
03-01 18:21:19.839  1796  2493 I LocationManagerService: getProviders()=[]
03-01 18:21:19.896  1796  4272 I LocationManagerService: getProviders()=[]
03-01 18:21:19.948  1796  2597 I LocationManagerService: getProviders()=[]
03-01 18:21:20.001  1796  2607 I LocationManagerService: getProviders()=[]
03-01 18:21:20.056  1796  1842 I LocationManagerService: getProviders()=[]
03-01 18:21:20.116  1796  3396 I LocationManagerService: getProviders()=[]
03-01 18:21:20.130  1796  3406 I qti_sensors_hal: batch,376,handle 1, timeout:0 ,period_ns:300000000
03-01 18:21:20.130  1796  3406 I qti_sensors_hal: batch:sensor(android.sensor.light) handle:1 flags:0x0 period_ns 300000000
03-01 18:21:20.130  1796  3406 I qti_sensors_hal: batch:sensor(android.sensor.light) sample_rate=3.333333Hz report_rate_f=0.000000Hz curr sample rate:3.333333 cur rpt rate:0 max:25.000000 min:0.015259
03-01 18:21:20.130  1796  3406 I qti_sensors_hal: batch: current sample rate, report rate & buffering are equal to requested (3.333333,0.000000,0)
03-01 18:21:20.137  2171  2171 I NetworkSpeedManagerEx: mIsStop = false
03-01 18:21:20.141  2171  2171 I NetworkSpeedManagerEx: value=50409.332speed = 49.2K/s
03-01 18:21:20.141  2171  2171 I NetworkSpeedView: /update(), speed=49.2K/s parent class:class com.android.systemui.statusbar.HwSystemIcons
03-01 18:21:20.159  2171  2171 I NetworkSpeedManagerEx: mIsStop = false
03-01 18:21:20.164  2171  2171 I NetworkSpeedManagerEx: value=48095.0speed = 47K/s
03-01 18:21:20.164  2171  2171 I NetworkSpeedView: /update(), speed=47K/s parent class:class com.android.systemui.statusbar.HwSystemIcons
03-01 18:21:20.180  1796  2606 I LocationManagerService: getProviders()=[]
03-01 18:21:20.246  1796  2493 I LocationManagerService: getProviders()=[]
03-01 18:21:20.310  1796  2414 I LocationManagerService: getProviders()=[]
03-01 18:21:20.371  1796  2607 I LocationManagerService: getProviders()=[]
03-01 18:21:20.435  1796  1842 I LocationManagerService: getProviders()=[]
03-01 18:21:20.498  1796  4360 I LocationManagerService: getProviders()=[]
03-01 18:21:20.835  1796  6566 I MQoS    : MSG_QUERY_TCP_INFO called,count:43
03-01 18:21:20.836  1796  1796 I WifiProJNI: ######### CMD_QUERY_PKTS ########
03-01 18:21:20.837  1796  2076 I QosMonitor: postEventFromNative: msg=100,arg1=0,arg2=9
03-01 18:21:20.837  1796  2076 W WifiProJNI: poll before: g_monitor_fd =327
03-01 18:21:20.837  1796  1796 I MQoS    : rtt=0,tcp_tx_pkts=0,tcp_rx_pkts=0
03-01 18:21:20.841  1796  6566 I TrafficMonitor: getStatic,count:0,work status:false
03-01 18:21:20.841  1796  6566 I MQoS    : QOS_level:5(5),use RAT:4G;signalLvl:5
03-01 18:21:21.356  2422  3174 I DownloadState: @@@@@@@@@@@@ uid :10017 download :true
03-01 18:21:21.357  2422  3174 I PGServer: report state:5 event type:1 pid:0 uid:10017 pkg:null to pid: 1796
03-01 18:21:21.668  2422  4150 I PGServer: getThermalInfo. calling pkg: com.huawei.iaware
03-01 18:21:22.241  1796  3652 E LocSvc_libulp: I/int ulp_msg_process_system_update(const UlpSystemEvent): systemEvent:5 
03-01 18:21:22.241  1796  3652 E LocSvc_libulp: I/===> int ulp_brain_turn_onoff_dr_provider() line 848 
03-01 18:21:22.241  1796  3652 E LocSvc_libulp: I/===> int ulp_dr_stop_engine() line 235 
03-01 18:21:22.241  1796  3652 E LocSvc_libulp: I/int ulp_msg_process_start_req(), at ulp state = 1
03-01 18:21:22.241  1796  2545 E LocSvc_api_v02: I/---> locClientSendReq line 2069 QMI_LOC_GET_BEST_AVAILABLE_POSITION_REQ_V02
03-01 18:21:22.248  1796  2578 E LocSvc_ApiV02: I/<--- void globalRespCb(locClientHandleType, uint32_t, const locClientRespIndUnionType, uint32_t, void *) line 140 QMI_LOC_GET_BEST_AVAILABLE_POSITION_REQ_V02
03-01 18:21:22.248  1796  3652 E LocSvc_libulp: I/int ulp_brain_process_zpp_position_report(const enum loc_sess_status, LocPosTechMask, UlpLocation *), report ZPP position to providers,report_position = 1
03-01 18:21:22.248  1796  3652 E LocSvc_libulp: I/===> int ulp_brain_turn_onoff_dr_provider() line 848 
03-01 18:21:22.248  1796  3652 E LocSvc_libulp: I/===> int ulp_dr_stop_engine() line 235 
03-01 18:21:22.357 11970 12079 I         : send start state to pg
03-01 18:21:22.359  2422  2564 I AudioState: start from wilhelm, pid: 11970 sessionId: 65
03-01 18:21:22.360  2422  2564 I PGServer: report state:2 event type:1 pid:11970 uid:10233 pkg:null to pid: 1796
03-01 18:21:22.690   656   656 E Thermal-daemon: [battery] temp_new :35  temp_old :34
03-01 18:21:22.691  2422  4201 I ThermalService: Receive temperature change, type: 9, temp: 35 from thermald
03-01 18:21:22.691   656   656 E Thermal-daemon: Report temperature: [battery] temp :35  report_threshold:1
03-01 18:21:22.691  2422  4163 I LowBatteryManager: Only handle msg event!
03-01 18:21:22.693   656   656 E Thermal-daemon: [pa_0] temp_new :39  temp_old :38
03-01 18:21:22.693  2422  2449 I ThermalService: Receive temperature change, type: 1, temp: 39 from thermald
03-01 18:21:22.694   656   656 E Thermal-daemon: Report temperature: [pa_0] temp :39  report_threshold:1
03-01 18:21:22.694  2422  4163 I LowBatteryManager: Only handle msg event!
03-01 18:21:22.696   656   656 E Thermal-daemon: [ap] temp_new :44  temp_old :43
03-01 18:21:22.697  2422  4191 I ThermalService: Receive temperature change, type: 0, temp: 44 from thermald
03-01 18:21:22.697   656   656 E Thermal-daemon: Report temperature: [ap] temp :44  report_threshold:1
03-01 18:21:22.697  2422  4163 I LowBatteryManager: Only handle msg event!
03-01 18:21:23.106   635  1080 E libnav  : CablComputeBacklightLevel(): UpdateType = DifferentSceneUpdate
03-01 18:21:23.134   690   690 E         : [E/capacity_limit_control] not demo version, not set power control prop!
03-01 18:21:23.148  2171  2171 I NetworkSpeedManagerEx: mIsStop = false
03-01 18:21:23.153  2171  2171 I NetworkSpeedManagerEx: value=18114.666speed = 17.7K/s
03-01 18:21:23.153  2171  2171 I NetworkSpeedView: /update(), speed=17.7K/s parent class:class com.android.systemui.statusbar.HwSystemIcons
03-01 18:21:23.159   690   690 E         : [E/capacity_limit_control] not demo version, not set power control prop!
03-01 18:21:23.169  2171  2171 I NetworkSpeedManagerEx: mIsStop = false
03-01 18:21:23.173  2171  2171 I NetworkSpeedManagerEx: value=18114.666speed = 17.7K/s
03-01 18:21:23.173  2171  2171 I NetworkSpeedView: /update(), speed=17.7K/s parent class:class com.android.systemui.statusbar.HwSystemIcons
03-01 18:21:24.421  3669  3669 W DriveEventChimeraServic: Failed to synchronously quit event handler. Will quit itself
03-01 18:21:24.495  2768  2768 W ChimeraUtils: Non Chimera context
03-01 18:21:24.503  3669  4702 I PendingContent: Deleted duplicate successfully: 40b74daa-e31e-4e2e-9e42-bc32800f1f51
03-01 18:21:24.508  3669  4700 W GamesServiceBroker: Client connected with SDK 19998000, Services 200414017, and Games 144500036
03-01 18:21:24.894  3669  7393 E Volley  : [258] BasicNetwork.performRequest: Unexpected response code 403 for https://www.googleapis.com/drive/v2beta/files/1nIFbt_QbcSIzyWUnMoz4VK5eTKvt-cQKqoB7e0IYBU4VAx2fRNrEKd8gKYpeEaJNF6N3xsg?prettyPrint=false&fields=owners(isAuthenticatedUser,picture(url),displayName,permissionId,emailAddress),webContentLink,lastModifyingUser(isAuthenticatedUser,picture(url),displayName,permissionId,emailAddress),originalFilename,headRevisionId,fileExtension,id,folderColorRgb,version,webViewLink,indexableText(text),editable,quotaBytesUsed,properties(key,value,visibility),writersCanShare,sharedWithMeDate,shared,explicitlyTrashed,parents(isRoot,id),thumbnailLink,modifiedByMeDate,labels(restricted,trashed,starred,viewed),appDataContents,md5Checksum,thumbnail(mimeType,image),localId(value,space,version),ownerNames,sharingUser(isAuthenticatedUser,picture(url),displayName,permissionId,emailAddress),copyable,modifiedDate,userPermission(id,role,withLink,name,domain,additionalRoles,value,type,photoLink,emailAddress),etag,createdDate,mimeType,alternateLink,lastViewedByMeDate,title,description,fileSize,downloadUrl,embedLink&acknowledgeAbuse=false&allProperties=true&fileScopeAppIds=843889502734&updateViewedDate=false
03-01 18:21:24.894  3669  7394 E Volley  : [259] BasicNetwork.performRequest: Unexpected response code 403 for https://www.googleapis.com/drive/v2beta/files/1rncm2Tu8ohy-857AtGn-9nx6_OnM2HlYKVT0eKRfl7N4dXo4Cw?prettyPrint=false
03-01 18:21:24.901  3669 12202 W NetworkResponseErrorDec: StatusCode:403 Reason:[rateLimitExceeded] Location:[]
03-01 18:21:24.901  3669 12200 W NetworkResponseErrorDec: StatusCode:403 Reason:[rateLimitExceeded] Location:[]
03-01 18:21:24.902  3669 12202 W ContentAndMetadataActio: Request to get file metadata failed. Cannot proceed with conflict-aware upload of 1nIFbt_QbcSIzyWUnMoz4VK5eTKvt-cQKqoB7e0IYBU4VAx2fRNrEKd8gKYpeEaJNF6N3xsg
03-01 18:21:25.030  3669 12201 W NetworkResponseErrorDec: StatusCode:403 Reason:[rateLimitExceeded] Location:[]
03-01 18:21:25.070  3669 12199 W NetworkResponseErrorDec: StatusCode:403 Reason:[rateLimitExceeded] Location:[]
03-01 18:21:25.088  3669  4700 I ContentDownloadManager: Up-to-date file is already available locally: EntrySpec[3138]
03-01 18:21:25.194  3669 12669 W SnapshotAgent: Found multiple files with title, taking the oldest one
03-01 18:21:25.195  3669 12669 W SnapshotAgent: Found conflict for snapshot CloudContainer.dat
03-01 18:21:25.566  3669  4700 I ContentDownloadManager: Up-to-date file is already available locally: EntrySpec[3138]
03-01 18:21:25.632  1796  3406 I SendBroadcastPermission: action:android.intent.action.SIG_STR, mPermissionType:0
03-01 18:21:25.632  1796  1796 I MQoS    : onSignal: mSubId=0,currDataSubID=0
03-01 18:21:25.632  1796  1796 I MQoS    : received cell-signal:5
03-01 18:21:25.638  2171  2254 I HwMobileSignalController: subId:0 phoneType:1 networktype:13 targetClass:3 masterLevel:4 slaveLevel:-1
03-01 18:21:25.935  3669  4700 I ContentDownloadManager: Up-to-date file is already available locally: EntrySpec[3268]
03-01 18:21:26.165  2171  2171 I NetworkSpeedManagerEx: mIsStop = false
03-01 18:21:26.169  2171  2171 I NetworkSpeedManagerEx: value=31504.334speed = 30.8K/s
03-01 18:21:26.169  2171  2171 I NetworkSpeedView: /update(), speed=30.8K/s parent class:class com.android.systemui.statusbar.HwSystemIcons
03-01 18:21:26.185  2171  2171 I NetworkSpeedManagerEx: mIsStop = false
03-01 18:21:26.190  2171  2171 I NetworkSpeedManagerEx: value=31504.334speed = 30.8K/s
03-01 18:21:26.190  2171  2171 I NetworkSpeedView: /update(), speed=30.8K/s parent class:class com.android.systemui.statusbar.HwSystemIcons
03-01 18:21:26.249  2768  2768 I BeaconBle: 'L' hardware scan: scan stopped, no clients
03-01 18:21:26.564  3669  4700 I ContentDownloadManager: Up-to-date file is already available locally: EntrySpec[3138]
03-01 18:21:26.569  2658  2658 I SendBroadcastPermission: action:com.qualcomm.intent.action.ACTION_UNSOL_RESPONSE_OEM_HOOK_RAW, mPermissionType:0
03-01 18:21:26.571  2398  2818 I SarControl_Manager: processBandCallback, enter, type=4, sub=0, bundle_key1=1
03-01 18:21:26.571  2398  8172 I SarControl_Manager: handleBigPowerCallback, enter, sub=0, powerState=1, is_sub0_big_power=0, is_sub1_big_power=-1
03-01 18:21:26.571  2398  8172 I SarControl_Manager: handleBigPowerCallback, end, isChange=true
03-01 18:21:26.572  2398  8172 W SarControl_Manager: registerGSensor, g_sensor is not legal, not continue, mExistRuleCondition: value, is_sub0_voice=1, is_sub1_voice=1, is_wifi_ap_opened=0, is_sub0_big_power=1, is_sub1_big_power=1, is_wifi_connected=1, is_near_light=1, is_cell_sar_sensor=1, sub0_cell_band=47, sub1_cell_band=47, is_headset_insert=0, sar_cell_reduce=1, sar_wifi_reduce=12
03-01 18:21:26.572  2398  8172 I SarControl_Manager: registerSarSensor, enter
03-01 18:21:26.575  1796  4272 I qti_sensors_hal: batch,376,handle 14, timeout:0 ,period_ns:200000000
03-01 18:21:26.575  1796  4272 I qti_sensors_hal: batch:sensor(com.qti.sensor.sar) handle:14 flags:0x0 period_ns 200000000
03-01 18:21:26.575  1796  4272 I qti_sensors_hal: batch:sensor(com.qti.sensor.sar) sample_rate=5.000000Hz report_rate_f=0.000000Hz curr sample rate:5.000000 cur rpt rate:0 max:15.000000 min:0.015259
03-01 18:21:26.575  1796  4272 I qti_sensors_hal: batch: current sample rate, report rate & buffering are equal to requested (5.000000,0.000000,0)
03-01 18:21:26.575  1796  4272 I qti_sensors_hal: activate: handle is 14, en is 1
03-01 18:21:26.575  1796  4272 I qti_sensors_hal: activate: 295 activate sensors is 2020800004003
03-01 18:21:26.575  1796  4272 I qti_sensors_hal: enable,95:handle is 14, en is 1
03-01 18:21:26.578   674  1709 E bdatd   : [SensorStat.cpp] setState# sensor not found
03-01 18:21:26.578  2398  8172 I SarControl_Manager: registerSarSensor: end, mIsSarSensorRegistered=true
03-01 18:21:26.578  2398  8172 I SarControl_Manager: checkStateAndHandle, enter, mHandler=Handler (com.huawei.sarcontrolservice.SarControlManager$3) {1ceaf69}
03-01 18:21:26.579  2398  8172 I SarControl_Manager: handleControlSAR, enter, find=false, mRuleDataCur value, is_sub0_voice=0, is_sub1_voice=0, is_wifi_ap_opened=0, is_sub0_big_power=1, is_wifi_connected=0, is_near_light=0, is_headset_insert=0, sar_cell_reduce=1mLastSarCellReduce=-1, mLastSarWifi24GHzReduce=-1, mLastSarWifi5GHzReduce=-1, mLastSarWifiReduce=-1
03-01 18:21:26.579  2398  8172 I SarControl_Manager: restoreSarToNormal, enter, mHasDownSarAntenna=-1, mHasDownSarWifi=-1, mLastSarWifi24GHzReduce=-1, mLastSarWifi5GHzReduce=-1
03-01 18:21:26.579  2398  8172 I SarControl_Manager: handleControlSAR, end, rst=false, mSarHasDownAntenna=-1, mSarHasDownWifi=-1, mLastSarWifi24GHzReduce=-1, mLastSarWifi5GHzReduce=-1
03-01 18:21:26.705  1796  1949 I qti_sensors_hal: [sar-sensor]processReportInd: x: P: 1.000000, diff: 1981.000000, data[2]: 0.000000
03-01 18:21:26.706  2398  2398 I SarControl_Manager: checkStateAndHandle, enter, mHandler=Handler (com.huawei.sarcontrolservice.SarControlManager$3) {1ceaf69}
03-01 18:21:26.706  2398  8172 I SarControl_Manager: handleControlSAR, enter, find=true, mRuleDataCur value, is_sub0_voice=0, is_sub1_voice=0, is_wifi_ap_opened=0, is_sub0_big_power=1, is_wifi_connected=0, is_near_light=0, is_cell_sar_sensor=1, is_headset_insert=0, sar_cell_reduce=1mLastSarCellReduce=-1, mLastSarWifi24GHzReduce=-1, mLastSarWifi5GHzReduce=-1, mLastSarWifiReduce=-1
03-01 18:21:26.706  2398  8172 I SarControl_Manager: setMaxTxPower, will call setMaxTxPower, type=1, power=1
03-01 18:21:26.711  2398  8172 I SarControl_Manager: setMaxTxPower, rst = true, type=DSI, power=1
03-01 18:21:26.711  2398  8172 I SarControl_Manager: handleControlSAR, end, rst=true, mSarHasDownAntenna=1, mSarHasDownWifi=-1, mLastSarWifi24GHzReduce=-1, mLastSarWifi5GHzReduce=-1
03-01 18:21:26.908  3669  4700 W GamesServiceBroker: Client connected with SDK 19998000, Services 200414017, and Games 144500036
03-01 18:21:26.944  3669  4702 I PendingContent: Deleted duplicate successfully: c5c45d41-0d7a-4aaf-a22d-664ff91b8412
03-01 18:21:27.261  3669  7391 E Volley  : [257] BasicNetwork.performRequest: Unexpected response code 403 for https://www.googleapis.com/drive/v2beta/files/1rncm2Tu8ohy-857AtGn-9nx6_OnM2HlYKVT0eKRfl7N4dXo4Cw?prettyPrint=false
03-01 18:21:27.269  3669 12199 W NetworkResponseErrorDec: StatusCode:403 Reason:[rateLimitExceeded] Location:[]
03-01 18:21:27.275  3669  7395 E Volley  : [260] BasicNetwork.performRequest: Unexpected response code 403 for https://www.googleapis.com/drive/v2beta/files/1nIFbt_QbcSIzyWUnMoz4VK5eTKvt-cQKqoB7e0IYBU4VAx2fRNrEKd8gKYpeEaJNF6N3xsg?prettyPrint=false&fields=owners(isAuthenticatedUser,picture(url),displayName,permissionId,emailAddress),webContentLink,lastModifyingUser(isAuthenticatedUser,picture(url),displayName,permissionId,emailAddress),originalFilename,headRevisionId,fileExtension,id,folderColorRgb,version,webViewLink,indexableText(text),editable,quotaBytesUsed,properties(key,value,visibility),writersCanShare,sharedWithMeDate,shared,explicitlyTrashed,parents(isRoot,id),thumbnailLink,modifiedByMeDate,labels(restricted,trashed,starred,viewed),appDataContents,md5Checksum,thumbnail(mimeType,image),localId(value,space,version),ownerNames,sharingUser(isAuthenticatedUser,picture(url),displayName,permissionId,emailAddress),copyable,modifiedDate,userPermission(id,role,withLink,name,domain,additionalRoles,value,type,photoLink,emailAddress),etag,createdDate,mimeType,alternateLink,lastViewedByMeDate,title,description,fileSize,downloadUrl,embedLink&acknowledgeAbuse=false&allProperties=true&fileScopeAppIds=843889502734&updateViewedDate=false
03-01 18:21:27.280  3669 12200 W NetworkResponseErrorDec: StatusCode:403 Reason:[rateLimitExceeded] Location:[]
03-01 18:21:27.280  3669 12200 W ContentAndMetadataActio: Request to get file metadata failed. Cannot proceed with conflict-aware upload of 1nIFbt_QbcSIzyWUnMoz4VK5eTKvt-cQKqoB7e0IYBU4VAx2fRNrEKd8gKYpeEaJNF6N3xsg
03-01 18:21:27.332  3669  7393 E Volley  : [258] BasicNetwork.performRequest: Unexpected response code 403 for https://www.googleapis.com/drive/v2beta/files/1a6jwnO6Bdrdp-4Nm-1H_e0bj_G49aimLpcbirTcvOxLz4VzQog?prettyPrint=false
03-01 18:21:27.336  3669 12201 W NetworkResponseErrorDec: StatusCode:403 Reason:[rateLimitExceeded] Location:[]
03-01 18:21:27.510  3669  4336 I ContentDownloadManager: Up-to-date file is already available locally: EntrySpec[3138]
03-01 18:21:27.602  3669 12669 W SnapshotAgent: Found multiple files with title, taking the oldest one
03-01 18:21:27.603  3669 12669 W SnapshotAgent: Found conflict for snapshot CloudContainer.dat
03-01 18:21:27.880  2398  3053 I SarControl_Manager: processBandCallback, enter, type=4, sub=0, bundle_key1=0
03-01 18:21:27.880  2398  8172 I SarControl_Manager: handleBigPowerCallback, enter, sub=0, powerState=0, is_sub0_big_power=1, is_sub1_big_power=-1
03-01 18:21:27.880  2398  8172 I SarControl_Manager: handleBigPowerCallback, end, isChange=true
03-01 18:21:27.880  2398  8172 I SarControl_Manager: unregisterSarSensor, enter
03-01 18:21:27.881  1796  2347 I qti_sensors_hal: activate: handle is 14, en is 0
03-01 18:21:27.881  1796  2347 I qti_sensors_hal: activate: 295 activate sensors is 2020800000003
03-01 18:21:27.881  1796  2347 I qti_sensors_hal: enable,95:handle is 14, en is 0
03-01 18:21:27.881   674  1709 E bdatd   : [SensorStat.cpp] setState# sensor not found
03-01 18:21:27.881  2658  2658 I SendBroadcastPermission: action:com.qualcomm.intent.action.ACTION_UNSOL_RESPONSE_OEM_HOOK_RAW, mPermissionType:0
03-01 18:21:27.882  2398  8172 I SarControl_Manager: checkStateAndHandle, enter, mHandler=Handler (com.huawei.sarcontrolservice.SarControlManager$3) {1ceaf69}
03-01 18:21:27.882  2398  8172 I SarControl_Manager: handleControlSAR, enter, find=false, mRuleDataCur value, is_sub0_voice=0, is_sub1_voice=0, is_wifi_ap_opened=0, is_sub0_big_power=0, is_wifi_connected=0, is_near_light=0, is_headset_insert=0, sar_cell_reduce=1mLastSarCellReduce=1, mLastSarWifi24GHzReduce=-1, mLastSarWifi5GHzReduce=-1, mLastSarWifiReduce=-1
03-01 18:21:27.882  2398  8172 I SarControl_Manager: restoreSarToNormal, enter, mHasDownSarAntenna=1, mHasDownSarWifi=-1, mLastSarWifi24GHzReduce=-1, mLastSarWifi5GHzReduce=-1
03-01 18:21:27.882  2398  8172 I SarControl_Manager: setMaxTxPower, will call setMaxTxPower, type=1, power=0
03-01 18:21:27.884  1796  2597 I SendBroadcastPermission: action:android.intent.action.SIG_STR, mPermissionType:0
03-01 18:21:27.888  1796  1796 I MQoS    : onSignal: mSubId=1,currDataSubID=0
03-01 18:21:27.888  1796  1796 I MQoS    : received cell-signal:5
03-01 18:21:27.888  2398  8172 I SarControl_Manager: setMaxTxPower, rst = true, type=DSI, power=0
03-01 18:21:27.888  2398  8172 I SarControl_Manager: handleControlSAR, end, rst=true, mSarHasDownAntenna=-1, mSarHasDownWifi=-1, mLastSarWifi24GHzReduce=-1, mLastSarWifi5GHzReduce=-1
03-01 18:21:27.906  2171  2254 I HwMobileSignalController: subId:1 phoneType:1 networktype:3 targetClass:2 masterLevel:4 slaveLevel:-1
03-01 18:21:27.956  3669  4336 I ContentDownloadManager: Up-to-date file is already available locally: EntrySpec[3138]
03-01 18:21:28.033  2398  2419 I art     : Background sticky concurrent mark sweep GC freed 138980(11MB) AllocSpace objects, 5(100KB) LOS objects, 62% free, 2MB/6MB, paused 762us total 143.422ms
03-01 18:21:28.168   690   690 E         : [E/capacity_limit_control] not demo version, not set power control prop!
03-01 18:21:28.414  3669  4336 I ContentDownloadManager: Up-to-date file is already available locally: EntrySpec[3138]
03-01 18:21:28.730  3669  4336 W GamesServiceBroker: Client connected with SDK 19998000, Services 200414017, and Games 144500036
03-01 18:21:28.753  3669  4702 I PendingContent: Deleted duplicate successfully: 71992241-68d6-4e30-b716-49c858355a15
03-01 18:21:29.176  2171  2171 I NetworkSpeedManagerEx: mIsStop = false
03-01 18:21:29.180  2171  2171 I NetworkSpeedManagerEx: value=37593.332speed = 36.7K/s
03-01 18:21:29.181  2171  2171 I NetworkSpeedView: /update(), speed=36.7K/s parent class:class com.android.systemui.statusbar.HwSystemIcons
03-01 18:21:29.193  2171  2171 I NetworkSpeedManagerEx: mIsStop = false
03-01 18:21:29.198  2171  2171 I NetworkSpeedManagerEx: value=37645.332speed = 36.8K/s
03-01 18:21:29.198  2171  2171 I NetworkSpeedView: /update(), speed=36.8K/s parent class:class com.android.systemui.statusbar.HwSystemIcons
03-01 18:21:29.233  3669 12200 W NetworkResponseErrorDec: StatusCode:403 Reason:[rateLimitExceeded] Location:[]
03-01 18:21:29.290  3669  4700 I ContentDownloadManager: Up-to-date file is already available locally: EntrySpec[3138]
03-01 18:21:29.291  3669 12202 W NetworkResponseErrorDec: StatusCode:403 Reason:[rateLimitExceeded] Location:[]
03-01 18:21:29.401  3669 12669 W SnapshotAgent: Found conflict for snapshot CloudContainer.dat
03-01 18:21:29.423  3669  7393 E Volley  : [258] BasicNetwork.performRequest: Unexpected response code 403 for https://www.googleapis.com/drive/v2beta/files/1a6jwnO6Bdrdp-4Nm-1H_e0bj_G49aimLpcbirTcvOxLz4VzQog?prettyPrint=false
03-01 18:21:29.428  3669 12201 W NetworkResponseErrorDec: StatusCode:403 Reason:[rateLimitExceeded] Location:[]
03-01 18:21:29.453  3669  3683 I art     : Background partial concurrent mark sweep GC freed 134660(6MB) AllocSpace objects, 1(16KB) LOS objects, 42% free, 16MB/28MB, paused 2.095ms total 164.567ms
03-01 18:21:29.792  3669  4700 I ContentDownloadManager: Up-to-date file is already available locally: EntrySpec[3138]
03-01 18:21:29.913  2768  2768 W ChimeraUtils: Non Chimera context
03-01 18:21:30.119  1796  1796 I MQoS    : onSignal: mSubId=1,currDataSubID=0
03-01 18:21:30.119  1796  1796 I MQoS    : received cell-signal:5
03-01 18:21:30.119  1796  2606 I SendBroadcastPermission: action:android.intent.action.SIG_STR, mPermissionType:0
03-01 18:21:30.127  2171  2254 I HwMobileSignalController: subId:1 phoneType:1 networktype:3 targetClass:2 masterLevel:4 slaveLevel:-1
03-01 18:21:30.268  3669  4700 I ContentDownloadManager: Up-to-date file is already available locally: EntrySpec[3138]
03-01 18:21:30.319  2768  2768 W ChimeraUtils: Non Chimera context
03-01 18:21:30.593  1796  1993 W AlarmManager: mIsScreenOn is: true, WAKEUP alarm trigger action = com.whatsapp.MessageHandler.CLIENT_PINGER_ACTION package name is: com.whatsapp
03-01 18:21:30.611 11970 12002 I Appboy v3.2.1 .bo.app.r: Adding request to dispatcher with parameters: 
03-01 18:21:30.611 11970 12002 I Appboy v3.2.1 .bo.app.r: {}
03-01 18:21:30.664  3669 12687 I Authzen : [DeviceStateSyncManager] The server is in sync with current state. Nothing to do
03-01 18:21:30.666  3669  4700 W GamesServiceBroker: Client connected with SDK 19998000, Services 200414017, and Games 144500036
03-01 18:21:30.686  3669  4702 I PendingContent: Deleted duplicate successfully: d2c1d381-c6e3-4829-87fa-aad5bddfd580
03-01 18:21:30.771  2768  2768 W ChimeraUtils: Non Chimera context
03-01 18:21:30.832 11970 12038 I Appboy v3.2.1 .bo.app.ab: Event was published, but no subscribers were found. Saving event for later publishing to a matching subscriber. Event class: class bo.app.al
03-01 18:21:30.832 11970 12038 I Appboy v3.2.1 .bo.app.ab: Event was published, but no subscribers were found. Saving event for later publishing to a matching subscriber. Event class: class bo.app.ah
03-01 18:21:30.833 11970 12038 I Appboy v3.2.1 .bo.app.dm: Notifying confirmAndUnlock listeners
03-01 18:21:30.833 11970 12038 I Appboy v3.2.1 .bo.app.dm: Notifying confirmAndUnlock listeners
03-01 18:21:30.837  1796  6566 I MQoS    : MSG_QUERY_TCP_INFO called,count:44
03-01 18:21:30.837  1796  1796 I WifiProJNI: ######### CMD_QUERY_PKTS ########
03-01 18:21:30.837  1796  2076 I QosMonitor: postEventFromNative: msg=100,arg1=0,arg2=9
03-01 18:21:30.837  1796  2076 W WifiProJNI: poll before: g_monitor_fd =327
03-01 18:21:30.838  1796  1796 I MQoS    : rtt=0,tcp_tx_pkts=0,tcp_rx_pkts=0
03-01 18:21:30.840  1796  6566 I TrafficMonitor: getStatic,count:0,work status:false
03-01 18:21:30.841  1796  6566 I MQoS    : QOS_level:5(5),use RAT:4G;signalLvl:5
03-01 18:21:30.882  2768  2768 W ChimeraUtils: Non Chimera context
03-01 18:21:31.040  2768  2783 I art     : Background partial concurrent mark sweep GC freed 102963(6MB) AllocSpace objects, 2(40KB) LOS objects, 48% free, 12MB/24MB, paused 1.304ms total 152.643ms
03-01 18:21:31.228  3669  4336 I ContentDownloadManager: Up-to-date file is already available locally: EntrySpec[3138]
03-01 18:21:31.359  3669  4336 W GamesServiceBroker: Client connected with SDK 19998000, Services 200414017, and Games 144500036
03-01 18:21:31.404  2768  2768 W ChimeraUtils: Non Chimera context
03-01 18:21:31.605  1796  1807 I art     : Background partial concurrent mark sweep GC freed 49720(2MB) AllocSpace objects, 0(0B) LOS objects, 22% free, 42MB/54MB, paused 4.110ms total 316.633ms
03-01 18:21:31.820  2768  2768 W ChimeraUtils: Non Chimera context
03-01 18:21:31.844  3669  4336 I ContentDownloadManager: Up-to-date file is already available locally: EntrySpec[3138]
03-01 18:21:31.971  3669  4336 W GamesServiceBroker: Client connected with SDK 19998000, Services 200414017, and Games 144500036
03-01 18:21:32.002  3669  4702 W GamesServiceBroker: Client connected with SDK 19998000, Services 200414017, and Games 144500036
03-01 18:21:32.016  2768  2768 W ChimeraUtils: Non Chimera context
03-01 18:21:32.187  2171  2171 I NetworkSpeedManagerEx: mIsStop = false
03-01 18:21:32.190  2768  2768 W ChimeraUtils: Non Chimera context
03-01 18:21:32.192  2171  2171 I NetworkSpeedManagerEx: value=24077.0speed = 23.5K/s
03-01 18:21:32.192  2171  2171 I NetworkSpeedView: /update(), speed=23.5K/s parent class:class com.android.systemui.statusbar.HwSystemIcons
03-01 18:21:32.203  2171  2171 I NetworkSpeedManagerEx: mIsStop = false
03-01 18:21:32.206  2171  2171 I NetworkSpeedManagerEx: value=24025.0speed = 23.5K/s
03-01 18:21:32.207  2171  2171 I NetworkSpeedView: /update(), speed=23.5K/s parent class:class com.android.systemui.statusbar.HwSystemIcons
03-01 18:21:32.357  3669  4702 I PendingContent: Deleted duplicate successfully: e87d60fa-39db-4800-9390-21f7342ca574
03-01 18:21:32.421  2768  2768 W ChimeraUtils: Non Chimera context
03-01 18:21:32.706   656   656 E Thermal-daemon: [ap] temp_new :45  temp_old :44
03-01 18:21:32.708  2422  2449 I ThermalService: Receive temperature change, type: 0, temp: 45 from thermald
03-01 18:21:32.709   656   656 E Thermal-daemon: Report temperature: [ap] temp :45  report_threshold:1
03-01 18:21:32.709  2422  4163 I LowBatteryManager: Only handle msg event!
03-01 18:21:32.738  3669  4700 W GamesServiceBroker: Client connected with SDK 19998000, Services 200414017, and Games 144500036
03-01 18:21:32.802  3669 12200 W NetworkResponseErrorDec: StatusCode:403 Reason:[rateLimitExceeded] Location:[]
03-01 18:21:32.855  2768  2768 W ChimeraUtils: Non Chimera context
03-01 18:21:33.045  2768  2768 W ChimeraUtils: Non Chimera context
03-01 18:21:33.146  3669  4336 W GamesServiceBroker: Client connected with SDK 19998000, Services 200414017, and Games 144500036
03-01 18:21:33.178   690   690 E         : [E/capacity_limit_control] not demo version, not set power control prop!
03-01 18:21:33.257  3669  4336 W GamesServiceBroker: Client connected with SDK 19998000, Services 200414017, and Games 144500036
03-01 18:21:33.287  3669  3825 I PeopleChimeraService: onService. callbacks = aabc@5f5347a, request = com.google.android.gms.common.internal.GetServiceRequest@fc0b42b
03-01 18:21:33.314  2768  2768 W ChimeraUtils: Non Chimera context
03-01 18:21:33.382  3669  4700 W GamesServiceBroker: Client connected with SDK 19998000, Services 200414017, and Games 144500036
03-01 18:21:33.487  1796  1852 I EventHub: EventHub monitor: no key events in the past 28s, no motion events in the past 163s
03-01 18:21:33.542  2768  2768 W ChimeraUtils: Non Chimera context
03-01 18:21:33.648  2768  2768 W ChimeraUtils: Non Chimera context
03-01 18:21:33.683  3669  7394 E Volley  : [259] BasicNetwork.performRequest: Unexpected response code 403 for https://www.googleapis.com/drive/v2beta/files/1nIFbt_QbcSIzyWUnMoz4VK5eTKvt-cQKqoB7e0IYBU4VAx2fRNrEKd8gKYpeEaJNF6N3xsg?prettyPrint=false&fields=owners(isAuthenticatedUser,picture(url),displayName,permissionId,emailAddress),webContentLink,lastModifyingUser(isAuthenticatedUser,picture(url),displayName,permissionId,emailAddress),originalFilename,headRevisionId,fileExtension,id,folderColorRgb,version,webViewLink,indexableText(text),editable,quotaBytesUsed,properties(key,value,visibility),writersCanShare,sharedWithMeDate,shared,explicitlyTrashed,parents(isRoot,id),thumbnailLink,modifiedByMeDate,labels(restricted,trashed,starred,viewed),appDataContents,md5Checksum,thumbnail(mimeType,image),localId(value,space,version),ownerNames,sharingUser(isAuthenticatedUser,picture(url),displayName,permissionId,emailAddress),copyable,modifiedDate,userPermission(id,role,withLink,name,domain,additionalRoles,value,type,photoLink,emailAddress),etag,createdDate,mimeType,alternateLink,lastViewedByMeDate,title,description,fileSize,downloadUrl,embedLink&acknowledgeAbuse=false&allProperties=true&fileScopeAppIds=843889502734&updateViewedDate=false
03-01 18:21:33.688  3669  4700 I PendingContent: Deleted duplicate successfully: ad063ec2-fbf6-48ee-ae56-4a4a2458751f
03-01 18:21:33.688  3669 12200 W NetworkResponseErrorDec: StatusCode:403 Reason:[rateLimitExceeded] Location:[]
03-01 18:21:33.688  3669 12200 W ContentAndMetadataActio: Request to get file metadata failed. Cannot proceed with conflict-aware upload of 1nIFbt_QbcSIzyWUnMoz4VK5eTKvt-cQKqoB7e0IYBU4VAx2fRNrEKd8gKYpeEaJNF6N3xsg
03-01 18:21:33.767  3669  4700 W GamesServiceBroker: Client connected with SDK 19998000, Services 200414017, and Games 144500036
03-01 18:21:33.948  2658  2658 I SendBroadcastPermission: action:com.qualcomm.intent.action.ACTION_UNSOL_RESPONSE_OEM_HOOK_RAW, mPermissionType:0
03-01 18:21:33.951  2398  2421 I SarControl_Manager: processBandCallback, enter, type=4, sub=0, bundle_key1=1
03-01 18:21:33.951  2398  8172 I SarControl_Manager: handleBigPowerCallback, enter, sub=0, powerState=1, is_sub0_big_power=0, is_sub1_big_power=-1
03-01 18:21:33.951  2398  8172 I SarControl_Manager: handleBigPowerCallback, end, isChange=true
03-01 18:21:33.952  2398  8172 W SarControl_Manager: registerGSensor, g_sensor is not legal, not continue, mExistRuleCondition: value, is_sub0_voice=1, is_sub1_voice=1, is_wifi_ap_opened=0, is_sub0_big_power=1, is_sub1_big_power=1, is_wifi_connected=1, is_near_light=1, is_cell_sar_sensor=1, sub0_cell_band=47, sub1_cell_band=47, is_headset_insert=0, sar_cell_reduce=1, sar_wifi_reduce=12
03-01 18:21:33.953  2398  8172 I SarControl_Manager: registerSarSensor, enter
03-01 18:21:33.955   674  1709 E bdatd   : [SensorStat.cpp] setState# sensor not found
03-01 18:21:33.955  1796  2595 I qti_sensors_hal: batch,376,handle 14, timeout:0 ,period_ns:200000000
03-01 18:21:33.955  1796  2595 I qti_sensors_hal: batch:sensor(com.qti.sensor.sar) handle:14 flags:0x0 period_ns 200000000
03-01 18:21:33.955  1796  2595 I qti_sensors_hal: batch:sensor(com.qti.sensor.sar) sample_rate=5.000000Hz report_rate_f=0.000000Hz curr sample rate:5.000000 cur rpt rate:0 max:15.000000 min:0.015259
03-01 18:21:33.955  1796  2595 I qti_sensors_hal: batch: current sample rate, report rate & buffering are equal to requested (5.000000,0.000000,0)
03-01 18:21:33.955  1796  2595 I qti_sensors_hal: activate: handle is 14, en is 1
03-01 18:21:33.955  1796  2595 I qti_sensors_hal: activate: 295 activate sensors is 2020800004003
03-01 18:21:33.955  1796  2595 I qti_sensors_hal: enable,95:handle is 14, en is 1
03-01 18:21:33.957  2398  8172 I SarControl_Manager: registerSarSensor: end, mIsSarSensorRegistered=true
03-01 18:21:33.957  2398  8172 I SarControl_Manager: checkStateAndHandle, enter, mHandler=Handler (com.huawei.sarcontrolservice.SarControlManager$3) {1ceaf69}
03-01 18:21:33.957  2398  8172 I SarControl_Manager: handleControlSAR, enter, find=false, mRuleDataCur value, is_sub0_voice=0, is_sub1_voice=0, is_wifi_ap_opened=0, is_sub0_big_power=1, is_wifi_connected=0, is_near_light=0, is_headset_insert=0, sar_cell_reduce=1mLastSarCellReduce=-1, mLastSarWifi24GHzReduce=-1, mLastSarWifi5GHzReduce=-1, mLastSarWifiReduce=-1
03-01 18:21:33.958  2398  8172 I SarControl_Manager: restoreSarToNormal, enter, mHasDownSarAntenna=-1, mHasDownSarWifi=-1, mLastSarWifi24GHzReduce=-1, mLastSarWifi5GHzReduce=-1
03-01 18:21:33.958  2398  8172 I SarControl_Manager: handleControlSAR, end, rst=false, mSarHasDownAntenna=-1, mSarHasDownWifi=-1, mLastSarWifi24GHzReduce=-1, mLastSarWifi5GHzReduce=-1
03-01 18:21:34.157  1796  1949 I qti_sensors_hal: [sar-sensor]processReportInd: x: P: 1.000000, diff: 1981.000000, data[2]: 0.000000
03-01 18:21:34.158  2398  2398 I SarControl_Manager: checkStateAndHandle, enter, mHandler=Handler (com.huawei.sarcontrolservice.SarControlManager$3) {1ceaf69}
03-01 18:21:34.158  2398  8172 I SarControl_Manager: handleControlSAR, enter, find=true, mRuleDataCur value, is_sub0_voice=0, is_sub1_voice=0, is_wifi_ap_opened=0, is_sub0_big_power=1, is_wifi_connected=0, is_near_light=0, is_cell_sar_sensor=1, is_headset_insert=0, sar_cell_reduce=1mLastSarCellReduce=-1, mLastSarWifi24GHzReduce=-1, mLastSarWifi5GHzReduce=-1, mLastSarWifiReduce=-1
03-01 18:21:34.158  2398  8172 I SarControl_Manager: setMaxTxPower, will call setMaxTxPower, type=1, power=1
03-01 18:21:34.162  2398  8172 I SarControl_Manager: setMaxTxPower, rst = true, type=DSI, power=1
03-01 18:21:34.162  2398  8172 I SarControl_Manager: handleControlSAR, end, rst=true, mSarHasDownAntenna=1, mSarHasDownWifi=-1, mLastSarWifi24GHzReduce=-1, mLastSarWifi5GHzReduce=-1
03-01 18:21:34.521  2658  2658 I SendBroadcastPermission: action:com.qualcomm.intent.action.ACTION_UNSOL_RESPONSE_OEM_HOOK_RAW, mPermissionType:0
03-01 18:21:34.523  2398  2818 I SarControl_Manager: processBandCallback, enter, type=4, sub=0, bundle_key1=0
03-01 18:21:34.523  2398  8172 I SarControl_Manager: handleBigPowerCallback, enter, sub=0, powerState=0, is_sub0_big_power=1, is_sub1_big_power=-1
03-01 18:21:34.524  2398  8172 I SarControl_Manager: handleBigPowerCallback, end, isChange=true
03-01 18:21:34.524  2398  8172 I SarControl_Manager: unregisterSarSensor, enter
03-01 18:21:34.524  1796  2347 I qti_sensors_hal: activate: handle is 14, en is 0
03-01 18:21:34.524  1796  2347 I qti_sensors_hal: activate: 295 activate sensors is 2020800000003
03-01 18:21:34.524  1796  2347 I qti_sensors_hal: enable,95:handle is 14, en is 0
03-01 18:21:34.524   674  1709 E bdatd   : [SensorStat.cpp] setState# sensor not found
03-01 18:21:34.526  2398  8172 I SarControl_Manager: checkStateAndHandle, enter, mHandler=Handler (com.huawei.sarcontrolservice.SarControlManager$3) {1ceaf69}
03-01 18:21:34.527  2398  8172 I SarControl_Manager: handleControlSAR, enter, find=false, mRuleDataCur value, is_sub0_voice=0, is_sub1_voice=0, is_wifi_ap_opened=0, is_sub0_big_power=0, is_wifi_connected=0, is_near_light=0, is_headset_insert=0, sar_cell_reduce=1mLastSarCellReduce=1, mLastSarWifi24GHzReduce=-1, mLastSarWifi5GHzReduce=-1, mLastSarWifiReduce=-1
03-01 18:21:34.527  2398  8172 I SarControl_Manager: restoreSarToNormal, enter, mHasDownSarAntenna=1, mHasDownSarWifi=-1, mLastSarWifi24GHzReduce=-1, mLastSarWifi5GHzReduce=-1
03-01 18:21:34.527  2398  8172 I SarControl_Manager: setMaxTxPower, will call setMaxTxPower, type=1, power=0
03-01 18:21:34.531  2398  8172 I SarControl_Manager: setMaxTxPower, rst = true, type=DSI, power=0
03-01 18:21:34.531  2398  8172 I SarControl_Manager: handleControlSAR, end, rst=true, mSarHasDownAntenna=-1, mSarHasDownWifi=-1, mLastSarWifi24GHzReduce=-1, mLastSarWifi5GHzReduce=-1
03-01 18:21:34.769  3361  3372 I art     : Background partial concurrent mark sweep GC freed 15955(3MB) AllocSpace objects, 2(128KB) LOS objects, 71% free, 4MB/16MB, paused 731us total 109.724ms
03-01 18:21:35.015  1796  1807 I art     : Background partial concurrent mark sweep GC freed 2935(168KB) AllocSpace objects, 278(5MB) LOS objects, 22% free, 41MB/53MB, paused 3.313ms total 260.902ms
03-01 18:21:35.142  2658  2658 I SendBroadcastPermission: action:com.qualcomm.intent.action.ACTION_UNSOL_RESPONSE_OEM_HOOK_RAW, mPermissionType:0
03-01 18:21:35.206  2171  2171 I NetworkSpeedManagerEx: mIsStop = false
03-01 18:21:35.208  2171  2171 I NetworkSpeedManagerEx: mIsStop = false
03-01 18:21:35.211  2171  2171 I NetworkSpeedManagerEx: value=22323.666speed = 21.8K/s
03-01 18:21:35.211  2171  2171 I NetworkSpeedView: /update(), speed=21.8K/s parent class:class com.android.systemui.statusbar.HwSystemIcons
03-01 18:21:35.217  2171  2171 I NetworkSpeedManagerEx: value=22323.666speed = 21.8K/s
03-01 18:21:35.217  2171  2171 I NetworkSpeedView: /update(), speed=21.8K/s parent class:class com.android.systemui.statusbar.HwSystemIcons
03-01 18:21:36.387  2422  3174 I DownloadState: @@@@@@@@@@@@ uid :10233 download :false
03-01 18:21:36.387  2422  3174 I PGServer: report state:5 event type:2 pid:0 uid:10233 pkg:null to pid: 1796
03-01 18:21:36.767  2658  2658 I SendBroadcastPermission: action:com.qualcomm.intent.action.ACTION_UNSOL_RESPONSE_OEM_HOOK_RAW, mPermissionType:0
03-01 18:21:36.793  1796  1796 I MQoS    : onSignal: mSubId=1,currDataSubID=0
03-01 18:21:36.793  1796  2595 I SendBroadcastPermission: action:android.intent.action.SIG_STR, mPermissionType:0
03-01 18:21:36.794  1796  1796 I MQoS    : received cell-signal:5
03-01 18:21:36.801  2171  2254 I HwMobileSignalController: subId:1 phoneType:1 networktype:3 targetClass:2 masterLevel:4 slaveLevel:-1
03-01 18:21:37.432  2768  4727 E ExecutionCriteria: Package unavailable for task: com.google.android.apps.plus/com.firebase.jobdispatcher.GooglePlayReceiver{u=0 tag="SyncTask1_" trigger=window{start=900s,end=2539s,earliest=-21376443s,latest=-21374804s} requirements=[NET_ANY,CHARGING] attributes=[PERSISTED] scheduled=-21377343s last_run=N/A jid=N/A status=PENDING retries=0 client_lib=FIREBASE_JOB_DISPATCHER-1}
03-01 18:21:37.433  2768  4727 E ExecutionCriteria: Package unavailable for task: com.google.android.apps.plus/com.firebase.jobdispatcher.GooglePlayReceiver{u=0 tag="SyncTask" trigger=window{start=155181s,end=156697s,earliest=-21222162s,latest=-21220646s} requirements=[NET_ANY] attributes=[PERSISTED] scheduled=-21377343s last_run=N/A jid=N/A status=PENDING retries=0 client_lib=FIREBASE_JOB_DISPATCHER-1}
03-01 18:21:37.438  2768  4727 E ExecutionCriteria: Package unavailable for task: com.google.android.apps.magazines/com.google.apps.dots.android.newsstand.pushmessage.PushMessageRegistrationService{u=0 tag="PushMessageRegistrationService.GCMSync1" trigger=window{start=814499s,end=814529s,earliest=-14149071s,latest=-14149041s} requirements=[NET_CONNECTED] attributes=[PERSISTED] scheduled=-14963570s last_run=N/A jid=N/A status=PENDING retries=0 client_lib=MANCHEGO_GCM-12525000}
03-01 18:21:37.440  2768  2768 W ChimeraUtils: Non Chimera context
03-01 18:21:37.441  2768  4727 E ExecutionCriteria: Package unavailable for task: com.google.android.apps.magazines/com.google.apps.dots.android.newsstand.pushmessage.PushMessageRegistrationService{u=0 tag="PushMessageRegistrationService.GCMSync2" trigger=window{start=1628998s,end=1629028s,earliest=-13334572s,latest=-13334542s} requirements=[NET_CONNECTED] attributes=[PERSISTED] scheduled=-14963570s last_run=N/A jid=N/A status=PENDING retries=0 client_lib=MANCHEGO_GCM-12525000}
03-01 18:21:37.444  2768  4727 E ExecutionCriteria: Package unavailable for task: com.google.android.apps.magazines/com.google.apps.dots.android.newsstand.pushmessage.PushMessageRegistrationService{u=0 tag="PushMessageRegistrationService.GCMSync3" trigger=window{start=2443497s,end=2443527s,earliest=-12520073s,latest=-12520043s} requirements=[NET_CONNECTED] attributes=[PERSISTED] scheduled=-14963570s last_run=N/A jid=N/A status=PENDING retries=0 client_lib=MANCHEGO_GCM-12525000}
03-01 18:21:37.661  3669 12201 W NetworkResponseErrorDec: StatusCode:403 Reason:[rateLimitExceeded] Location:[]
03-01 18:21:37.747  2768  2768 W ChimeraUtils: Non Chimera context
03-01 18:21:37.839  2171 12712 I art     : Starting a blocking GC Explicit
03-01 18:21:37.960  2171 12712 I art     : Explicit concurrent mark sweep GC freed 52004(2MB) AllocSpace objects, 8(4MB) LOS objects, 25% free, 35MB/47MB, paused 1.587ms total 120.569ms
03-01 18:21:37.982  2171 12712 I art     : Starting a blocking GC Explicit
03-01 18:21:38.003  3669  7394 E Volley  : [259] BasicNetwork.performRequest: Unexpected response code 403 for https://www.googleapis.com/drive/v2beta/files/1nIFbt_QbcSIzyWUnMoz4VK5eTKvt-cQKqoB7e0IYBU4VAx2fRNrEKd8gKYpeEaJNF6N3xsg?prettyPrint=false&fields=owners(isAuthenticatedUser,picture(url),displayName,permissionId,emailAddress),webContentLink,lastModifyingUser(isAuthenticatedUser,picture(url),displayName,permissionId,emailAddress),originalFilename,headRevisionId,fileExtension,id,folderColorRgb,version,webViewLink,indexableText(text),editable,quotaBytesUsed,properties(key,value,visibility),writersCanShare,sharedWithMeDate,shared,explicitlyTrashed,parents(isRoot,id),thumbnailLink,modifiedByMeDate,labels(restricted,trashed,starred,viewed),appDataContents,md5Checksum,thumbnail(mimeType,image),localId(value,space,version),ownerNames,sharingUser(isAuthenticatedUser,picture(url),displayName,permissionId,emailAddress),copyable,modifiedDate,userPermission(id,role,withLink,name,domain,additionalRoles,value,type,photoLink,emailAddress),etag,createdDate,mimeType,alternateLink,lastViewedByMeDate,title,description,fileSize,downloadUrl,embedLink&acknowledgeAbuse=false&allProperties=true&fileScopeAppIds=843889502734&updateViewedDate=false
03-01 18:21:38.008  3669 12200 W NetworkResponseErrorDec: StatusCode:403 Reason:[rateLimitExceeded] Location:[]
03-01 18:21:38.008  3669 12200 W ContentAndMetadataActio: Request to get file metadata failed. Cannot proceed with conflict-aware upload of 1nIFbt_QbcSIzyWUnMoz4VK5eTKvt-cQKqoB7e0IYBU4VAx2fRNrEKd8gKYpeEaJNF6N3xsg
03-01 18:21:38.051  2171 12712 I art     : Explicit concurrent mark sweep GC freed 7267(346KB) AllocSpace objects, 2(40KB) LOS objects, 25% free, 35MB/47MB, paused 1.119ms total 68.843ms
03-01 18:21:38.101  3669 12199 W NetworkResponseErrorDec: StatusCode:403 Reason:[rateLimitExceeded] Location:[]
03-01 18:21:38.120  2768  2768 W ChimeraUtils: Non Chimera context
03-01 18:21:38.180  3669 12201 W NetworkResponseErrorDec: StatusCode:403 Reason:[rateLimitExceeded] Location:[]
03-01 18:21:38.188   690   690 E         : [E/capacity_limit_control] not demo version, not set power control prop!
03-01 18:21:38.216  2171  2171 I NetworkSpeedManagerEx: mIsStop = false
03-01 18:21:38.218  2171  2171 I NetworkSpeedManagerEx: mIsStop = false
03-01 18:21:38.219  2171  2171 I NetworkSpeedManagerEx: value=39937.668speed = 39K/s
03-01 18:21:38.220  2171  2171 I NetworkSpeedView: /update(), speed=39K/s parent class:class com.android.systemui.statusbar.HwSystemIcons
03-01 18:21:38.224  2171  2171 I NetworkSpeedManagerEx: value=39959.0speed = 39K/s
03-01 18:21:38.225  2171  2171 I NetworkSpeedView: /update(), speed=39K/s parent class:class com.android.systemui.statusbar.HwSystemIcons
03-01 18:21:38.241  3669 12202 W NetworkResponseErrorDec: StatusCode:403 Reason:[rateLimitExceeded] Location:[]
03-01 18:21:38.489  2768  2768 W ChimeraUtils: Non Chimera context
03-01 18:21:38.844  2768  2768 W ChimeraUtils: Non Chimera context
03-01 18:21:39.291  2768  2768 W ChimeraUtils: Non Chimera context
03-01 18:21:40.847  1796  6566 I MQoS    : MSG_QUERY_TCP_INFO called,count:45
03-01 18:21:40.847  1796  1796 I WifiProJNI: ######### CMD_QUERY_PKTS ########
03-01 18:21:40.847  1796  2076 I QosMonitor: postEventFromNative: msg=100,arg1=0,arg2=9
03-01 18:21:40.847  1796  2076 W WifiProJNI: poll before: g_monitor_fd =327
03-01 18:21:40.847  1796  1796 I MQoS    : rtt=0,tcp_tx_pkts=0,tcp_rx_pkts=0
03-01 18:21:40.852  1796  6566 I TrafficMonitor: getStatic,count:0,work status:false
03-01 18:21:40.852  1796  6566 I MQoS    : QOS_level:5(5),use RAT:4G;signalLvl:5
03-01 18:21:41.227  2171  2171 I NetworkSpeedManagerEx: mIsStop = false
03-01 18:21:41.228  2171  2171 I NetworkSpeedManagerEx: mIsStop = false
03-01 18:21:41.231  2171  2171 I NetworkSpeedManagerEx: value=6706.0speed = 6.5K/s
03-01 18:21:41.231  2171  2171 I NetworkSpeedView: /update(), speed=6.5K/s parent class:class com.android.systemui.statusbar.HwSystemIcons
03-01 18:21:41.237  2171  2171 I NetworkSpeedManagerEx: value=6684.6665speed = 6.5K/s
03-01 18:21:41.237  2171  2171 I NetworkSpeedView: /update(), speed=6.5K/s parent class:class com.android.systemui.statusbar.HwSystemIcons
03-01 18:21:42.122  1796  1993 W AlarmManager: mIsScreenOn is: true, WAKEUP alarm trigger action = com.google.android.location.ALARM_WAKEUP_ACTIVITY_DETECTION package name is: com.google.android.gms
03-01 18:21:42.138  1796  3406 I qti_sensors_hal: flush,395,handle 0
03-01 18:21:42.138  1796  3406 I qti_sensors_hal: flush,262 handle 0
03-01 18:21:42.560  2768  3782 I SendBroadcastPermission: action:com.google.android.location.activity.DEEP_STILL_MODE_ENABLED, mPermissionType:0
03-01 18:21:42.605  1796  3396 I qti_sensors_hal: batch,376,handle 0, timeout:0 ,period_ns:16666000
03-01 18:21:42.605  1796  3396 I qti_sensors_hal: batch:sensor(android.sensor.accelerometer) handle:0 flags:0x0 period_ns 16666000
03-01 18:21:42.606   399   399 I OEMINFO_NVM_CORE: compat_oeminfo_get_size: version v6
03-01 18:21:42.606   399   399 I OEMINFO_NVM_CORE: compat_oeminfo_read: version v6
03-01 18:21:42.607   399   399 I OEMINFO_NVM_CORE: find oeminfo device /dev/block/bootdevice/by-name/oeminfo
03-01 18:21:42.608  2422  2564 I SensorState: sensor:1 enable:false uid:10017
03-01 18:21:42.608  2422  2564 I SensorState: removeSensor,mHandles:{}
03-01 18:21:42.608  2422  2564 I PGServer: report state:4 event type:2 pid:1 uid:10017 pkg:null to pid: 1796
03-01 18:21:42.611   399   399 E OEMINFO_NVM_CORE: oeminfo data not find !!!!
03-01 18:21:42.613   399   399 E OEMINFO_NVM_SERVER: oeminfo_read_data, fail to read oeminfo
03-01 18:21:42.613   399   399 E OEMINFO_NVM_SERVER: pid 1796, opration oeminfo_read FAIL
03-01 18:21:42.613  1796  3396 E         : rmt_oeminfo_read, get data from server fail
03-01 18:21:42.613  1796  3396 E qti_sensors_hal: load_acc_oeminf_data, 90: load data from oeminfo failed, ret_val=-1
03-01 18:21:42.613  1796  3396 E qti_sensors_hal: Final value: x_offset=0.000000, y_offset=0.000000, z_offset=1.000000
03-01 18:21:42.613  1796  1949 I qti_sensors_hal: [ACC]processReportInd: X: 0.109451 Y: 0.128616 Z: 9.900330  x_offset:0.000000 y_offset:0.000000 z_offset:1.000000
03-01 18:21:42.613  1796  3396 I qti_sensors_hal: batch:load_acc_oeminf_data x_offset:0.000000 y_offset:0.000000 z_offset:1.000000
03-01 18:21:42.613  1796  3396 I qti_sensors_hal: batch:sensor(android.sensor.accelerometer) sample_rate=60.002399Hz report_rate_f=0.000000Hz curr sample rate:60.002399 cur rpt rate:0 max:200.000000 min:1.000000
03-01 18:21:42.613  1796  3396 I qti_sensors_hal: batch: current sample rate, report rate & buffering are equal to requested (60.002399,0.000000,0)
