03-01 18:22:48.319 12885 13073 W unknown:ViewManagerPropertyUpdater: Could not find generated setter for class com.microsoft.office.react.livepersonacard.internal.LpcResponsiveTitleManager
03-01 18:22:48.321 12885 13073 W unknown:ViewManagerPropertyUpdater: Could not find generated setter for class com.microsoft.office.react.livepersonacard.internal.LpcScrollViewDelegateManager
03-01 18:22:48.324 12885 13073 W unknown:ViewManagerPropertyUpdater: Could not find generated setter for class com.microsoft.office.react.livepersonacard.internal.LpcAvatarImageManager
03-01 18:22:48.326 12885 13073 W unknown:ViewManagerPropertyUpdater: Could not find generated setter for class com.facebook.react.views.art.ARTGroupViewManager
03-01 18:22:48.326 12885 13073 W unknown:ViewManagerPropertyUpdater: Could not find generated setter for class com.facebook.react.views.art.ARTGroupShadowNode
03-01 18:22:48.327 12885 13073 W unknown:ViewManagerPropertyUpdater: Could not find generated setter for class com.facebook.react.views.art.ARTShapeViewManager
03-01 18:22:48.328 12885 13073 W unknown:ViewManagerPropertyUpdater: Could not find generated setter for class com.facebook.react.views.art.ARTShapeShadowNode
03-01 18:22:48.330 12885 13073 W unknown:ViewManagerPropertyUpdater: Could not find generated setter for class com.facebook.react.views.art.ARTTextViewManager
03-01 18:22:48.330 12885 13073 W unknown:ViewManagerPropertyUpdater: Could not find generated setter for class com.facebook.react.views.art.ARTTextShadowNode
03-01 18:22:48.331 12885 13073 W unknown:ViewManagerPropertyUpdater: Could not find generated setter for class com.facebook.react.views.checkbox.ReactCheckBoxManager
03-01 18:22:48.334 12885 13073 W unknown:ViewManagerPropertyUpdater: Could not find generated setter for class com.facebook.react.views.picker.ReactDialogPickerManager
03-01 18:22:48.337 12885 13073 W unknown:ViewManagerPropertyUpdater: Could not find generated setter for class com.facebook.react.views.drawer.ReactDrawerLayoutManager
03-01 18:22:48.341 12885 13073 W unknown:ViewManagerPropertyUpdater: Could not find generated setter for class com.facebook.react.views.picker.ReactDropdownPickerManager
03-01 18:22:48.342 12885 13073 W unknown:ViewManagerPropertyUpdater: Could not find generated setter for class com.facebook.react.views.scroll.ReactHorizontalScrollViewManager
03-01 18:22:48.348 12885 13073 W unknown:ViewManagerPropertyUpdater: Could not find generated setter for class com.facebook.react.views.scroll.ReactHorizontalScrollContainerViewManager
03-01 18:22:48.350 12885 13073 W unknown:ViewManagerPropertyUpdater: Could not find generated setter for class com.facebook.react.views.progressbar.ReactProgressBarViewManager
03-01 18:22:48.352 12885 13073 W unknown:ViewManagerPropertyUpdater: Could not find generated setter for class com.facebook.react.views.progressbar.ProgressBarShadowNode
03-01 18:22:48.353 12885 13073 W unknown:ViewManagerPropertyUpdater: Could not find generated setter for class com.facebook.react.views.scroll.ReactScrollViewManager
03-01 18:22:48.360 12885 13073 W unknown:ViewManagerPropertyUpdater: Could not find generated setter for class com.facebook.react.views.slider.ReactSliderManager
03-01 18:22:48.363 12885 13073 W unknown:ViewManagerPropertyUpdater: Could not find generated setter for class com.facebook.react.views.slider.ReactSliderManager$ReactSliderShadowNode
03-01 18:22:48.364 12885 13073 W unknown:ViewManagerPropertyUpdater: Could not find generated setter for class com.facebook.react.views.switchview.ReactSwitchManager
03-01 18:22:48.368   690   690 E         : [E/capacity_limit_control] not demo version, not set power control prop!
03-01 18:22:48.369 12885 13073 W unknown:ViewManagerPropertyUpdater: Could not find generated setter for class com.facebook.react.views.switchview.ReactSwitchManager$ReactSwitchShadowNode
03-01 18:22:48.369 12885 13073 W unknown:ViewManagerPropertyUpdater: Could not find generated setter for class com.facebook.react.views.toolbar.ReactToolbarManager
03-01 18:22:48.373 12885 13073 W unknown:ViewManagerPropertyUpdater: Could not find generated setter for class com.facebook.react.views.swiperefresh.SwipeRefreshLayoutManager
03-01 18:22:48.376 12885 13073 W unknown:ViewManagerPropertyUpdater: Could not find generated setter for class com.facebook.react.views.art.ARTSurfaceViewManager
03-01 18:22:48.377 12885 13073 W unknown:ViewManagerPropertyUpdater: Could not find generated setter for class com.facebook.react.views.art.ARTSurfaceViewShadowNode
03-01 18:22:48.378 12885 13073 W unknown:ViewManagerPropertyUpdater: Could not find generated setter for class com.facebook.react.views.text.frescosupport.FrescoBasedReactTextInlineImageViewManager
03-01 18:22:48.379 12885 13073 W unknown:ViewManagerPropertyUpdater: Could not find generated setter for class com.facebook.react.views.text.frescosupport.FrescoBasedReactTextInlineImageShadowNode
03-01 18:22:48.380 12885 13073 W unknown:ViewManagerPropertyUpdater: Could not find generated setter for class com.facebook.react.views.image.ReactImageManager
03-01 18:22:48.385 12885 13073 W unknown:ViewManagerPropertyUpdater: Could not find generated setter for class com.facebook.react.views.modal.ReactModalHostManager
03-01 18:22:48.388 12885 13073 W unknown:ViewManagerPropertyUpdater: Could not find generated setter for class com.facebook.react.views.modal.ModalHostShadowNode
03-01 18:22:48.389 12885 13073 W unknown:ViewManagerPropertyUpdater: Could not find generated setter for class com.facebook.react.views.text.ReactRawTextManager
03-01 18:22:48.392 12885 13073 W unknown:ViewManagerPropertyUpdater: Could not find generated setter for class com.facebook.react.views.text.ReactRawTextShadowNode
03-01 18:22:48.394 12885 13073 W unknown:ViewManagerPropertyUpdater: Could not find generated setter for class com.facebook.react.views.textinput.ReactTextInputManager
03-01 18:22:48.402 12885 13073 W unknown:ViewManagerPropertyUpdater: Could not find generated setter for class com.facebook.react.views.textinput.ReactTextInputShadowNode
03-01 18:22:48.408 12885 13073 W unknown:ViewManagerPropertyUpdater: Could not find generated setter for class com.facebook.react.views.text.ReactTextViewManager
03-01 18:22:48.412 12885 13073 W unknown:ViewManagerPropertyUpdater: Could not find generated setter for class com.facebook.react.views.text.ReactTextShadowNode
03-01 18:22:48.413 12885 13073 W unknown:ViewManagerPropertyUpdater: Could not find generated setter for class com.facebook.react.views.view.ReactViewManager
03-01 18:22:48.420 12885 13073 W unknown:ViewManagerPropertyUpdater: Could not find generated setter for class com.facebook.react.views.viewpager.ReactViewPagerManager
03-01 18:22:48.424 12885 13073 W unknown:ViewManagerPropertyUpdater: Could not find generated setter for class com.facebook.react.views.text.ReactVirtualTextViewManager
03-01 18:22:48.425 12885 13073 W unknown:ViewManagerPropertyUpdater: Could not find generated setter for class com.facebook.react.views.text.ReactVirtualTextShadowNode
03-01 18:22:48.426 12885 13073 W unknown:ViewManagerPropertyUpdater: Could not find generated setter for class com.reactnativecommunity.webview.RNCWebViewManager
03-01 18:22:48.521  1796  2605 I SendBroadcastPermission: action:android.intent.action.SIG_STR, mPermissionType:0
03-01 18:22:48.522  1796  1796 I MQoS    : onSignal: mSubId=1,currDataSubID=0
03-01 18:22:48.522  1796  1796 I MQoS    : received cell-signal:4
03-01 18:22:48.530  2171  2254 I HwMobileSignalController: subId:1 phoneType:1 networktype:3 targetClass:2 masterLevel:3 slaveLevel:-1
03-01 18:22:48.551  2406  2447 I QtiTetherService: limitReached Alert received limitName: globalAlert on Interface: rmnet_data0
03-01 18:22:48.577  1796  2014 I TetherStatsReporting: getTetherStats() called NetworkStats: elapsedRealtime=652595
03-01 18:22:48.577  1796  2014 I TetherStatsReporting:   [0] iface=rmnet_data0 uid=0 set=DEFAULT tag=0x0 roaming=NO rxBytes=80987 rxPackets=579 txBytes=20503 txPackets=369 operations=0
03-01 18:22:48.577  1796  2014 I TetherStatsReporting:  proc=
03-01 18:22:48.577  1796  2014 I TetherStatsReporting:  actuid=-1
03-01 18:22:48.577  1796  2014 I TetherStatsReporting:   [1] iface=rmnet_data0 uid=0 set=FOREGROUND tag=0x0 roaming=NO rxBytes=0 rxPackets=0 txBytes=0 txPackets=0 operations=0
03-01 18:22:48.577  1796  2014 I TetherStatsReporting:  proc=
03-01 18:22:48.577  1796  2014 I TetherStatsReporting:  actuid=-1
03-01 18:22:48.577  1796  2014 I TetherStatsReporting:   [2] iface=rmnet_data0 uid=1000 set=DEFAULT tag=0x0 roaming=NO rxBytes=64242 rxPackets=61 txBytes=5147 txPackets=65 operations=0
03-01 18:22:48.577  1796  2014 I TetherStatsReporting:  proc=
03-01 18:22:48.577  1796  2014 I TetherStatsReporting:  actuid=-1
03-01 18:22:48.577  1796  2014 I TetherStatsReporting:   [3] iface=rmnet_data0 uid=1000 set=FOREGROUND tag=0x0 roaming=NO rxBytes=0 rxPackets=0 txBytes=0 txPackets=0 operations=0
03-01 18:22:48.577  1796  2014 I TetherStatsReporting:  proc=
03-01 18:22:48.577  1796  2014 I TetherStatsReporting:  actuid=-1
03-01 18:22:48.577  1796  2014 I TetherStatsReporting:   [4] iface=rmnet_data0 uid=1001 set=DEFAULT tag=0x0 roaming=NO rxBytes=0 rxPackets=0 txBytes=0 txPackets=0 operations=0
03-01 18:22:48.577  1796  2014 I TetherStatsReporting:  proc=
03-01 18:22:48.577  1796  2014 I TetherStatsReporting:  actuid=-1
03-01 18:22:48.577  1796  2014 I TetherStatsReporting:   [5] iface=rmnet_data0 uid=1001 set=FOREGROUND tag=0x0 roaming=NO rxBytes=11889 rxPackets=28 txBytes=3470 txPackets=41 operations=0
03-01 18:22:48.577  1796  2014 I TetherStatsReporting:  proc=
03-01 18:22:48.577  1796  2014 I TetherStatsReporting:  actuid=-1
03-01 18:22:48.577  1796  2014 I TetherStatsReporting:   [6] iface=rmnet_data0 uid=10017 set=DEFAULT tag=0x0 roaming=NO rxBytes=642108 rxPackets=1521 txBytes=922258 txPackets=1298 operations=0
03-01 18:22:48.577  1796  2014 I TetherStatsReporting:  proc=
03-01 18:22:48.577  1796  2014 I TetherStatsReporting:  actuid=-1
03-01 18:22:48.577  1796  2014 I TetherStatsReporting:   [7] iface=rmnet_data0 uid=10017 set=FOREGROUND tag=0x0 roaming=NO rxBytes=251001 rxPackets=836 txBytes=580816 txPackets=710 operations=0
03-01 18:22:48.577  1796  2014 I TetherStatsReporting:  proc=
03-01 18:22:48.577  1796  2014 I TetherStatsReporting:  actuid=-1
03-01 18:22:48.577  1796  2014 I TetherStatsReporting:   [8] iface=rmnet_data0 uid=10034 set=DEFAULT tag=0x0 roaming=NO rxBytes=33099 rxPackets=61 txBytes=13300 txPackets=81 operations=0
03-01 18:22:48.577  1796  2014 I TetherStatsReporting:  proc=
03-01 18:22:48.577  1796  2014 I TetherStatsReporting:  actuid=-1
03-01 18:22:48.577  1796  2014 I TetherStatsReporting:   [9] iface=rmnet_data0 uid=10034 set=FOREGROUND tag=0x0 roaming=NO rxBytes=85881 rxPackets=99 txBytes=30784 txPackets=88 operations=0
03-01 18:22:48.577  1796  2014 I TetherStatsReporting:  proc=
03-01 18:22:48.577  1796  2014 I TetherStatsReporting:  actuid=-1
03-01 18:22:48.577  1796  2014 I TetherStatsReporting:   [10] iface=rmnet_data0 uid=10043 set=DEFAULT tag=0x0 roaming=NO rxBytes=30320 rxPackets=45 txBytes=13921 txPackets=44 operations=0
03-01 18:22:48.577  1796  2014 I TetherStatsReporting:  proc=
03-01 18:22:48.577  1796  2014 I TetherStatsReporting:  actuid=-1
03-01 18:22:48.577  1796  2014 I TetherStatsReporting:   [11] iface=rmnet_data0 uid=10043 set=FOREGROUND tag=0x0 roaming=NO rxBytes=0 rxPackets=0 txBytes=0 txPackets=0 operations=0
03-01 18:22:48.577  1796  2014 I TetherStatsReporting:  proc=
03-01 18:22:48.577  1796  2014 I TetherStatsReporting:  actuid=-1
03-01 18:22:48.577  1796  2014 I TetherStatsReporting:   [12] iface=rmnet_data0 uid=10061 set=DEFAULT tag=0x0 roaming=NO rxBytes=9657 rxPackets=14 txBytes=5881 txPackets=19 operations=0
03-01 18:22:48.577  1796  2014 I TetherStatsReporting:  proc=
03-01 18:22:48.577  1796  2014 I TetherStatsReporting:  actuid=-1
03-01 18:22:48.577  1796  2014 I TetherStatsReporting:   [13] iface=rmnet_data0 uid=10061 set=FOREGROUND tag=0x0 roaming=NO rxBytes=0 rxPackets=0 txBytes=0 txPackets=0 operations=0
03-01 18:22:48.577  1796  2014 I TetherStatsReporting:  proc=
03-01 18:22:48.577  1796  2014 I TetherStatsReporting:  actuid=-1
03-01 18:22:48.577  1796  2014 I TetherStatsReporting:   [14] iface=rmnet_data0 uid=10062 set=DEFAULT tag=0x0 roaming=NO rxBytes=20681 rxPackets=50 txBytes=8436 txPackets=63 operations=0
03-01 18:22:48.577  1796  2014 I TetherStatsReporting:  proc=
03-01 18:22:48.577  1796  2014 I TetherStatsReporting:  actuid=-1
03-01 18:22:48.577  1796  2014 I TetherStatsReporting:   [15] iface=rmnet_data0 uid=10062 set=FOREGROUND tag=0x0 roaming=NO rxBytes=0 rxPackets=0 txBytes=0 txPackets=0 operations=0
03-01 18:22:48.577  1796  2014 I TetherStatsReporting:  proc=
03-01 18:22:48.577  1796  2014 I TetherStatsReporting:  actuid=-1
03-01 18:22:48.577  1796  2014 I TetherStatsReporting:   [16] iface=rmnet_data0 uid=10077 set=DEFAULT tag=0x0 roaming=NO rxBytes=15483 rxPackets=18 txBytes=6105 txPackets=19 operations=0
03-01 18:22:48.577  1796  2014 I TetherStatsReporting:  proc=
03-01 18:22:48.577  1796  2014 I TetherStatsReporting:  actuid=-1
03-01 18:22:48.577  1796  2014 I TetherStatsReporting:   [17] iface=rmnet_data0 uid=10077 set=FOREGROUND tag=0x0 roaming=NO rxBytes=0 rxPackets=0 txBytes=0 txPackets=0 operations=0
03-01 18:22:48.577  1796  2014 I TetherStatsReporting:  proc=
03-01 18:22:48.577  1796  2014 I TetherStatsReporting:  actuid=-1
03-01 18:22:48.577  1796  2014 I TetherStatsReporting:   [18] iface=rmnet_data0 uid=10086 set=DEFAULT tag=0x0 roaming=NO rxBytes=65731 rxPackets=83 txBytes=32115 txPackets=99 operations=0
03-01 18:22:48.577  1796  2014 I TetherStatsReporting:  proc=
03-01 18:22:48.577  1796  2014 I TetherStatsReporting:  actuid=-1
03-01 18:22:48.577  1796  2014 I TetherStatsReporting:   [19] iface=rmnet_data0 uid=10086 set=FOREGROUND tag=0x0 roaming=NO rxBytes=0 rxPackets=0 txBytes=0 txPackets=0 operations=0
03-01 18:22:48.577  1796  2014 I TetherStatsReporting:  proc=
03-01 18:22:48.577  1796  2014 I TetherStatsReporting:  actuid=-1
03-01 18:22:48.577  1796  2014 I TetherStatsReporting:   [20] iface=rmnet_data0 uid=10100 set=DEFAULT tag=0x0 roaming=NO rxBytes=1035102 rxPackets=699 txBytes=35811 txPackets=485 operations=0
03-01 18:22:48.577  1796  2014 I TetherStatsReporting:  proc=
03-01 18:22:48.577  1796  2014 I TetherStatsReporting:  actuid=-1
03-01 18:22:48.577  1796  2014 I TetherStatsReporting:   [21] iface=rmnet_data0 uid=10100 set=FOREGROUND tag=0x0 roaming=NO rxBytes=0 rxPackets=0 txBytes=0 txPackets=0 operations=0
03-01 18:22:48.577  1796  2014 I TetherStatsReporting:  proc=
03-01 18:22:48.577  1796  2014 I TetherStatsReporting:  actuid=-1
03-01 18:22:48.577  1796  2014 I TetherStatsReporting:   [22] iface=rmnet_data0 uid=10101 set=DEFAULT tag=0x0 roaming=NO rxBytes=574446 rxPackets=479 txBytes=48699 txPackets=360 operations=0
03-01 18:22:48.577  1796  2014 I TetherStatsReporting:  proc=
03-01 18:22:48.577  1796  2014 I TetherStatsReporting:  actuid=-1
03-01 18:22:48.577  1796  2014 I TetherStatsReporting:   [23] iface=rmnet_data0 uid=10101 set=FOREGROUND tag=0x0 roaming=NO rxBytes=0 rxPackets=0 txBytes=0 txPackets=0 operations=0
03-01 18:22:48.577  1796  2014 I TetherStatsReporting:  proc=
03-01 18:22:48.577  1796  2014 I TetherStatsReporting:  actuid=-1
03-01 18:22:48.577  1796  2014 I TetherStatsReporting:   [24] iface=rmnet_data0 uid=10107 set=DEFAULT tag=0x0 roaming=NO rxBytes=251578 rxPackets=332 txBytes=85051 txPackets=455 operations=0
03-01 18:22:48.577  1796  2014 I TetherStatsReporting:  proc=
03-01 18:22:48.577  1796  2014 I TetherStatsReporting:  actuid=-1
03-01 18:22:48.577  1796  2014 I TetherStatsReporting:   [25] iface=rmnet_data0 uid=10107 set=FOREGROUND tag=0x0 roaming=NO rxBytes=0 rxPackets=0 txBytes=0 txPackets=0 operations=0
03-01 18:22:48.577  1796  2014 I TetherStatsReporting:  proc=
03-01 18:22:48.577  1796  2014 I TetherStatsReporting:  actuid=-1
03-01 18:22:48.577  1796  2014 I TetherStatsReporting:   [26] iface=rmnet_data0 uid=10113 set=DEFAULT tag=0x0 roaming=NO rxBytes=40506 rxPackets=127 txBytes=32697 txPackets=165 operations=0
03-01 18:22:48.577  1796  2014 I TetherStatsReporting: combining tether stats
03-01 18:22:48.621  1796  2014 I SendBroadcastPermission: action:com.android.server.action.NETWORK_STATS_UPDATED, mPermissionType:0
03-01 18:22:48.671 12885 12979 I ACFcmTokenUpdateJob: FCM token updated successfully on AC Frontend
03-01 18:22:48.673 12885 12979 I ACFcmTokenUpdateJob: Updated FCM token on AC Frontend
03-01 18:22:48.689 12885 12979 I HxFcmTokenUpdateJob: Hx FCM token update job starting
03-01 18:22:48.696 12885 12979 I HxFcmTokenUpdateJob: FCM token updated successfully in HxCore
03-01 18:22:48.703  2259  2527 E HwSystemManager: LeisureTrafficSetting:result is empty
03-01 18:22:48.713 12885 12979 I HelpshiftFcmTokenUpdateJob: Helpshift FCM token update job starting
03-01 18:22:48.715 12885 12979 I HelpshiftFcmTokenUpdateJob: Successfully updated the FCM token in Helpshift
03-01 18:22:48.724  1796  1993 W AlarmManager: mIsScreenOn is: true, WAKEUP alarm trigger action = com.android.internal.policy.impl.PhoneWindowManager.DELAYED_KEYGUARD package name is: com.android.systemui
03-01 18:22:48.814 12885 12976 E OMAddinManagerV2: No command buttons available in memory for given storeId: 034be204-68d4-4d35-a1eb-4beffe289025
03-01 18:22:49.739 12885 12976 E ACFavoriteManager: Favorites sync will be skipped because the application is offline or in background
03-01 18:22:49.746 12885 12976 I PartnerSdkManager: Building the partner configuration map
03-01 18:22:49.748 12885 12976 I PartnerSdkManager: Loading the partner interfaces, count: 1
03-01 18:22:49.751 12885 12976 I PartnerSdkManager: Failed to find native LIB[libcortana-jni] for partner[Commute]
03-01 18:22:49.752 12885 12976 I PartnerSdkManager: Checking requirements: Partner[Commute] Flight[false] NativeLibs[false] AssetsDownloaded[true]
03-01 18:22:49.752 12885 12976 I PartnerSdkManager: Building the partner contribution map
03-01 18:22:49.752 12885 12976 I PartnerSdkManager: Downloading all the partner asset files
03-01 18:22:49.759 12885 12976 I PartnerSdkManager: Handling requests for contributors after initialization
03-01 18:22:50.456  2171  2171 I NetworkSpeedManagerEx: mIsStop = false
03-01 18:22:50.459  2171  2171 I NetworkSpeedManagerEx: value=173891.33speed = 169.8K/s
03-01 18:22:50.459  2171  2171 I NetworkSpeedView: /update(), speed=169.8K/s parent class:class com.android.systemui.statusbar.HwSystemIcons
03-01 18:22:50.482  2171  2171 I NetworkSpeedManagerEx: mIsStop = false
03-01 18:22:50.486  2171  2171 I NetworkSpeedManagerEx: value=174700.33speed = 170.6K/s
03-01 18:22:50.486  2171  2171 I NetworkSpeedView: /update(), speed=170.6K/s parent class:class com.android.systemui.statusbar.HwSystemIcons
03-01 18:22:50.514  1796  1807 I art     : Background partial concurrent mark sweep GC freed 81290(4MB) AllocSpace objects, 30(2MB) LOS objects, 22% free, 42MB/54MB, paused 3.842ms total 373.925ms
03-01 18:22:50.830  2768  2768 W ChimeraUtils: Non Chimera context
03-01 18:22:50.918  1796  6566 I MQoS    : MSG_QUERY_TCP_INFO called,count:52
03-01 18:22:50.918  1796  1796 I WifiProJNI: ######### CMD_QUERY_PKTS ########
03-01 18:22:50.918  1796  2076 I QosMonitor: postEventFromNative: msg=100,arg1=0,arg2=9
03-01 18:22:50.918  1796  2076 W WifiProJNI: poll before: g_monitor_fd =327
03-01 18:22:50.918  1796  1796 I MQoS    : rtt=0,tcp_tx_pkts=0,tcp_rx_pkts=0
03-01 18:22:50.922  1796  6566 I TrafficMonitor: getStatic,count:0,work status:false
03-01 18:22:50.922  1796  6566 I MQoS    : QOS_level:5(5),use RAT:4G;signalLvl:5
03-01 18:22:51.189  1796  3396 I SendBroadcastPermission: action:android.intent.action.SIG_STR, mPermissionType:0
03-01 18:22:51.190  1796  1796 I MQoS    : onSignal: mSubId=0,currDataSubID=0
03-01 18:22:51.190  1796  1796 I MQoS    : received cell-signal:5
03-01 18:22:51.197  2171  2254 I HwMobileSignalController: subId:0 phoneType:1 networktype:13 targetClass:3 masterLevel:4 slaveLevel:-1
03-01 18:22:51.383  2768  2768 W ChimeraUtils: Non Chimera context
03-01 18:22:51.484  2422  3174 I DownloadState: @@@@@@@@@@@@ uid :10101 download :true
03-01 18:22:51.484  2422  3174 I PGServer: report state:5 event type:1 pid:0 uid:10101 pkg:null to pid: 1796
03-01 18:22:52.033  2768  2768 W ChimeraUtils: Non Chimera context
03-01 18:22:52.166  1796  1993 W AlarmManager: mIsScreenOn is: true, WAKEUP alarm trigger action = com.huawei.intent.action.PUSH package name is: android
03-01 18:22:52.181  6275  6275 I PushLog2848: [main-1]action is com.huawei.intent.action.PUSH(android/null:-1)
03-01 18:22:52.201  6275  6275 I PushLog2848: [main-1]broadcast(),and mReceivers  4(android/null:-1)
03-01 18:22:52.232  6275  6311 E BastetManager: Failed to get bastet service
03-01 18:22:52.242  6275  6311 I PushLog2848: [ReceiverDispatcher-384]isBastetAvailable false, can't use bastet.(android/null:-1)
03-01 18:22:52.242  6275  6311 I PushLog2848: [ReceiverDispatcher-384]resetBastet(android/null:-1)
03-01 18:22:52.245  6275  6311 I PushLog2848: [ReceiverDispatcher-384]init push bastet failed!(android/null:-1)
03-01 18:22:52.264  6275  6311 I PushLog2848: [ReceiverDispatcher-384]read to Send:DA(android/null:-1)
03-01 18:22:52.267  6275  6311 I PushLog2848: [ReceiverDispatcher-384]send msg to remote srv success(android/null:-1)
03-01 18:22:52.441  2658  2658 I SendBroadcastPermission: action:com.qualcomm.intent.action.ACTION_UNSOL_RESPONSE_OEM_HOOK_RAW, mPermissionType:0
03-01 18:22:52.445  2398  2421 I SarControl_Manager: processBandCallback, enter, type=4, sub=0, bundle_key1=1
03-01 18:22:52.445  2398  8172 I SarControl_Manager: handleBigPowerCallback, enter, sub=0, powerState=1, is_sub0_big_power=0, is_sub1_big_power=-1
03-01 18:22:52.445  2398  8172 I SarControl_Manager: handleBigPowerCallback, end, isChange=true
03-01 18:22:52.446  2398  8172 W SarControl_Manager: registerGSensor, g_sensor is not legal, not continue, mExistRuleCondition: value, is_sub0_voice=1, is_sub1_voice=1, is_wifi_ap_opened=0, is_sub0_big_power=1, is_sub1_big_power=1, is_wifi_connected=1, is_near_light=1, is_cell_sar_sensor=1, sub0_cell_band=47, sub1_cell_band=47, is_headset_insert=0, sar_cell_reduce=1, sar_wifi_reduce=12
03-01 18:22:52.446  2398  8172 I SarControl_Manager: registerSarSensor, enter
03-01 18:22:52.447  1796  3406 I qti_sensors_hal: batch,376,handle 14, timeout:0 ,period_ns:200000000
03-01 18:22:52.447  1796  3406 I qti_sensors_hal: batch:sensor(com.qti.sensor.sar) handle:14 flags:0x0 period_ns 200000000
03-01 18:22:52.448  1796  3406 I qti_sensors_hal: batch:sensor(com.qti.sensor.sar) sample_rate=5.000000Hz report_rate_f=0.000000Hz curr sample rate:5.000000 cur rpt rate:0 max:15.000000 min:0.015259
03-01 18:22:52.448  1796  3406 I qti_sensors_hal: batch: current sample rate, report rate & buffering are equal to requested (5.000000,0.000000,0)
03-01 18:22:52.448  1796  3406 I qti_sensors_hal: activate: handle is 14, en is 1
03-01 18:22:52.448  1796  3406 I qti_sensors_hal: activate: 295 activate sensors is 12020800004003
03-01 18:22:52.448  1796  3406 I qti_sensors_hal: enable,95:handle is 14, en is 1
03-01 18:22:52.448   674  1709 E bdatd   : [SensorStat.cpp] setState# sensor not found
03-01 18:22:52.450  2398  8172 I SarControl_Manager: registerSarSensor: end, mIsSarSensorRegistered=true
03-01 18:22:52.450  2398  8172 I SarControl_Manager: checkStateAndHandle, enter, mHandler=Handler (com.huawei.sarcontrolservice.SarControlManager$3) {1ceaf69}
03-01 18:22:52.451  2398  8172 I SarControl_Manager: handleControlSAR, enter, find=false, mRuleDataCur value, is_sub0_voice=0, is_sub1_voice=0, is_wifi_ap_opened=0, is_sub0_big_power=1, is_wifi_connected=0, is_near_light=0, is_headset_insert=0, sar_cell_reduce=1mLastSarCellReduce=-1, mLastSarWifi24GHzReduce=-1, mLastSarWifi5GHzReduce=-1, mLastSarWifiReduce=-1
03-01 18:22:52.451  2398  8172 I SarControl_Manager: restoreSarToNormal, enter, mHasDownSarAntenna=-1, mHasDownSarWifi=-1, mLastSarWifi24GHzReduce=-1, mLastSarWifi5GHzReduce=-1
03-01 18:22:52.451  2398  8172 I SarControl_Manager: handleControlSAR, end, rst=false, mSarHasDownAntenna=-1, mSarHasDownWifi=-1, mLastSarWifi24GHzReduce=-1, mLastSarWifi5GHzReduce=-1
03-01 18:22:52.505  2768  2768 W ChimeraUtils: Non Chimera context
03-01 18:22:52.509  1796  1949 I qti_sensors_hal: [sar-sensor]processReportInd: x: P: 1.000000, diff: 2192.000000, data[2]: 0.000000
03-01 18:22:52.509  2398  2398 I SarControl_Manager: checkStateAndHandle, enter, mHandler=Handler (com.huawei.sarcontrolservice.SarControlManager$3) {1ceaf69}
03-01 18:22:52.509  2398  8172 I SarControl_Manager: handleControlSAR, enter, find=true, mRuleDataCur value, is_sub0_voice=0, is_sub1_voice=0, is_wifi_ap_opened=0, is_sub0_big_power=1, is_wifi_connected=0, is_near_light=0, is_cell_sar_sensor=1, is_headset_insert=0, sar_cell_reduce=1mLastSarCellReduce=-1, mLastSarWifi24GHzReduce=-1, mLastSarWifi5GHzReduce=-1, mLastSarWifiReduce=-1
03-01 18:22:52.510  2398  8172 I SarControl_Manager: setMaxTxPower, will call setMaxTxPower, type=1, power=1
03-01 18:22:52.513  2398  8172 I SarControl_Manager: setMaxTxPower, rst = true, type=DSI, power=1
03-01 18:22:52.513  2398  8172 I SarControl_Manager: handleControlSAR, end, rst=true, mSarHasDownAntenna=1, mSarHasDownWifi=-1, mLastSarWifi24GHzReduce=-1, mLastSarWifi5GHzReduce=-1
03-01 18:22:52.566  3361  3361 E GsaVoiceInteractionSrv: updateScreenStatus
03-01 18:22:52.567  3361  3361 E HotwordState: FASE: true, ACR: true, HR: true, ACbSS: false, ACbHE: false, SO:true, ARS: false
03-01 18:22:52.610  6275  6368 I PushLog2848: [SocketRead_18:13:35-412]received a msg cmdId:DB(android/null:-1)
03-01 18:22:52.655  6275  6368 I PushLog2848: [SocketRead_18:13:35-412]broadcast(),and mReceivers  4(android/null:-1)
03-01 18:22:52.974  2768  2768 W ChimeraUtils: Non Chimera context
03-01 18:22:53.026  2398  2818 I SarControl_Manager: processBandCallback, enter, type=4, sub=0, bundle_key1=0
03-01 18:22:53.026  2398  8172 I SarControl_Manager: handleBigPowerCallback, enter, sub=0, powerState=0, is_sub0_big_power=1, is_sub1_big_power=-1
03-01 18:22:53.026  2398  8172 I SarControl_Manager: handleBigPowerCallback, end, isChange=true
03-01 18:22:53.026  2398  8172 I SarControl_Manager: unregisterSarSensor, enter
03-01 18:22:53.026  2658  2658 I SendBroadcastPermission: action:com.qualcomm.intent.action.ACTION_UNSOL_RESPONSE_OEM_HOOK_RAW, mPermissionType:0
03-01 18:22:53.027  1796  2414 I qti_sensors_hal: activate: handle is 14, en is 0
03-01 18:22:53.027  1796  2414 I qti_sensors_hal: activate: 295 activate sensors is 12020800000003
03-01 18:22:53.027  1796  2414 I qti_sensors_hal: enable,95:handle is 14, en is 0
03-01 18:22:53.027   674  1709 E bdatd   : [SensorStat.cpp] setState# sensor not found
03-01 18:22:53.028  1796  2483 I SendBroadcastPermission: action:android.intent.action.SIG_STR, mPermissionType:0
03-01 18:22:53.028  1796  1796 I MQoS    : onSignal: mSubId=1,currDataSubID=0
03-01 18:22:53.029  1796  1796 I MQoS    : received cell-signal:4
03-01 18:22:53.030  2398  8172 I SarControl_Manager: checkStateAndHandle, enter, mHandler=Handler (com.huawei.sarcontrolservice.SarControlManager$3) {1ceaf69}
03-01 18:22:53.031  2398  8172 I SarControl_Manager: handleControlSAR, enter, find=false, mRuleDataCur value, is_sub0_voice=0, is_sub1_voice=0, is_wifi_ap_opened=0, is_sub0_big_power=0, is_wifi_connected=0, is_near_light=0, is_headset_insert=0, sar_cell_reduce=1mLastSarCellReduce=1, mLastSarWifi24GHzReduce=-1, mLastSarWifi5GHzReduce=-1, mLastSarWifiReduce=-1
03-01 18:22:53.031  2398  8172 I SarControl_Manager: restoreSarToNormal, enter, mHasDownSarAntenna=1, mHasDownSarWifi=-1, mLastSarWifi24GHzReduce=-1, mLastSarWifi5GHzReduce=-1
03-01 18:22:53.031  2398  8172 I SarControl_Manager: setMaxTxPower, will call setMaxTxPower, type=1, power=0
03-01 18:22:53.035  2398  8172 I SarControl_Manager: setMaxTxPower, rst = true, type=DSI, power=0
03-01 18:22:53.035  2398  8172 I SarControl_Manager: handleControlSAR, end, rst=true, mSarHasDownAntenna=-1, mSarHasDownWifi=-1, mLastSarWifi24GHzReduce=-1, mLastSarWifi5GHzReduce=-1
03-01 18:22:53.036  2171  2254 I HwMobileSignalController: subId:1 phoneType:1 networktype:3 targetClass:2 masterLevel:3 slaveLevel:-1
03-01 18:22:53.379   690   690 E         : [E/capacity_limit_control] not demo version, not set power control prop!
03-01 18:22:53.398   690   690 E         : [E/capacity_limit_control] not demo version, not set power control prop!
03-01 18:22:53.463  2171  2171 I NetworkSpeedManagerEx: mIsStop = false
03-01 18:22:53.467  2171  2171 I NetworkSpeedManagerEx: value=15530.667speed = 15.2K/s
03-01 18:22:53.467  2171  2171 I NetworkSpeedView: /update(), speed=15.2K/s parent class:class com.android.systemui.statusbar.HwSystemIcons
03-01 18:22:53.497  2171  2171 I NetworkSpeedManagerEx: mIsStop = false
03-01 18:22:53.500  2171  2171 I NetworkSpeedManagerEx: value=14721.667speed = 14.4K/s
03-01 18:22:53.500  2171  2171 I NetworkSpeedView: /update(), speed=14.4K/s parent class:class com.android.systemui.statusbar.HwSystemIcons
03-01 18:22:53.615  2768  2768 W ChimeraUtils: Non Chimera context
03-01 18:22:53.959  2768  2768 W ChimeraUtils: Non Chimera context
03-01 18:22:54.509  1796  3406 I SendBroadcastPermission: action:android.intent.action.SIG_STR, mPermissionType:0
03-01 18:22:54.511  1796  1796 I MQoS    : onSignal: mSubId=0,currDataSubID=0
03-01 18:22:54.511  1796  1796 I MQoS    : received cell-signal:5
03-01 18:22:54.515  2171  2254 I HwMobileSignalController: subId:0 phoneType:1 networktype:13 targetClass:3 masterLevel:4 slaveLevel:-1
03-01 18:22:54.575  2768  2768 W ChimeraUtils: Non Chimera context
03-01 18:22:54.976  2768  2768 W ChimeraUtils: Non Chimera context
03-01 18:22:55.240  1796  3405 I SendBroadcastPermission: action:android.intent.action.SIG_STR, mPermissionType:0
03-01 18:22:55.240  1796  1796 I MQoS    : onSignal: mSubId=1,currDataSubID=0
03-01 18:22:55.241  1796  1796 I MQoS    : received cell-signal:4
03-01 18:22:55.246  2171  2254 I HwMobileSignalController: subId:1 phoneType:1 networktype:3 targetClass:2 masterLevel:3 slaveLevel:-1
03-01 18:22:55.538  2768  2768 W ChimeraUtils: Non Chimera context
03-01 18:22:56.174  2768  2768 W ChimeraUtils: Non Chimera context
03-01 18:22:56.471  2171  2171 I NetworkSpeedManagerEx: mIsStop = false
03-01 18:22:56.476  2171  2171 I NetworkSpeedManagerEx: value=9603.0speed = 9.4K/s
03-01 18:22:56.476  2171  2171 I NetworkSpeedView: /update(), speed=9.4K/s parent class:class com.android.systemui.statusbar.HwSystemIcons
03-01 18:22:56.492  2422  3174 I DownloadState: @@@@@@@@@@@@ uid :10101 download :false
03-01 18:22:56.494  2422  3174 I PGServer: report state:5 event type:2 pid:0 uid:10101 pkg:null to pid: 1796
03-01 18:22:56.503  2171  2171 I NetworkSpeedManagerEx: mIsStop = false
03-01 18:22:56.510  2171  2171 I NetworkSpeedManagerEx: value=10294.0speed = 10.1K/s
03-01 18:22:56.510  2171  2171 I NetworkSpeedView: /update(), speed=10.1K/s parent class:class com.android.systemui.statusbar.HwSystemIcons
03-01 18:22:56.529  2768  2768 W ChimeraUtils: Non Chimera context
03-01 18:22:57.454  2768  2768 W ChimeraUtils: Non Chimera context
03-01 18:22:57.797   656   656 E Thermal-daemon: [ap] temp_new :46  temp_old :47
03-01 18:22:57.798  2422  3358 I ThermalService: Receive temperature change, type: 0, temp: 46 from thermald
03-01 18:22:57.798  2422  4163 I LowBatteryManager: Only handle msg event!
03-01 18:22:57.799   656   656 E Thermal-daemon: Report temperature: [ap] temp :46  report_threshold:1
03-01 18:22:57.869  2768  2768 W ChimeraUtils: Non Chimera context
03-01 18:22:58.134  2897  3020 I iMonitor: create: 908001005
03-01 18:22:58.135  2897  3020 I iMonitor: send: 908001005
03-01 18:22:58.135   674  1146 I logserver: handle_exception_events enter
03-01 18:22:58.154  2897  3020 I iMonitor: create: 908002001
03-01 18:22:58.165  2897  3020 E DeviceInfo: file is not exist: /proc/ddr_info
03-01 18:22:58.166  2897  3020 E DeviceInfo: GT start to parse :/proc/app_info
03-01 18:22:58.177  2897  3020 E DeviceInfo: file is not exist: proc/device-tree/hisi,boardname
03-01 18:22:58.179  2897  3020 E DeviceInfo: GT start to parse :/proc/app_info
03-01 18:22:58.182   674  1146 I logserver: handle_exception_events enter
03-01 18:22:58.185  2897  3020 I iMonitor: send: 908002001
03-01 18:22:58.193  2897  3020 I iMonitor: create: 908001004
03-01 18:22:58.200  2897  3020 I iMonitor: send: 908001004
03-01 18:22:58.200   674  1146 I logserver: handle_exception_events enter
03-01 18:22:58.408   690   690 E         : [E/capacity_limit_control] not demo version, not set power control prop!
03-01 18:22:58.413  2768  2768 W ChimeraUtils: Non Chimera context
03-01 18:22:58.534  2897  2897 I iMonitor: create: 903001011
03-01 18:22:58.544   674  1146 I logserver: handle_exception_events enter
03-01 18:22:58.544  2897  2897 I iMonitor: send: 903001011
03-01 18:22:58.553  2897  2897 W PTM.PeriodCheckManager: mSendService start
03-01 18:22:58.560  2897  3020 E LogCollectService: illegal eventid
03-01 18:22:58.788  2768  2768 W ChimeraUtils: Non Chimera context
03-01 18:22:59.100  2768  2768 W ChimeraUtils: Non Chimera context
03-01 18:22:59.280  3669  7395 E Volley  : [260] BasicNetwork.performRequest: Unexpected response code 403 for https://www.googleapis.com/drive/v2beta/files/1nIFbt_QbcSIzyWUnMoz4VK5eTKvt-cQKqoB7e0IYBU4VAx2fRNrEKd8gKYpeEaJNF6N3xsg?prettyPrint=false&fields=owners(isAuthenticatedUser,picture(url),displayName,permissionId,emailAddress),webContentLink,lastModifyingUser(isAuthenticatedUser,picture(url),displayName,permissionId,emailAddress),originalFilename,headRevisionId,fileExtension,id,folderColorRgb,version,webViewLink,indexableText(text),editable,quotaBytesUsed,properties(key,value,visibility),writersCanShare,sharedWithMeDate,shared,explicitlyTrashed,parents(isRoot,id),thumbnailLink,modifiedByMeDate,labels(restricted,trashed,starred,viewed),appDataContents,md5Checksum,thumbnail(mimeType,image),localId(value,space,version),ownerNames,sharingUser(isAuthenticatedUser,picture(url),displayName,permissionId,emailAddress),copyable,modifiedDate,userPermission(id,role,withLink,name,domain,additionalRoles,value,type,photoLink,emailAddress),etag,createdDate,mimeType,alternateLink,lastViewedByMeDate,title,description,fileSize,downloadUrl,embedLink&acknowledgeAbuse=false&allProperties=true&fileScopeAppIds=843889502734&updateViewedDate=false
03-01 18:22:59.287  3669 12202 W NetworkResponseErrorDec: StatusCode:403 Reason:[rateLimitExceeded] Location:[]
03-01 18:22:59.287  3669 12202 W ContentAndMetadataActio: Request to get file metadata failed. Cannot proceed with conflict-aware upload of 1nIFbt_QbcSIzyWUnMoz4VK5eTKvt-cQKqoB7e0IYBU4VAx2fRNrEKd8gKYpeEaJNF6N3xsg
03-01 18:22:59.481  2171  2171 I NetworkSpeedManagerEx: mIsStop = false
03-01 18:22:59.486  2171  2171 I NetworkSpeedManagerEx: value=27458.0speed = 26.8K/s
03-01 18:22:59.486  2171  2171 I NetworkSpeedView: /update(), speed=26.8K/s parent class:class com.android.systemui.statusbar.HwSystemIcons
03-01 18:22:59.492  3669 12200 W NetworkResponseErrorDec: StatusCode:403 Reason:[rateLimitExceeded] Location:[]
03-01 18:22:59.499  3669 12201 W NetworkResponseErrorDec: StatusCode:403 Reason:[rateLimitExceeded] Location:[]
03-01 18:22:59.508  3669 12200 W ApplyOnServerRunnable: Too many retries for action. Undoing.
03-01 18:22:59.508  3669 12200 W ApplyOnServerRunnable: uea: Server execution failed
03-01 18:22:59.508  3669 12200 W ApplyOnServerRunnable: 	at ukj.a(:com.google.android.gms@200414017@20.04.14 (040306-294335909):6)
03-01 18:22:59.508  3669 12200 W ApplyOnServerRunnable: 	at uby.a(:com.google.android.gms@200414017@20.04.14 (040306-294335909):15)
03-01 18:22:59.508  3669 12200 W ApplyOnServerRunnable: 	at uby.a(:com.google.android.gms@200414017@20.04.14 (040306-294335909):70)
03-01 18:22:59.508  3669 12200 W ApplyOnServerRunnable: 	at ubf.a(:com.google.android.gms@200414017@20.04.14 (040306-294335909):11)
03-01 18:22:59.508  3669 12200 W ApplyOnServerRunnable: 	at uen.run(:com.google.android.gms@200414017@20.04.14 (040306-294335909):17)
03-01 18:22:59.508  3669 12200 W ApplyOnServerRunnable: 	at java.util.concurrent.ThreadPoolExecutor.runWorker(ThreadPoolExecutor.java:1133)
03-01 18:22:59.508  3669 12200 W ApplyOnServerRunnable: 	at java.util.concurrent.ThreadPoolExecutor$Worker.run(ThreadPoolExecutor.java:607)
03-01 18:22:59.508  3669 12200 W ApplyOnServerRunnable: 	at java.lang.Thread.run(Thread.java:776)
03-01 18:22:59.514  2171  2171 I NetworkSpeedManagerEx: mIsStop = false
03-01 18:22:59.519  2171  2171 I NetworkSpeedManagerEx: value=28186.0speed = 27.5K/s
03-01 18:22:59.520  2171  2171 I NetworkSpeedView: /update(), speed=27.5K/s parent class:class com.android.systemui.statusbar.HwSystemIcons
03-01 18:22:59.818  2768  2783 I art     : Background partial concurrent mark sweep GC freed 86773(5MB) AllocSpace objects, 3(60KB) LOS objects, 48% free, 12MB/24MB, paused 1.441ms total 151.197ms
03-01 18:23:00.023  2171  2171 W HwKeyguardDragHelper: AnimationBlocked
03-01 18:23:00.023  2768  2768 W ChimeraUtils: Non Chimera context
03-01 18:23:00.030  2171  2171 I EventCenter: EventCenter Get :android.intent.action.TIME_TICK
03-01 18:23:00.033  2171  2171 E DateLunarView: mDateString is: Sun, Mar 1
03-01 18:23:00.065  3475  3475 I HwLauncher: Model  onReceive intent=Intent { act=android.intent.action.TIME_TICK flg=0x50000014 (has extras) }
03-01 18:23:00.065  3475  3475 I HwLauncher: Model  onReceive user=UserHandle{0}
03-01 18:23:00.106  2171  2171 W HwKeyguardDragHelper: AnimationBlocked
03-01 18:23:00.240  3608  8006 I EnvironmentUtils: total-pss=24723, java-heap=1172, native-heap=956, code=3484, system=18631, dex-mmap=(1416, 1416, 4, 4)
03-01 18:23:00.509  1796  2484 I SendBroadcastPermission: action:android.intent.action.SIG_STR, mPermissionType:0
03-01 18:23:00.509  1796  1796 I MQoS    : onSignal: mSubId=0,currDataSubID=0
03-01 18:23:00.509  1796  1796 I MQoS    : received cell-signal:5
03-01 18:23:00.516  2171  2254 I HwMobileSignalController: subId:0 phoneType:1 networktype:13 targetClass:3 masterLevel:4 slaveLevel:-1
03-01 18:23:00.620  3669 13056 I ContentMaintenance: Internal cache bytes used: 140376; limit: 100000000; download size: 0
03-01 18:23:00.659  3669 13056 I RealtimeCacheCleanup: Beginning Realtime garbage collection.
03-01 18:23:00.661  3669 13056 I RealtimeCacheCleanup: Finished Realtime garbage collection.
03-01 18:23:00.755  2768  2768 W ChimeraUtils: Non Chimera context
03-01 18:23:00.928  1796  6566 I MQoS    : MSG_QUERY_TCP_INFO called,count:53
03-01 18:23:00.928  1796  1796 I WifiProJNI: ######### CMD_QUERY_PKTS ########
03-01 18:23:00.928  1796  2076 I QosMonitor: postEventFromNative: msg=100,arg1=0,arg2=9
03-01 18:23:00.928  1796  2076 W WifiProJNI: poll before: g_monitor_fd =327
03-01 18:23:00.929  1796  1796 I MQoS    : rtt=0,tcp_tx_pkts=0,tcp_rx_pkts=0
03-01 18:23:00.931  1796  6566 I TrafficMonitor: getStatic,count:0,work status:false
03-01 18:23:00.931  1796  6566 I MQoS    : QOS_level:5(5),use RAT:4G;signalLvl:5
03-01 18:23:01.462  2768  2768 W ChimeraUtils: Non Chimera context
03-01 18:23:01.689  1796  1807 I art     : Background partial concurrent mark sweep GC freed 31453(1653KB) AllocSpace objects, 0(0B) LOS objects, 22% free, 42MB/54MB, paused 3.933ms total 277.244ms
03-01 18:23:01.937  2768  2768 W ChimeraUtils: Non Chimera context
03-01 18:23:02.491  2171  2171 I NetworkSpeedManagerEx: mIsStop = false
03-01 18:23:02.496  2171  2171 I NetworkSpeedManagerEx: value=10674.333speed = 10.4K/s
03-01 18:23:02.496  2171  2171 I NetworkSpeedView: /update(), speed=10.4K/s parent class:class com.android.systemui.statusbar.HwSystemIcons
03-01 18:23:02.520  2171  2171 I NetworkSpeedManagerEx: mIsStop = false
03-01 18:23:02.524  2171  2171 I NetworkSpeedManagerEx: value=9255.333speed = 9K/s
03-01 18:23:02.524  2171  2171 I NetworkSpeedView: /update(), speed=9K/s parent class:class com.android.systemui.statusbar.HwSystemIcons
03-01 18:23:02.701  2768  2768 W ChimeraUtils: Non Chimera context
03-01 18:23:02.984  2658  2658 I SendBroadcastPermission: action:com.qualcomm.intent.action.ACTION_UNSOL_RESPONSE_OEM_HOOK_RAW, mPermissionType:0
03-01 18:23:02.987  2398  2421 I SarControl_Manager: processBandCallback, enter, type=4, sub=0, bundle_key1=1
03-01 18:23:02.988  2398  8172 I SarControl_Manager: handleBigPowerCallback, enter, sub=0, powerState=1, is_sub0_big_power=0, is_sub1_big_power=-1
03-01 18:23:02.988  2398  8172 I SarControl_Manager: handleBigPowerCallback, end, isChange=true
03-01 18:23:02.988  2398  8172 W SarControl_Manager: registerGSensor, g_sensor is not legal, not continue, mExistRuleCondition: value, is_sub0_voice=1, is_sub1_voice=1, is_wifi_ap_opened=0, is_sub0_big_power=1, is_sub1_big_power=1, is_wifi_connected=1, is_near_light=1, is_cell_sar_sensor=1, sub0_cell_band=47, sub1_cell_band=47, is_headset_insert=0, sar_cell_reduce=1, sar_wifi_reduce=12
03-01 18:23:02.988  2398  8172 I SarControl_Manager: registerSarSensor, enter
03-01 18:23:02.990  1796  2606 I qti_sensors_hal: batch,376,handle 14, timeout:0 ,period_ns:200000000
03-01 18:23:02.990  1796  2606 I qti_sensors_hal: batch:sensor(com.qti.sensor.sar) handle:14 flags:0x0 period_ns 200000000
03-01 18:23:02.990  1796  2606 I qti_sensors_hal: batch:sensor(com.qti.sensor.sar) sample_rate=5.000000Hz report_rate_f=0.000000Hz curr sample rate:5.000000 cur rpt rate:0 max:15.000000 min:0.015259
03-01 18:23:02.990  1796  2606 I qti_sensors_hal: batch: current sample rate, report rate & buffering are equal to requested (5.000000,0.000000,0)
03-01 18:23:02.990  1796  2606 I qti_sensors_hal: activate: handle is 14, en is 1
03-01 18:23:02.990  1796  2606 I qti_sensors_hal: activate: 295 activate sensors is 12020800004003
03-01 18:23:02.990  1796  2606 I qti_sensors_hal: enable,95:handle is 14, en is 1
03-01 18:23:02.991   674  1709 E bdatd   : [SensorStat.cpp] setState# sensor not found
03-01 18:23:02.994  2398  8172 I SarControl_Manager: registerSarSensor: end, mIsSarSensorRegistered=true
03-01 18:23:02.994  2398  8172 I SarControl_Manager: checkStateAndHandle, enter, mHandler=Handler (com.huawei.sarcontrolservice.SarControlManager$3) {1ceaf69}
03-01 18:23:02.994  2398  8172 I SarControl_Manager: handleControlSAR, enter, find=false, mRuleDataCur value, is_sub0_voice=0, is_sub1_voice=0, is_wifi_ap_opened=0, is_sub0_big_power=1, is_wifi_connected=0, is_near_light=0, is_headset_insert=0, sar_cell_reduce=1mLastSarCellReduce=-1, mLastSarWifi24GHzReduce=-1, mLastSarWifi5GHzReduce=-1, mLastSarWifiReduce=-1
03-01 18:23:02.994  2398  8172 I SarControl_Manager: restoreSarToNormal, enter, mHasDownSarAntenna=-1, mHasDownSarWifi=-1, mLastSarWifi24GHzReduce=-1, mLastSarWifi5GHzReduce=-1
03-01 18:23:02.994  2398  8172 I SarControl_Manager: handleControlSAR, end, rst=false, mSarHasDownAntenna=-1, mSarHasDownWifi=-1, mLastSarWifi24GHzReduce=-1, mLastSarWifi5GHzReduce=-1
03-01 18:23:03.091  2768  2768 W ChimeraUtils: Non Chimera context
03-01 18:23:03.183  1796  1949 I qti_sensors_hal: [sar-sensor]processReportInd: x: P: 1.000000, diff: 2161.000000, data[2]: 0.000000
03-01 18:23:03.184  2398  2398 I SarControl_Manager: checkStateAndHandle, enter, mHandler=Handler (com.huawei.sarcontrolservice.SarControlManager$3) {1ceaf69}
03-01 18:23:03.185  2398  8172 I SarControl_Manager: handleControlSAR, enter, find=true, mRuleDataCur value, is_sub0_voice=0, is_sub1_voice=0, is_wifi_ap_opened=0, is_sub0_big_power=1, is_wifi_connected=0, is_near_light=0, is_cell_sar_sensor=1, is_headset_insert=0, sar_cell_reduce=1mLastSarCellReduce=-1, mLastSarWifi24GHzReduce=-1, mLastSarWifi5GHzReduce=-1, mLastSarWifiReduce=-1
03-01 18:23:03.185  2398  8172 I SarControl_Manager: setMaxTxPower, will call setMaxTxPower, type=1, power=1
03-01 18:23:03.189  2398  8172 I SarControl_Manager: setMaxTxPower, rst = true, type=DSI, power=1
03-01 18:23:03.190  2398  8172 I SarControl_Manager: handleControlSAR, end, rst=true, mSarHasDownAntenna=1, mSarHasDownWifi=-1, mLastSarWifi24GHzReduce=-1, mLastSarWifi5GHzReduce=-1
03-01 18:23:03.418   690   690 E         : [E/capacity_limit_control] not demo version, not set power control prop!
03-01 18:23:03.465  2768  2768 W ChimeraUtils: Non Chimera context
03-01 18:23:03.485  1796  1852 I EventHub: EventHub monitor: no key events in the past 43s, no motion events in the past 21s
03-01 18:23:03.510  1796  1796 I MQoS    : onSignal: mSubId=0,currDataSubID=0
03-01 18:23:03.510  1796  1796 I MQoS    : received cell-signal:5
03-01 18:23:03.510  1796  2499 I SendBroadcastPermission: action:android.intent.action.SIG_STR, mPermissionType:0
03-01 18:23:03.518  2171  2254 I HwMobileSignalController: subId:0 phoneType:1 networktype:13 targetClass:3 masterLevel:4 slaveLevel:-1
03-01 18:23:03.636  1796  2001 I HwFingersSnapshooter: handleMotionEvent first finger(0) touch down at (965.0,539.0)
03-01 18:23:03.685  1796  2001 I HwFingersSnapshooter: handleMotionEvent last finger(0) up 
03-01 18:23:03.686  1796  1845 W HwPolicyFactoryImpl: mAware is disable
03-01 18:23:03.759  1796  4272 I LocationManagerService: getProviders()=[]
03-01 18:23:03.765 11970 12079 I         : send start state to pg
03-01 18:23:03.767  2422  2564 I AudioState: start from wilhelm, pid: 11970 sessionId: 65
03-01 18:23:03.767  2422  2564 I PGServer: report state:2 event type:1 pid:11970 uid:10233 pkg:null to pid: 1796
03-01 18:23:03.858  1796  3404 I LocationManagerService: getProviders()=[]
03-01 18:23:03.871  2768  2768 W ChimeraUtils: Non Chimera context
03-01 18:23:03.927  1796  2484 I LocationManagerService: getProviders()=[]
03-01 18:23:03.936  1796  2001 I HwFingersSnapshooter: handleMotionEvent first finger(0) touch down at (943.0,572.0)
03-01 18:23:03.936  1796  2000 I InputDispatcher: touch process [11970], send to pg
03-01 18:23:03.952  1796  2001 I HwFingersSnapshooter: handleMotionEvent last finger(0) up 
03-01 18:23:03.993 11970 12079 I         : counter >= 5, send pause/stop state to pg, counter: 0
03-01 18:23:03.994  2422  2564 I AudioState: stop from wilhelm, pid: 11970 sessionId: 65
03-01 18:23:03.994  2422  2564 I PGServer: report state:2 event type:2 pid:11970 uid:10233 pkg:null to pid: 1796
03-01 18:23:04.037 11970 12002 I Appboy v3.2.1 .bo.app.r: Adding request to dispatcher with parameters: 
03-01 18:23:04.037 11970 12002 I Appboy v3.2.1 .bo.app.r: {}
03-01 18:23:04.039  1796  3406 I LocationManagerService: getProviders()=[]
03-01 18:23:04.041  1796  2605 I qti_sensors_hal: batch,376,handle 0, timeout:0 ,period_ns:16666000
03-01 18:23:04.041  1796  2605 I qti_sensors_hal: batch:sensor(android.sensor.accelerometer) handle:0 flags:0x0 period_ns 16666000
03-01 18:23:04.042  2422  2564 I SensorState: sensor:1 enable:false uid:10233
03-01 18:23:04.042   399   399 I OEMINFO_NVM_CORE: compat_oeminfo_get_size: version v6
03-01 18:23:04.042   399   399 I OEMINFO_NVM_CORE: compat_oeminfo_read: version v6
03-01 18:23:04.042  2422  2564 I SensorState: removeSensor,mHandles:{7=1, 8=1, 1=1}
03-01 18:23:04.042   399   399 I OEMINFO_NVM_CORE: find oeminfo device /dev/block/bootdevice/by-name/oeminfo
03-01 18:23:04.042  2422  2564 I PGServer: report state:4 event type:2 pid:1 uid:10233 pkg:null to pid: 1796
03-01 18:23:04.044  1796  1949 I qti_sensors_hal: [ACC]processReportInd: X: 0.146561 Y: 0.103821 Z: 9.900314  x_offset:0.000000 y_offset:0.000000 z_offset:1.000000
03-01 18:23:04.046   399   399 E OEMINFO_NVM_CORE: oeminfo data not find !!!!
03-01 18:23:04.048   399   399 E OEMINFO_NVM_SERVER: oeminfo_read_data, fail to read oeminfo
03-01 18:23:04.048   399   399 E OEMINFO_NVM_SERVER: pid 1796, opration oeminfo_read FAIL
03-01 18:23:04.048  1796  2605 E         : rmt_oeminfo_read, get data from server fail
03-01 18:23:04.048  1796  2605 E qti_sensors_hal: load_acc_oeminf_data, 90: load data from oeminfo failed, ret_val=-1
03-01 18:23:04.048  1796  2605 E qti_sensors_hal: Final value: x_offset=0.000000, y_offset=0.000000, z_offset=1.000000
03-01 18:23:04.048  1796  2605 I qti_sensors_hal: batch:load_acc_oeminf_data x_offset:0.000000 y_offset:0.000000 z_offset:1.000000
03-01 18:23:04.048  1796  2605 I qti_sensors_hal: batch:sensor(android.sensor.accelerometer) sample_rate=60.002399Hz report_rate_f=0.000000Hz curr sample rate:60.002399 cur rpt rate:0 max:200.000000 min:1.000000
03-01 18:23:04.048  1796  2605 I qti_sensors_hal: batch: current sample rate, report rate & buffering are equal to requested (60.002399,0.000000,0)
03-01 18:23:04.049 11970 11970 I OmniturePlugin: onPause
03-01 18:23:04.064  1796  1949 I qti_sensors_hal: [ACC]processReportInd: X: 0.136017 Y: 0.120407 Z: 9.923279  x_offset:0.000000 y_offset:0.000000 z_offset:1.000000
03-01 18:23:04.083  1796  1949 I qti_sensors_hal: [ACC]processReportInd: X: 0.119690 Y: 0.113327 Z: 9.936783  x_offset:0.000000 y_offset:0.000000 z_offset:1.000000
03-01 18:23:04.104  1796  1949 I qti_sensors_hal: [ACC]processReportInd: X: 0.114853 Y: 0.112488 Z: 9.894714  x_offset:0.000000 y_offset:0.000000 z_offset:1.000000
03-01 18:23:04.116  1796  1949 I qti_sensors_hal: [ACC]processReportInd: X: 0.111786 Y: 0.109299 Z: 9.934921  x_offset:0.000000 y_offset:0.000000 z_offset:1.000000
03-01 18:23:04.121   779  1070 I AudioMixer: Pid:779 deleteTrackName(1)
03-01 18:23:04.126  2422  2564 I DeviceMonitor: last release audio mix uid:10233 pid:-2
03-01 18:23:04.132   779   844 I APM_AudioPolicyManager: stopOutput() output 13, stream 3, session 65
03-01 18:23:04.132   779   844 I APM_AudioPolicyManager: getNewOutputDevice() selected device 0
03-01 18:23:04.132   779   844 I APM_AudioPolicyManager: setOutputDevice() device 0x0000 delayMs 96 force 0
03-01 18:23:04.132   779   844 I APM_AudioPolicyManager: setOutputDevice() setting same device 0x0000 or null device
